<?xml version="1.0" encoding="ISO-8859-1" ?>
<link_info>
   <banner>TI ARM Linker PC v20.2.5.LTS</banner>
   <copyright>Copyright (c) 1996-2018 Texas Instruments Incorporated</copyright>
   <link_time>0x6254351b</link_time>
   <link_errors>0x0</link_errors>
   <output_file>FreeRTOS-base.out</output_file>
   <entry_point>
      <name>_c_int00_noargs</name>
      <address>0x5195</address>
   </entry_point>
   <input_file_list>
      <input_file id="fl-2">
         <path>.\</path>
         <kind>object</kind>
         <file>heap_4.obj</file>
         <name>heap_4.obj</name>
      </input_file>
      <input_file id="fl-3">
         <path>.\</path>
         <kind>object</kind>
         <file>main.obj</file>
         <name>main.obj</name>
      </input_file>
      <input_file id="fl-4">
         <path>.\</path>
         <kind>object</kind>
         <file>queue.obj</file>
         <name>queue.obj</name>
      </input_file>
      <input_file id="fl-5">
         <path>.\</path>
         <kind>object</kind>
         <file>startup_msp432p401r_ccs.obj</file>
         <name>startup_msp432p401r_ccs.obj</name>
      </input_file>
      <input_file id="fl-6">
         <path>.\</path>
         <kind>object</kind>
         <file>system_msp432p401r.obj</file>
         <name>system_msp432p401r.obj</name>
      </input_file>
      <input_file id="fl-7">
         <path>.\FreeRTOS\</path>
         <kind>object</kind>
         <file>croutine.obj</file>
         <name>croutine.obj</name>
      </input_file>
      <input_file id="fl-8">
         <path>.\FreeRTOS\</path>
         <kind>object</kind>
         <file>event_groups.obj</file>
         <name>event_groups.obj</name>
      </input_file>
      <input_file id="fl-9">
         <path>.\FreeRTOS\</path>
         <kind>object</kind>
         <file>list.obj</file>
         <name>list.obj</name>
      </input_file>
      <input_file id="fl-a">
         <path>.\FreeRTOS\</path>
         <kind>object</kind>
         <file>stream_buffer.obj</file>
         <name>stream_buffer.obj</name>
      </input_file>
      <input_file id="fl-b">
         <path>.\FreeRTOS\</path>
         <kind>object</kind>
         <file>tasks.obj</file>
         <name>tasks.obj</name>
      </input_file>
      <input_file id="fl-c">
         <path>.\FreeRTOS\</path>
         <kind>object</kind>
         <file>timers.obj</file>
         <name>timers.obj</name>
      </input_file>
      <input_file id="fl-d">
         <path>.\FreeRTOS\portable\</path>
         <kind>object</kind>
         <file>port.obj</file>
         <name>port.obj</name>
      </input_file>
      <input_file id="fl-e">
         <path>.\FreeRTOS\portable\</path>
         <kind>object</kind>
         <file>portasm.obj</file>
         <name>portasm.obj</name>
      </input_file>
      <input_file id="fl-12">
         <kind>object</kind>
         <file>&lt;internal&gt;</file>
         <name>&lt;internal&gt;</name>
      </input_file>
      <input_file id="fl-c8">
         <path>C:\ti\ccs1110\ccs\tools\compiler\ti-cgt-arm_20.2.5.LTS\lib\</path>
         <kind>archive</kind>
         <file>rtsv7M4_T_le_v4SPD16_eabi.lib</file>
         <name>memcpy_t2.asm.obj</name>
      </input_file>
      <input_file id="fl-c9">
         <path>C:\ti\ccs1110\ccs\tools\compiler\ti-cgt-arm_20.2.5.LTS\lib\</path>
         <kind>archive</kind>
         <file>rtsv7M4_T_le_v4SPD16_eabi.lib</file>
         <name>memset_t2.asm.obj</name>
      </input_file>
      <input_file id="fl-ca">
         <path>C:\ti\ccs1110\ccs\tools\compiler\ti-cgt-arm_20.2.5.LTS\lib\</path>
         <kind>archive</kind>
         <file>rtsv7M4_T_le_v4SPD16_eabi.lib</file>
         <name>copy_zero_init.c.obj</name>
      </input_file>
      <input_file id="fl-cb">
         <path>C:\ti\ccs1110\ccs\tools\compiler\ti-cgt-arm_20.2.5.LTS\lib\</path>
         <kind>archive</kind>
         <file>rtsv7M4_T_le_v4SPD16_eabi.lib</file>
         <name>copy_decompress_none.c.obj</name>
      </input_file>
      <input_file id="fl-cc">
         <path>C:\ti\ccs1110\ccs\tools\compiler\ti-cgt-arm_20.2.5.LTS\lib\</path>
         <kind>archive</kind>
         <file>rtsv7M4_T_le_v4SPD16_eabi.lib</file>
         <name>copy_decompress_lzss.c.obj</name>
      </input_file>
      <input_file id="fl-cd">
         <path>C:\ti\ccs1110\ccs\tools\compiler\ti-cgt-arm_20.2.5.LTS\lib\</path>
         <kind>archive</kind>
         <file>rtsv7M4_T_le_v4SPD16_eabi.lib</file>
         <name>boot_cortex_m.c.obj</name>
      </input_file>
      <input_file id="fl-ce">
         <path>C:\ti\ccs1110\ccs\tools\compiler\ti-cgt-arm_20.2.5.LTS\lib\</path>
         <kind>archive</kind>
         <file>rtsv7M4_T_le_v4SPD16_eabi.lib</file>
         <name>autoinit.c.obj</name>
      </input_file>
      <input_file id="fl-cf">
         <path>C:\ti\ccs1110\ccs\tools\compiler\ti-cgt-arm_20.2.5.LTS\lib\</path>
         <kind>archive</kind>
         <file>rtsv7M4_T_le_v4SPD16_eabi.lib</file>
         <name>pre_init.c.obj</name>
      </input_file>
      <input_file id="fl-d0">
         <path>C:\ti\ccs1110\ccs\tools\compiler\ti-cgt-arm_20.2.5.LTS\lib\</path>
         <kind>archive</kind>
         <file>rtsv7M4_T_le_v4SPD16_eabi.lib</file>
         <name>cpy_tbl.c.obj</name>
      </input_file>
      <input_file id="fl-d1">
         <path>C:\ti\ccs1110\ccs\tools\compiler\ti-cgt-arm_20.2.5.LTS\lib\</path>
         <kind>archive</kind>
         <file>rtsv7M4_T_le_v4SPD16_eabi.lib</file>
         <name>exit.c.obj</name>
      </input_file>
      <input_file id="fl-d2">
         <path>C:\ti\ccs1110\ccs\tools\compiler\ti-cgt-arm_20.2.5.LTS\lib\</path>
         <kind>archive</kind>
         <file>rtsv7M4_T_le_v4SPD16_eabi.lib</file>
         <name>_lock.c.obj</name>
      </input_file>
      <input_file id="fl-d3">
         <path>C:\ti\ccs1110\ccs\tools\compiler\ti-cgt-arm_20.2.5.LTS\lib\</path>
         <kind>archive</kind>
         <file>rtsv7M4_T_le_v4SPD16_eabi.lib</file>
         <name>args_main.c.obj</name>
      </input_file>
   </input_file_list>
   <object_component_list>
      <object_component id="oc-26">
         <name>.intvecs:retain</name>
         <load_address>0x0</load_address>
         <run_address>0x0</run_address>
         <size>0xe4</size>
         <input_file_ref idref="fl-5"/>
      </object_component>
      <object_component id="oc-bd">
         <name>.text</name>
         <load_address>0xe4</load_address>
         <run_address>0xe4</run_address>
         <size>0x27fc</size>
         <input_file_ref idref="fl-b"/>
      </object_component>
      <object_component id="oc-1f2">
         <name>.text</name>
         <load_address>0x28e0</load_address>
         <run_address>0x28e0</run_address>
         <size>0x1124</size>
         <input_file_ref idref="fl-4"/>
      </object_component>
      <object_component id="oc-15d">
         <name>.text</name>
         <load_address>0x3a04</load_address>
         <run_address>0x3a04</run_address>
         <size>0x720</size>
         <input_file_ref idref="fl-c"/>
      </object_component>
      <object_component id="oc-145">
         <name>.text</name>
         <load_address>0x4124</load_address>
         <run_address>0x4124</run_address>
         <size>0x454</size>
         <input_file_ref idref="fl-2"/>
      </object_component>
      <object_component id="oc-72">
         <name>.text</name>
         <load_address>0x4578</load_address>
         <run_address>0x4578</run_address>
         <size>0x438</size>
         <input_file_ref idref="fl-d"/>
      </object_component>
      <object_component id="oc-b0">
         <name>.text</name>
         <load_address>0x49b0</load_address>
         <run_address>0x49b0</run_address>
         <size>0x354</size>
         <input_file_ref idref="fl-6"/>
      </object_component>
      <object_component id="oc-14b">
         <name>.text</name>
         <load_address>0x4d04</load_address>
         <run_address>0x4d04</run_address>
         <size>0x12a</size>
         <input_file_ref idref="fl-9"/>
      </object_component>
      <object_component id="oc-6d">
         <name>.text</name>
         <load_address>0x4e30</load_address>
         <run_address>0x4e30</run_address>
         <size>0xda</size>
         <input_file_ref idref="fl-e"/>
      </object_component>
      <object_component id="oc-9e">
         <name>.text</name>
         <load_address>0x4f0c</load_address>
         <run_address>0x4f0c</run_address>
         <size>0xc4</size>
         <input_file_ref idref="fl-3"/>
      </object_component>
      <object_component id="oc-37">
         <name>.text</name>
         <load_address>0x4fd0</load_address>
         <run_address>0x4fd0</run_address>
         <size>0x9c</size>
         <input_file_ref idref="fl-c8"/>
      </object_component>
      <object_component id="oc-92">
         <name>.text</name>
         <load_address>0x506c</load_address>
         <run_address>0x506c</run_address>
         <size>0x7a</size>
         <input_file_ref idref="fl-c9"/>
      </object_component>
      <object_component id="oc-17">
         <name>.text:decompress:lzss:__TI_decompress_lzss</name>
         <load_address>0x50e6</load_address>
         <run_address>0x50e6</run_address>
         <size>0x68</size>
         <input_file_ref idref="fl-cc"/>
      </object_component>
      <object_component id="oc-105">
         <name>.text:__TI_auto_init_nobinit_nopinit:__TI_auto_init_nobinit_nopinit</name>
         <load_address>0x5150</load_address>
         <run_address>0x5150</run_address>
         <size>0x44</size>
         <input_file_ref idref="fl-ce"/>
      </object_component>
      <object_component id="oc-55">
         <name>.text:_c_int00_noargs:_c_int00_noargs</name>
         <load_address>0x5194</load_address>
         <run_address>0x5194</run_address>
         <size>0x34</size>
         <input_file_ref idref="fl-cd"/>
      </object_component>
      <object_component id="oc-1d">
         <name>.text:decompress:none:__TI_decompress_none</name>
         <load_address>0x51c8</load_address>
         <run_address>0x51c8</run_address>
         <size>0xe</size>
         <input_file_ref idref="fl-cb"/>
      </object_component>
      <object_component id="oc-67">
         <name>.text</name>
         <load_address>0x51d6</load_address>
         <run_address>0x51d6</run_address>
         <size>0xe</size>
         <input_file_ref idref="fl-5"/>
      </object_component>
      <object_component id="oc-49">
         <name>.text:decompress:ZI:__TI_zero_init</name>
         <load_address>0x51e4</load_address>
         <run_address>0x51e4</run_address>
         <size>0xc</size>
         <input_file_ref idref="fl-ca"/>
      </object_component>
      <object_component id="oc-98">
         <name>.text:_system_pre_init</name>
         <load_address>0x51f0</load_address>
         <run_address>0x51f0</run_address>
         <size>0x4</size>
         <input_file_ref idref="fl-cf"/>
      </object_component>
      <object_component id="oc-f9">
         <name>.text:abort:abort</name>
         <load_address>0x51f4</load_address>
         <run_address>0x51f4</run_address>
         <size>0x4</size>
         <input_file_ref idref="fl-d1"/>
      </object_component>
      <object_component id="oc-ba">
         <name>.const</name>
         <load_address>0x51f8</load_address>
         <run_address>0x51f8</run_address>
         <size>0x8</size>
         <input_file_ref idref="fl-d"/>
      </object_component>
      <object_component id="oc-166">
         <name>.const</name>
         <load_address>0x5200</load_address>
         <run_address>0x5200</run_address>
         <size>0x4</size>
         <input_file_ref idref="fl-b"/>
      </object_component>
      <object_component id="oc-2bf">
         <name>.cinit..data.load</name>
         <load_address>0x5208</load_address>
         <run_address>0x5208</run_address>
         <size>0x17</size>
      </object_component>
      <object_component id="oc-2bd">
         <name>__TI_handler_table</name>
         <load_address>0x5220</load_address>
         <run_address>0x5220</run_address>
         <size>0xc</size>
      </object_component>
      <object_component id="oc-2c0">
         <name>.cinit..bss.load</name>
         <load_address>0x5230</load_address>
         <run_address>0x5230</run_address>
         <size>0x8</size>
      </object_component>
      <object_component id="oc-2be">
         <name>__TI_cinit_table</name>
         <load_address>0x5238</load_address>
         <run_address>0x5238</run_address>
         <size>0x10</size>
      </object_component>
      <object_component id="oc-291">
         <name>.binit</name>
         <load_address>0x0</load_address>
         <run_address>0x0</run_address>
         <size>0x0</size>
      </object_component>
      <object_component id="oc-1de">
         <name>.data</name>
         <load_address>0x200081a0</load_address>
         <run_address>0x200081a0</run_address>
         <size>0x18</size>
         <input_file_ref idref="fl-2"/>
      </object_component>
      <object_component id="oc-ef">
         <name>.data</name>
         <load_address>0x200081dc</load_address>
         <run_address>0x200081dc</run_address>
         <size>0x4</size>
         <input_file_ref idref="fl-3"/>
      </object_component>
      <object_component id="oc-137">
         <name>.data</name>
         <load_address>0x200081e0</load_address>
         <run_address>0x200081e0</run_address>
         <size>0x4</size>
         <input_file_ref idref="fl-6"/>
      </object_component>
      <object_component id="oc-b7">
         <name>.data</name>
         <load_address>0x2000816c</load_address>
         <run_address>0x2000816c</run_address>
         <size>0x34</size>
         <input_file_ref idref="fl-b"/>
      </object_component>
      <object_component id="oc-1f8">
         <name>.data</name>
         <load_address>0x200081d0</load_address>
         <run_address>0x200081d0</run_address>
         <size>0xc</size>
         <input_file_ref idref="fl-c"/>
      </object_component>
      <object_component id="oc-c4">
         <name>.data</name>
         <load_address>0x200081b8</load_address>
         <run_address>0x200081b8</run_address>
         <size>0x18</size>
         <input_file_ref idref="fl-d"/>
      </object_component>
      <object_component id="oc-1e4">
         <name>.bss:ucHeap</name>
         <uninitialized>true</uninitialized>
         <run_address>0x20000000</run_address>
         <size>0x8000</size>
         <input_file_ref idref="fl-2"/>
      </object_component>
      <object_component id="oc-1e1">
         <name>.bss:xStart</name>
         <uninitialized>true</uninitialized>
         <run_address>0x20008164</run_address>
         <size>0x8</size>
         <input_file_ref idref="fl-2"/>
      </object_component>
      <object_component id="oc-151">
         <name>.bss:pxReadyTasksLists</name>
         <uninitialized>true</uninitialized>
         <run_address>0x20008000</run_address>
         <size>0xc8</size>
         <input_file_ref idref="fl-b"/>
      </object_component>
      <object_component id="oc-169">
         <name>.bss:xDelayedTaskList1</name>
         <uninitialized>true</uninitialized>
         <run_address>0x200080f0</run_address>
         <size>0x14</size>
         <input_file_ref idref="fl-b"/>
      </object_component>
      <object_component id="oc-16c">
         <name>.bss:xDelayedTaskList2</name>
         <uninitialized>true</uninitialized>
         <run_address>0x20008104</run_address>
         <size>0x14</size>
         <input_file_ref idref="fl-b"/>
      </object_component>
      <object_component id="oc-157">
         <name>.bss</name>
         <uninitialized>true</uninitialized>
         <run_address>0x20008154</run_address>
         <size>0x8</size>
         <input_file_ref idref="fl-b"/>
      </object_component>
      <object_component id="oc-163">
         <name>.bss:xPendingReadyList</name>
         <uninitialized>true</uninitialized>
         <run_address>0x20008118</run_address>
         <size>0x14</size>
         <input_file_ref idref="fl-b"/>
      </object_component>
      <object_component id="oc-154">
         <name>.bss:xTasksWaitingTermination</name>
         <uninitialized>true</uninitialized>
         <run_address>0x20008140</run_address>
         <size>0x14</size>
         <input_file_ref idref="fl-b"/>
      </object_component>
      <object_component id="oc-15a">
         <name>.bss:xSuspendedTaskList</name>
         <uninitialized>true</uninitialized>
         <run_address>0x2000812c</run_address>
         <size>0x14</size>
         <input_file_ref idref="fl-b"/>
      </object_component>
      <object_component id="oc-1fe">
         <name>.bss:xActiveTimerList1</name>
         <uninitialized>true</uninitialized>
         <run_address>0x200080c8</run_address>
         <size>0x14</size>
         <input_file_ref idref="fl-c"/>
      </object_component>
      <object_component id="oc-201">
         <name>.bss:xActiveTimerList2</name>
         <uninitialized>true</uninitialized>
         <run_address>0x200080dc</run_address>
         <size>0x14</size>
         <input_file_ref idref="fl-c"/>
      </object_component>
      <object_component id="oc-1fb">
         <name>.bss</name>
         <uninitialized>true</uninitialized>
         <run_address>0x2000815c</run_address>
         <size>0x8</size>
         <input_file_ref idref="fl-c"/>
      </object_component>
      <object_component id="oc-29">
         <name>.stack</name>
         <uninitialized>true</uninitialized>
         <run_address>0x2000fe00</run_address>
         <size>0x4</size>
         <input_file_ref idref="fl-cd"/>
      </object_component>
      <object_component id="oc-2c2">
         <name>.stack</name>
         <uninitialized>true</uninitialized>
         <run_address>0x2000fe00</run_address>
         <size>0x0</size>
      </object_component>
      <object_component id="oc-183">
         <name>.debug_info</name>
         <load_address>0x0</load_address>
         <run_address>0x0</run_address>
         <size>0x502</size>
         <input_file_ref idref="fl-2"/>
      </object_component>
      <object_component id="oc-1e5">
         <name>.debug_info</name>
         <load_address>0x502</load_address>
         <run_address>0x502</run_address>
         <size>0x11b</size>
         <input_file_ref idref="fl-2"/>
      </object_component>
      <object_component id="oc-1e2">
         <name>.debug_info</name>
         <load_address>0x61d</load_address>
         <run_address>0x61d</run_address>
         <size>0x11b</size>
         <input_file_ref idref="fl-2"/>
      </object_component>
      <object_component id="oc-1df">
         <name>.debug_info</name>
         <load_address>0x738</load_address>
         <run_address>0x738</run_address>
         <size>0x25b</size>
         <input_file_ref idref="fl-2"/>
      </object_component>
      <object_component id="oc-147">
         <name>.debug_info</name>
         <load_address>0x993</load_address>
         <run_address>0x993</run_address>
         <size>0xcc0</size>
         <input_file_ref idref="fl-2"/>
      </object_component>
      <object_component id="oc-f4">
         <name>.debug_info</name>
         <load_address>0x1653</load_address>
         <run_address>0x1653</run_address>
         <size>0x315</size>
         <input_file_ref idref="fl-2"/>
      </object_component>
      <object_component id="oc-1ca">
         <name>.debug_info</name>
         <load_address>0x1968</load_address>
         <run_address>0x1968</run_address>
         <size>0x110</size>
         <input_file_ref idref="fl-2"/>
      </object_component>
      <object_component id="oc-da">
         <name>.debug_info</name>
         <load_address>0x1a78</load_address>
         <run_address>0x1a78</run_address>
         <size>0x26b</size>
         <input_file_ref idref="fl-2"/>
      </object_component>
      <object_component id="oc-1d9">
         <name>.debug_info</name>
         <load_address>0x1ce3</load_address>
         <run_address>0x1ce3</run_address>
         <size>0x48b</size>
         <input_file_ref idref="fl-2"/>
      </object_component>
      <object_component id="oc-21b">
         <name>.debug_info</name>
         <load_address>0x216e</load_address>
         <run_address>0x216e</run_address>
         <size>0x62</size>
         <input_file_ref idref="fl-2"/>
      </object_component>
      <object_component id="oc-220">
         <name>.debug_info</name>
         <load_address>0x21d0</load_address>
         <run_address>0x21d0</run_address>
         <size>0x109</size>
         <input_file_ref idref="fl-2"/>
      </object_component>
      <object_component id="oc-32">
         <name>.debug_info</name>
         <load_address>0x22d9</load_address>
         <run_address>0x22d9</run_address>
         <size>0x84</size>
         <input_file_ref idref="fl-2"/>
      </object_component>
      <object_component id="oc-c9">
         <name>.debug_info</name>
         <load_address>0x235d</load_address>
         <run_address>0x235d</run_address>
         <size>0x2c</size>
         <input_file_ref idref="fl-2"/>
      </object_component>
      <object_component id="oc-184">
         <name>.debug_info</name>
         <load_address>0x2389</load_address>
         <run_address>0x2389</run_address>
         <size>0x2a4</size>
         <input_file_ref idref="fl-2"/>
      </object_component>
      <object_component id="oc-d3">
         <name>.debug_info</name>
         <load_address>0x262d</load_address>
         <run_address>0x262d</run_address>
         <size>0xbb</size>
         <input_file_ref idref="fl-2"/>
      </object_component>
      <object_component id="oc-ce">
         <name>.debug_info</name>
         <load_address>0x26e8</load_address>
         <run_address>0x26e8</run_address>
         <size>0x53</size>
         <input_file_ref idref="fl-2"/>
      </object_component>
      <object_component id="oc-179">
         <name>.debug_info</name>
         <load_address>0x273b</load_address>
         <run_address>0x273b</run_address>
         <size>0x14c</size>
         <input_file_ref idref="fl-2"/>
      </object_component>
      <object_component id="oc-f3">
         <name>.debug_info</name>
         <load_address>0x2887</load_address>
         <run_address>0x2887</run_address>
         <size>0x702</size>
         <input_file_ref idref="fl-3"/>
      </object_component>
      <object_component id="oc-f0">
         <name>.debug_info</name>
         <load_address>0x2f89</load_address>
         <run_address>0x2f89</run_address>
         <size>0xec</size>
         <input_file_ref idref="fl-3"/>
      </object_component>
      <object_component id="oc-9f">
         <name>.debug_info</name>
         <load_address>0x3075</load_address>
         <run_address>0x3075</run_address>
         <size>0x353</size>
         <input_file_ref idref="fl-3"/>
      </object_component>
      <object_component id="oc-18d">
         <name>.debug_info</name>
         <load_address>0x33c8</load_address>
         <run_address>0x33c8</run_address>
         <size>0x37e2</size>
         <input_file_ref idref="fl-3"/>
      </object_component>
      <object_component id="oc-192">
         <name>.debug_info</name>
         <load_address>0x6baa</load_address>
         <run_address>0x6baa</run_address>
         <size>0x1055</size>
         <input_file_ref idref="fl-3"/>
      </object_component>
      <object_component id="oc-19c">
         <name>.debug_info</name>
         <load_address>0x7bff</load_address>
         <run_address>0x7bff</run_address>
         <size>0x48b</size>
         <input_file_ref idref="fl-3"/>
      </object_component>
      <object_component id="oc-197">
         <name>.debug_info</name>
         <load_address>0x808a</load_address>
         <run_address>0x808a</run_address>
         <size>0xcc</size>
         <input_file_ref idref="fl-3"/>
      </object_component>
      <object_component id="oc-247">
         <name>.debug_info</name>
         <load_address>0x8156</load_address>
         <run_address>0x8156</run_address>
         <size>0x909</size>
         <input_file_ref idref="fl-4"/>
      </object_component>
      <object_component id="oc-1f3">
         <name>.debug_info</name>
         <load_address>0x8a5f</load_address>
         <run_address>0x8a5f</run_address>
         <size>0x3979</size>
         <input_file_ref idref="fl-4"/>
      </object_component>
      <object_component id="oc-289">
         <name>.debug_info</name>
         <load_address>0xc3d8</load_address>
         <run_address>0xc3d8</run_address>
         <size>0x1ef</size>
         <input_file_ref idref="fl-4"/>
      </object_component>
      <object_component id="oc-251">
         <name>.debug_info</name>
         <load_address>0xc5c7</load_address>
         <run_address>0xc5c7</run_address>
         <size>0x46</size>
         <input_file_ref idref="fl-4"/>
      </object_component>
      <object_component id="oc-1cf">
         <name>.debug_info</name>
         <load_address>0xc60d</load_address>
         <run_address>0xc60d</run_address>
         <size>0x35</size>
         <input_file_ref idref="fl-4"/>
      </object_component>
      <object_component id="oc-7a">
         <name>.debug_info</name>
         <load_address>0xc642</load_address>
         <run_address>0xc642</run_address>
         <size>0x347</size>
         <input_file_ref idref="fl-5"/>
      </object_component>
      <object_component id="oc-27">
         <name>.debug_info</name>
         <load_address>0xc989</load_address>
         <run_address>0xc989</run_address>
         <size>0xf3</size>
         <input_file_ref idref="fl-5"/>
      </object_component>
      <object_component id="oc-6a">
         <name>.debug_info</name>
         <load_address>0xca7c</load_address>
         <run_address>0xca7c</run_address>
         <size>0x1ba</size>
         <input_file_ref idref="fl-5"/>
      </object_component>
      <object_component id="oc-138">
         <name>.debug_info</name>
         <load_address>0xcc36</load_address>
         <run_address>0xcc36</run_address>
         <size>0xec</size>
         <input_file_ref idref="fl-6"/>
      </object_component>
      <object_component id="oc-b2">
         <name>.debug_info</name>
         <load_address>0xcd22</load_address>
         <run_address>0xcd22</run_address>
         <size>0x25e</size>
         <input_file_ref idref="fl-6"/>
      </object_component>
      <object_component id="oc-218">
         <name>.debug_info</name>
         <load_address>0xcf80</load_address>
         <run_address>0xcf80</run_address>
         <size>0x244</size>
         <input_file_ref idref="fl-7"/>
      </object_component>
      <object_component id="oc-17e">
         <name>.debug_info</name>
         <load_address>0xd1c4</load_address>
         <run_address>0xd1c4</run_address>
         <size>0x48b</size>
         <input_file_ref idref="fl-7"/>
      </object_component>
      <object_component id="oc-267">
         <name>.debug_info</name>
         <load_address>0xd64f</load_address>
         <run_address>0xd64f</run_address>
         <size>0xcc</size>
         <input_file_ref idref="fl-7"/>
      </object_component>
      <object_component id="oc-174">
         <name>.debug_info</name>
         <load_address>0xd71b</load_address>
         <run_address>0xd71b</run_address>
         <size>0x53</size>
         <input_file_ref idref="fl-7"/>
      </object_component>
      <object_component id="oc-246">
         <name>.debug_info</name>
         <load_address>0xd76e</load_address>
         <run_address>0xd76e</run_address>
         <size>0x69f</size>
         <input_file_ref idref="fl-8"/>
      </object_component>
      <object_component id="oc-27d">
         <name>.debug_info</name>
         <load_address>0xde0d</load_address>
         <run_address>0xde0d</run_address>
         <size>0x76</size>
         <input_file_ref idref="fl-8"/>
      </object_component>
      <object_component id="oc-282">
         <name>.debug_info</name>
         <load_address>0xde83</load_address>
         <run_address>0xde83</run_address>
         <size>0x39</size>
         <input_file_ref idref="fl-8"/>
      </object_component>
      <object_component id="oc-1c5">
         <name>.debug_info</name>
         <load_address>0xdebc</load_address>
         <run_address>0xdebc</run_address>
         <size>0x4f</size>
         <input_file_ref idref="fl-8"/>
      </object_component>
      <object_component id="oc-1e9">
         <name>.debug_info</name>
         <load_address>0xdf0b</load_address>
         <run_address>0xdf0b</run_address>
         <size>0x39d</size>
         <input_file_ref idref="fl-9"/>
      </object_component>
      <object_component id="oc-14c">
         <name>.debug_info</name>
         <load_address>0xe2a8</load_address>
         <run_address>0xe2a8</run_address>
         <size>0x563</size>
         <input_file_ref idref="fl-9"/>
      </object_component>
      <object_component id="oc-e6">
         <name>.debug_info</name>
         <load_address>0xe80b</load_address>
         <run_address>0xe80b</run_address>
         <size>0x2c</size>
         <input_file_ref idref="fl-a"/>
      </object_component>
      <object_component id="oc-13d">
         <name>.debug_info</name>
         <load_address>0xe837</load_address>
         <run_address>0xe837</run_address>
         <size>0x8b8</size>
         <input_file_ref idref="fl-b"/>
      </object_component>
      <object_component id="oc-b8">
         <name>.debug_info</name>
         <load_address>0xf0ef</load_address>
         <run_address>0xf0ef</run_address>
         <size>0x354</size>
         <input_file_ref idref="fl-b"/>
      </object_component>
      <object_component id="oc-152">
         <name>.debug_info</name>
         <load_address>0xf443</load_address>
         <run_address>0xf443</run_address>
         <size>0xfd</size>
         <input_file_ref idref="fl-b"/>
      </object_component>
      <object_component id="oc-16a">
         <name>.debug_info</name>
         <load_address>0xf540</load_address>
         <run_address>0xf540</run_address>
         <size>0xfd</size>
         <input_file_ref idref="fl-b"/>
      </object_component>
      <object_component id="oc-16d">
         <name>.debug_info</name>
         <load_address>0xf63d</load_address>
         <run_address>0xf63d</run_address>
         <size>0xfd</size>
         <input_file_ref idref="fl-b"/>
      </object_component>
      <object_component id="oc-158">
         <name>.debug_info</name>
         <load_address>0xf73a</load_address>
         <run_address>0xf73a</run_address>
         <size>0x140</size>
         <input_file_ref idref="fl-b"/>
      </object_component>
      <object_component id="oc-164">
         <name>.debug_info</name>
         <load_address>0xf87a</load_address>
         <run_address>0xf87a</run_address>
         <size>0xfd</size>
         <input_file_ref idref="fl-b"/>
      </object_component>
      <object_component id="oc-155">
         <name>.debug_info</name>
         <load_address>0xf977</load_address>
         <run_address>0xf977</run_address>
         <size>0x10b</size>
         <input_file_ref idref="fl-b"/>
      </object_component>
      <object_component id="oc-15b">
         <name>.debug_info</name>
         <load_address>0xfa82</load_address>
         <run_address>0xfa82</run_address>
         <size>0xff</size>
         <input_file_ref idref="fl-b"/>
      </object_component>
      <object_component id="oc-167">
         <name>.debug_info</name>
         <load_address>0xfb81</load_address>
         <run_address>0xfb81</run_address>
         <size>0xfe</size>
         <input_file_ref idref="fl-b"/>
      </object_component>
      <object_component id="oc-c0">
         <name>.debug_info</name>
         <load_address>0xfc7f</load_address>
         <run_address>0xfc7f</run_address>
         <size>0x655c</size>
         <input_file_ref idref="fl-b"/>
      </object_component>
      <object_component id="oc-13e">
         <name>.debug_info</name>
         <load_address>0x161db</load_address>
         <run_address>0x161db</run_address>
         <size>0x30c</size>
         <input_file_ref idref="fl-b"/>
      </object_component>
      <object_component id="oc-1d4">
         <name>.debug_info</name>
         <load_address>0x164e7</load_address>
         <run_address>0x164e7</run_address>
         <size>0x16f</size>
         <input_file_ref idref="fl-b"/>
      </object_component>
      <object_component id="oc-20a">
         <name>.debug_info</name>
         <load_address>0x16656</load_address>
         <run_address>0x16656</run_address>
         <size>0x83e</size>
         <input_file_ref idref="fl-c"/>
      </object_component>
      <object_component id="oc-1ff">
         <name>.debug_info</name>
         <load_address>0x16e94</load_address>
         <run_address>0x16e94</run_address>
         <size>0xfd</size>
         <input_file_ref idref="fl-c"/>
      </object_component>
      <object_component id="oc-202">
         <name>.debug_info</name>
         <load_address>0x16f91</load_address>
         <run_address>0x16f91</run_address>
         <size>0xfd</size>
         <input_file_ref idref="fl-c"/>
      </object_component>
      <object_component id="oc-1fc">
         <name>.debug_info</name>
         <load_address>0x1708e</load_address>
         <run_address>0x1708e</run_address>
         <size>0x135</size>
         <input_file_ref idref="fl-c"/>
      </object_component>
      <object_component id="oc-1f9">
         <name>.debug_info</name>
         <load_address>0x171c3</load_address>
         <run_address>0x171c3</run_address>
         <size>0x121</size>
         <input_file_ref idref="fl-c"/>
      </object_component>
      <object_component id="oc-15e">
         <name>.debug_info</name>
         <load_address>0x172e4</load_address>
         <run_address>0x172e4</run_address>
         <size>0x2228</size>
         <input_file_ref idref="fl-c"/>
      </object_component>
      <object_component id="oc-20b">
         <name>.debug_info</name>
         <load_address>0x1950c</load_address>
         <run_address>0x1950c</run_address>
         <size>0x1ce</size>
         <input_file_ref idref="fl-c"/>
      </object_component>
      <object_component id="oc-258">
         <name>.debug_info</name>
         <load_address>0x196da</load_address>
         <run_address>0x196da</run_address>
         <size>0x4f</size>
         <input_file_ref idref="fl-c"/>
      </object_component>
      <object_component id="oc-205">
         <name>.debug_info</name>
         <load_address>0x19729</load_address>
         <run_address>0x19729</run_address>
         <size>0x46</size>
         <input_file_ref idref="fl-c"/>
      </object_component>
      <object_component id="oc-c8">
         <name>.debug_info</name>
         <load_address>0x1976f</load_address>
         <run_address>0x1976f</run_address>
         <size>0x511</size>
         <input_file_ref idref="fl-d"/>
      </object_component>
      <object_component id="oc-bb">
         <name>.debug_info</name>
         <load_address>0x19c80</load_address>
         <run_address>0x19c80</run_address>
         <size>0x15c</size>
         <input_file_ref idref="fl-d"/>
      </object_component>
      <object_component id="oc-c5">
         <name>.debug_info</name>
         <load_address>0x19ddc</load_address>
         <run_address>0x19ddc</run_address>
         <size>0x237</size>
         <input_file_ref idref="fl-d"/>
      </object_component>
      <object_component id="oc-73">
         <name>.debug_info</name>
         <load_address>0x1a013</load_address>
         <run_address>0x1a013</run_address>
         <size>0xa60</size>
         <input_file_ref idref="fl-d"/>
      </object_component>
      <object_component id="oc-70">
         <name>.debug_info</name>
         <load_address>0x1aa73</load_address>
         <run_address>0x1aa73</run_address>
         <size>0x249</size>
         <input_file_ref idref="fl-e"/>
      </object_component>
      <object_component id="oc-38">
         <name>.debug_info</name>
         <load_address>0x1acbc</load_address>
         <run_address>0x1acbc</run_address>
         <size>0x119</size>
         <input_file_ref idref="fl-c8"/>
      </object_component>
      <object_component id="oc-93">
         <name>.debug_info</name>
         <load_address>0x1add5</load_address>
         <run_address>0x1add5</run_address>
         <size>0x147</size>
         <input_file_ref idref="fl-c9"/>
      </object_component>
      <object_component id="oc-91">
         <name>.debug_info</name>
         <load_address>0x1af1c</load_address>
         <run_address>0x1af1c</run_address>
         <size>0x2d4</size>
         <input_file_ref idref="fl-ca"/>
      </object_component>
      <object_component id="oc-4d">
         <name>.debug_info</name>
         <load_address>0x1b1f0</load_address>
         <run_address>0x1b1f0</run_address>
         <size>0x1b5</size>
         <input_file_ref idref="fl-ca"/>
      </object_component>
      <object_component id="oc-8c">
         <name>.debug_info</name>
         <load_address>0x1b3a5</load_address>
         <run_address>0x1b3a5</run_address>
         <size>0x46</size>
         <input_file_ref idref="fl-ca"/>
      </object_component>
      <object_component id="oc-42">
         <name>.debug_info</name>
         <load_address>0x1b3eb</load_address>
         <run_address>0x1b3eb</run_address>
         <size>0x2a8</size>
         <input_file_ref idref="fl-cb"/>
      </object_component>
      <object_component id="oc-21">
         <name>.debug_info</name>
         <load_address>0x1b693</load_address>
         <run_address>0x1b693</run_address>
         <size>0x1ea</size>
         <input_file_ref idref="fl-cb"/>
      </object_component>
      <object_component id="oc-3d">
         <name>.debug_info</name>
         <load_address>0x1b87d</load_address>
         <run_address>0x1b87d</run_address>
         <size>0x46</size>
         <input_file_ref idref="fl-cb"/>
      </object_component>
      <object_component id="oc-84">
         <name>.debug_info</name>
         <load_address>0x1b8c3</load_address>
         <run_address>0x1b8c3</run_address>
         <size>0x2c</size>
         <input_file_ref idref="fl-cb"/>
      </object_component>
      <object_component id="oc-82">
         <name>.debug_info</name>
         <load_address>0x1b8ef</load_address>
         <run_address>0x1b8ef</run_address>
         <size>0x29e</size>
         <input_file_ref idref="fl-cc"/>
      </object_component>
      <object_component id="oc-1b">
         <name>.debug_info</name>
         <load_address>0x1bb8d</load_address>
         <run_address>0x1bb8d</run_address>
         <size>0x250</size>
         <input_file_ref idref="fl-cc"/>
      </object_component>
      <object_component id="oc-2d">
         <name>.debug_info</name>
         <load_address>0x1bddd</load_address>
         <run_address>0x1bddd</run_address>
         <size>0x60</size>
         <input_file_ref idref="fl-cc"/>
      </object_component>
      <object_component id="oc-df">
         <name>.debug_info</name>
         <load_address>0x1be3d</load_address>
         <run_address>0x1be3d</run_address>
         <size>0x46</size>
         <input_file_ref idref="fl-cc"/>
      </object_component>
      <object_component id="oc-7d">
         <name>.debug_info</name>
         <load_address>0x1be83</load_address>
         <run_address>0x1be83</run_address>
         <size>0x39</size>
         <input_file_ref idref="fl-cc"/>
      </object_component>
      <object_component id="oc-2a">
         <name>.debug_info</name>
         <load_address>0x1bebc</load_address>
         <run_address>0x1bebc</run_address>
         <size>0x10b</size>
         <input_file_ref idref="fl-cd"/>
      </object_component>
      <object_component id="oc-59">
         <name>.debug_info</name>
         <load_address>0x1bfc7</load_address>
         <run_address>0x1bfc7</run_address>
         <size>0x1a9</size>
         <input_file_ref idref="fl-cd"/>
      </object_component>
      <object_component id="oc-1ac">
         <name>.debug_info</name>
         <load_address>0x1c170</load_address>
         <run_address>0x1c170</run_address>
         <size>0x4b3</size>
         <input_file_ref idref="fl-ce"/>
      </object_component>
      <object_component id="oc-106">
         <name>.debug_info</name>
         <load_address>0x1c623</load_address>
         <run_address>0x1c623</run_address>
         <size>0x1a6</size>
         <input_file_ref idref="fl-ce"/>
      </object_component>
      <object_component id="oc-235">
         <name>.debug_info</name>
         <load_address>0x1c7c9</load_address>
         <run_address>0x1c7c9</run_address>
         <size>0x39</size>
         <input_file_ref idref="fl-ce"/>
      </object_component>
      <object_component id="oc-26f">
         <name>.debug_info</name>
         <load_address>0x1c802</load_address>
         <run_address>0x1c802</run_address>
         <size>0x39</size>
         <input_file_ref idref="fl-ce"/>
      </object_component>
      <object_component id="oc-23a">
         <name>.debug_info</name>
         <load_address>0x1c83b</load_address>
         <run_address>0x1c83b</run_address>
         <size>0x39</size>
         <input_file_ref idref="fl-ce"/>
      </object_component>
      <object_component id="oc-23f">
         <name>.debug_info</name>
         <load_address>0x1c874</load_address>
         <run_address>0x1c874</run_address>
         <size>0xcd</size>
         <input_file_ref idref="fl-ce"/>
      </object_component>
      <object_component id="oc-9c">
         <name>.debug_info</name>
         <load_address>0x1c941</load_address>
         <run_address>0x1c941</run_address>
         <size>0x153</size>
         <input_file_ref idref="fl-cf"/>
      </object_component>
      <object_component id="oc-fc">
         <name>.debug_info</name>
         <load_address>0x1ca94</load_address>
         <run_address>0x1ca94</run_address>
         <size>0x122</size>
         <input_file_ref idref="fl-d1"/>
      </object_component>
      <object_component id="oc-2c3">
         <name>.debug_info</name>
         <load_address>0x1cbb6</load_address>
         <run_address>0x1cbb6</run_address>
         <size>0x9f</size>
      </object_component>
      <object_component id="oc-21a">
         <name>.debug_line</name>
         <load_address>0x0</load_address>
         <run_address>0x0</run_address>
         <size>0x122</size>
         <input_file_ref idref="fl-2"/>
      </object_component>
      <object_component id="oc-24d">
         <name>.debug_line</name>
         <load_address>0x122</load_address>
         <run_address>0x122</run_address>
         <size>0x7d</size>
         <input_file_ref idref="fl-2"/>
      </object_component>
      <object_component id="oc-24b">
         <name>.debug_line</name>
         <load_address>0x19f</load_address>
         <run_address>0x19f</run_address>
         <size>0x7d</size>
         <input_file_ref idref="fl-2"/>
      </object_component>
      <object_component id="oc-249">
         <name>.debug_line</name>
         <load_address>0x21c</load_address>
         <run_address>0x21c</run_address>
         <size>0x7d</size>
         <input_file_ref idref="fl-2"/>
      </object_component>
      <object_component id="oc-146">
         <name>.debug_line</name>
         <load_address>0x299</load_address>
         <run_address>0x299</run_address>
         <size>0x230</size>
         <input_file_ref idref="fl-2"/>
      </object_component>
      <object_component id="oc-f7">
         <name>.debug_line</name>
         <load_address>0x4c9</load_address>
         <run_address>0x4c9</run_address>
         <size>0x99</size>
         <input_file_ref idref="fl-2"/>
      </object_component>
      <object_component id="oc-1cd">
         <name>.debug_line</name>
         <load_address>0x562</load_address>
         <run_address>0x562</run_address>
         <size>0x6b</size>
         <input_file_ref idref="fl-2"/>
      </object_component>
      <object_component id="oc-dd">
         <name>.debug_line</name>
         <load_address>0x5cd</load_address>
         <run_address>0x5cd</run_address>
         <size>0x6f</size>
         <input_file_ref idref="fl-2"/>
      </object_component>
      <object_component id="oc-1dc">
         <name>.debug_line</name>
         <load_address>0x63c</load_address>
         <run_address>0x63c</run_address>
         <size>0x9d</size>
         <input_file_ref idref="fl-2"/>
      </object_component>
      <object_component id="oc-21e">
         <name>.debug_line</name>
         <load_address>0x6d9</load_address>
         <run_address>0x6d9</run_address>
         <size>0x7d</size>
         <input_file_ref idref="fl-2"/>
      </object_component>
      <object_component id="oc-223">
         <name>.debug_line</name>
         <load_address>0x756</load_address>
         <run_address>0x756</run_address>
         <size>0x9d</size>
         <input_file_ref idref="fl-2"/>
      </object_component>
      <object_component id="oc-35">
         <name>.debug_line</name>
         <load_address>0x7f3</load_address>
         <run_address>0x7f3</run_address>
         <size>0x20</size>
         <input_file_ref idref="fl-2"/>
      </object_component>
      <object_component id="oc-cc">
         <name>.debug_line</name>
         <load_address>0x813</load_address>
         <run_address>0x813</run_address>
         <size>0x9d</size>
         <input_file_ref idref="fl-2"/>
      </object_component>
      <object_component id="oc-187">
         <name>.debug_line</name>
         <load_address>0x8b0</load_address>
         <run_address>0x8b0</run_address>
         <size>0x73</size>
         <input_file_ref idref="fl-2"/>
      </object_component>
      <object_component id="oc-d6">
         <name>.debug_line</name>
         <load_address>0x923</load_address>
         <run_address>0x923</run_address>
         <size>0x70</size>
         <input_file_ref idref="fl-2"/>
      </object_component>
      <object_component id="oc-d1">
         <name>.debug_line</name>
         <load_address>0x993</load_address>
         <run_address>0x993</run_address>
         <size>0x4c</size>
         <input_file_ref idref="fl-2"/>
      </object_component>
      <object_component id="oc-17c">
         <name>.debug_line</name>
         <load_address>0x9df</load_address>
         <run_address>0x9df</run_address>
         <size>0x99</size>
         <input_file_ref idref="fl-2"/>
      </object_component>
      <object_component id="oc-18c">
         <name>.debug_line</name>
         <load_address>0xa78</load_address>
         <run_address>0xa78</run_address>
         <size>0x99</size>
         <input_file_ref idref="fl-3"/>
      </object_component>
      <object_component id="oc-18a">
         <name>.debug_line</name>
         <load_address>0xb11</load_address>
         <run_address>0xb11</run_address>
         <size>0x2d</size>
         <input_file_ref idref="fl-3"/>
      </object_component>
      <object_component id="oc-a2">
         <name>.debug_line</name>
         <load_address>0xb3e</load_address>
         <run_address>0xb3e</run_address>
         <size>0xcf</size>
         <input_file_ref idref="fl-3"/>
      </object_component>
      <object_component id="oc-190">
         <name>.debug_line</name>
         <load_address>0xc0d</load_address>
         <run_address>0xc0d</run_address>
         <size>0x58</size>
         <input_file_ref idref="fl-3"/>
      </object_component>
      <object_component id="oc-195">
         <name>.debug_line</name>
         <load_address>0xc65</load_address>
         <run_address>0xc65</run_address>
         <size>0x5b</size>
         <input_file_ref idref="fl-3"/>
      </object_component>
      <object_component id="oc-19f">
         <name>.debug_line</name>
         <load_address>0xcc0</load_address>
         <run_address>0xcc0</run_address>
         <size>0x9d</size>
         <input_file_ref idref="fl-3"/>
      </object_component>
      <object_component id="oc-19a">
         <name>.debug_line</name>
         <load_address>0xd5d</load_address>
         <run_address>0xd5d</run_address>
         <size>0x6a</size>
         <input_file_ref idref="fl-3"/>
      </object_component>
      <object_component id="oc-288">
         <name>.debug_line</name>
         <load_address>0xdc7</load_address>
         <run_address>0xdc7</run_address>
         <size>0x1bb</size>
         <input_file_ref idref="fl-4"/>
      </object_component>
      <object_component id="oc-1f7">
         <name>.debug_line</name>
         <load_address>0xf82</load_address>
         <run_address>0xf82</run_address>
         <size>0x888</size>
         <input_file_ref idref="fl-4"/>
      </object_component>
      <object_component id="oc-28c">
         <name>.debug_line</name>
         <load_address>0x180a</load_address>
         <run_address>0x180a</run_address>
         <size>0x48</size>
         <input_file_ref idref="fl-4"/>
      </object_component>
      <object_component id="oc-254">
         <name>.debug_line</name>
         <load_address>0x1852</load_address>
         <run_address>0x1852</run_address>
         <size>0x9a</size>
         <input_file_ref idref="fl-4"/>
      </object_component>
      <object_component id="oc-1d2">
         <name>.debug_line</name>
         <load_address>0x18ec</load_address>
         <run_address>0x18ec</run_address>
         <size>0x74</size>
         <input_file_ref idref="fl-4"/>
      </object_component>
      <object_component id="oc-d9">
         <name>.debug_line</name>
         <load_address>0x1960</load_address>
         <run_address>0x1960</run_address>
         <size>0x40</size>
         <input_file_ref idref="fl-5"/>
      </object_component>
      <object_component id="oc-79">
         <name>.debug_line</name>
         <load_address>0x19a0</load_address>
         <run_address>0x19a0</run_address>
         <size>0x40</size>
         <input_file_ref idref="fl-5"/>
      </object_component>
      <object_component id="oc-68">
         <name>.debug_line</name>
         <load_address>0x19e0</load_address>
         <run_address>0x19e0</run_address>
         <size>0x71</size>
         <input_file_ref idref="fl-5"/>
      </object_component>
      <object_component id="oc-1c2">
         <name>.debug_line</name>
         <load_address>0x1a51</load_address>
         <run_address>0x1a51</run_address>
         <size>0x3b</size>
         <input_file_ref idref="fl-6"/>
      </object_component>
      <object_component id="oc-b1">
         <name>.debug_line</name>
         <load_address>0x1a8c</load_address>
         <run_address>0x1a8c</run_address>
         <size>0x13a</size>
         <input_file_ref idref="fl-6"/>
      </object_component>
      <object_component id="oc-266">
         <name>.debug_line</name>
         <load_address>0x1bc6</load_address>
         <run_address>0x1bc6</run_address>
         <size>0x20</size>
         <input_file_ref idref="fl-7"/>
      </object_component>
      <object_component id="oc-181">
         <name>.debug_line</name>
         <load_address>0x1be6</load_address>
         <run_address>0x1be6</run_address>
         <size>0x9d</size>
         <input_file_ref idref="fl-7"/>
      </object_component>
      <object_component id="oc-26a">
         <name>.debug_line</name>
         <load_address>0x1c83</load_address>
         <run_address>0x1c83</run_address>
         <size>0x9d</size>
         <input_file_ref idref="fl-7"/>
      </object_component>
      <object_component id="oc-177">
         <name>.debug_line</name>
         <load_address>0x1d20</load_address>
         <run_address>0x1d20</run_address>
         <size>0x6b</size>
         <input_file_ref idref="fl-7"/>
      </object_component>
      <object_component id="oc-27c">
         <name>.debug_line</name>
         <load_address>0x1d8b</load_address>
         <run_address>0x1d8b</run_address>
         <size>0x1bb</size>
         <input_file_ref idref="fl-8"/>
      </object_component>
      <object_component id="oc-280">
         <name>.debug_line</name>
         <load_address>0x1f46</load_address>
         <run_address>0x1f46</run_address>
         <size>0x4f</size>
         <input_file_ref idref="fl-8"/>
      </object_component>
      <object_component id="oc-285">
         <name>.debug_line</name>
         <load_address>0x1f95</load_address>
         <run_address>0x1f95</run_address>
         <size>0xa1</size>
         <input_file_ref idref="fl-8"/>
      </object_component>
      <object_component id="oc-1c8">
         <name>.debug_line</name>
         <load_address>0x2036</load_address>
         <run_address>0x2036</run_address>
         <size>0x9b</size>
         <input_file_ref idref="fl-8"/>
      </object_component>
      <object_component id="oc-24f">
         <name>.debug_line</name>
         <load_address>0x20d1</load_address>
         <run_address>0x20d1</run_address>
         <size>0x20</size>
         <input_file_ref idref="fl-9"/>
      </object_component>
      <object_component id="oc-14f">
         <name>.debug_line</name>
         <load_address>0x20f1</load_address>
         <run_address>0x20f1</run_address>
         <size>0xfa</size>
         <input_file_ref idref="fl-9"/>
      </object_component>
      <object_component id="oc-e9">
         <name>.debug_line</name>
         <load_address>0x21eb</load_address>
         <run_address>0x21eb</run_address>
         <size>0x6b</size>
         <input_file_ref idref="fl-a"/>
      </object_component>
      <object_component id="oc-1c4">
         <name>.debug_line</name>
         <load_address>0x2256</load_address>
         <run_address>0x2256</run_address>
         <size>0x281</size>
         <input_file_ref idref="fl-b"/>
      </object_component>
      <object_component id="oc-13c">
         <name>.debug_line</name>
         <load_address>0x24d7</load_address>
         <run_address>0x24d7</run_address>
         <size>0x48</size>
         <input_file_ref idref="fl-b"/>
      </object_component>
      <object_component id="oc-1eb">
         <name>.debug_line</name>
         <load_address>0x251f</load_address>
         <run_address>0x251f</run_address>
         <size>0x48</size>
         <input_file_ref idref="fl-b"/>
      </object_component>
      <object_component id="oc-215">
         <name>.debug_line</name>
         <load_address>0x2567</load_address>
         <run_address>0x2567</run_address>
         <size>0x48</size>
         <input_file_ref idref="fl-b"/>
      </object_component>
      <object_component id="oc-217">
         <name>.debug_line</name>
         <load_address>0x25af</load_address>
         <run_address>0x25af</run_address>
         <size>0x48</size>
         <input_file_ref idref="fl-b"/>
      </object_component>
      <object_component id="oc-1ef">
         <name>.debug_line</name>
         <load_address>0x25f7</load_address>
         <run_address>0x25f7</run_address>
         <size>0x48</size>
         <input_file_ref idref="fl-b"/>
      </object_component>
      <object_component id="oc-211">
         <name>.debug_line</name>
         <load_address>0x263f</load_address>
         <run_address>0x263f</run_address>
         <size>0x48</size>
         <input_file_ref idref="fl-b"/>
      </object_component>
      <object_component id="oc-1ed">
         <name>.debug_line</name>
         <load_address>0x2687</load_address>
         <run_address>0x2687</run_address>
         <size>0x48</size>
         <input_file_ref idref="fl-b"/>
      </object_component>
      <object_component id="oc-1f1">
         <name>.debug_line</name>
         <load_address>0x26cf</load_address>
         <run_address>0x26cf</run_address>
         <size>0x48</size>
         <input_file_ref idref="fl-b"/>
      </object_component>
      <object_component id="oc-213">
         <name>.debug_line</name>
         <load_address>0x2717</load_address>
         <run_address>0x2717</run_address>
         <size>0x48</size>
         <input_file_ref idref="fl-b"/>
      </object_component>
      <object_component id="oc-c2">
         <name>.debug_line</name>
         <load_address>0x275f</load_address>
         <run_address>0x275f</run_address>
         <size>0xf83</size>
         <input_file_ref idref="fl-b"/>
      </object_component>
      <object_component id="oc-141">
         <name>.debug_line</name>
         <load_address>0x36e2</load_address>
         <run_address>0x36e2</run_address>
         <size>0x99</size>
         <input_file_ref idref="fl-b"/>
      </object_component>
      <object_component id="oc-1d7">
         <name>.debug_line</name>
         <load_address>0x377b</load_address>
         <run_address>0x377b</run_address>
         <size>0x48</size>
         <input_file_ref idref="fl-b"/>
      </object_component>
      <object_component id="oc-264">
         <name>.debug_line</name>
         <load_address>0x37c3</load_address>
         <run_address>0x37c3</run_address>
         <size>0x235</size>
         <input_file_ref idref="fl-c"/>
      </object_component>
      <object_component id="oc-260">
         <name>.debug_line</name>
         <load_address>0x39f8</load_address>
         <run_address>0x39f8</run_address>
         <size>0x49</size>
         <input_file_ref idref="fl-c"/>
      </object_component>
      <object_component id="oc-262">
         <name>.debug_line</name>
         <load_address>0x3a41</load_address>
         <run_address>0x3a41</run_address>
         <size>0x49</size>
         <input_file_ref idref="fl-c"/>
      </object_component>
      <object_component id="oc-25e">
         <name>.debug_line</name>
         <load_address>0x3a8a</load_address>
         <run_address>0x3a8a</run_address>
         <size>0x49</size>
         <input_file_ref idref="fl-c"/>
      </object_component>
      <object_component id="oc-257">
         <name>.debug_line</name>
         <load_address>0x3ad3</load_address>
         <run_address>0x3ad3</run_address>
         <size>0x49</size>
         <input_file_ref idref="fl-c"/>
      </object_component>
      <object_component id="oc-161">
         <name>.debug_line</name>
         <load_address>0x3b1c</load_address>
         <run_address>0x3b1c</run_address>
         <size>0x4a6</size>
         <input_file_ref idref="fl-c"/>
      </object_component>
      <object_component id="oc-20e">
         <name>.debug_line</name>
         <load_address>0x3fc2</load_address>
         <run_address>0x3fc2</run_address>
         <size>0x49</size>
         <input_file_ref idref="fl-c"/>
      </object_component>
      <object_component id="oc-25b">
         <name>.debug_line</name>
         <load_address>0x400b</load_address>
         <run_address>0x400b</run_address>
         <size>0x9a</size>
         <input_file_ref idref="fl-c"/>
      </object_component>
      <object_component id="oc-208">
         <name>.debug_line</name>
         <load_address>0x40a5</load_address>
         <run_address>0x40a5</run_address>
         <size>0x9b</size>
         <input_file_ref idref="fl-c"/>
      </object_component>
      <object_component id="oc-173">
         <name>.debug_line</name>
         <load_address>0x4140</load_address>
         <run_address>0x4140</run_address>
         <size>0xc0</size>
         <input_file_ref idref="fl-d"/>
      </object_component>
      <object_component id="oc-144">
         <name>.debug_line</name>
         <load_address>0x4200</load_address>
         <run_address>0x4200</run_address>
         <size>0x47</size>
         <input_file_ref idref="fl-d"/>
      </object_component>
      <object_component id="oc-171">
         <name>.debug_line</name>
         <load_address>0x4247</load_address>
         <run_address>0x4247</run_address>
         <size>0x47</size>
         <input_file_ref idref="fl-d"/>
      </object_component>
      <object_component id="oc-77">
         <name>.debug_line</name>
         <load_address>0x428e</load_address>
         <run_address>0x428e</run_address>
         <size>0x1e6</size>
         <input_file_ref idref="fl-d"/>
      </object_component>
      <object_component id="oc-6e">
         <name>.debug_line</name>
         <load_address>0x4474</load_address>
         <run_address>0x4474</run_address>
         <size>0xdc</size>
         <input_file_ref idref="fl-e"/>
      </object_component>
      <object_component id="oc-3b">
         <name>.debug_line</name>
         <load_address>0x4550</load_address>
         <run_address>0x4550</run_address>
         <size>0x88</size>
         <input_file_ref idref="fl-c8"/>
      </object_component>
      <object_component id="oc-96">
         <name>.debug_line</name>
         <load_address>0x45d8</load_address>
         <run_address>0x45d8</run_address>
         <size>0x79</size>
         <input_file_ref idref="fl-c9"/>
      </object_component>
      <object_component id="oc-ec">
         <name>.debug_line</name>
         <load_address>0x4651</load_address>
         <run_address>0x4651</run_address>
         <size>0x92</size>
         <input_file_ref idref="fl-ca"/>
      </object_component>
      <object_component id="oc-4c">
         <name>.debug_line</name>
         <load_address>0x46e3</load_address>
         <run_address>0x46e3</run_address>
         <size>0x53</size>
         <input_file_ref idref="fl-ca"/>
      </object_component>
      <object_component id="oc-8f">
         <name>.debug_line</name>
         <load_address>0x4736</load_address>
         <run_address>0x4736</run_address>
         <size>0x34</size>
         <input_file_ref idref="fl-ca"/>
      </object_component>
      <object_component id="oc-8a">
         <name>.debug_line</name>
         <load_address>0x476a</load_address>
         <run_address>0x476a</run_address>
         <size>0x20</size>
         <input_file_ref idref="fl-cb"/>
      </object_component>
      <object_component id="oc-1e">
         <name>.debug_line</name>
         <load_address>0x478a</load_address>
         <run_address>0x478a</run_address>
         <size>0x55</size>
         <input_file_ref idref="fl-cb"/>
      </object_component>
      <object_component id="oc-40">
         <name>.debug_line</name>
         <load_address>0x47df</load_address>
         <run_address>0x47df</run_address>
         <size>0x3a</size>
         <input_file_ref idref="fl-cb"/>
      </object_component>
      <object_component id="oc-87">
         <name>.debug_line</name>
         <load_address>0x4819</load_address>
         <run_address>0x4819</run_address>
         <size>0x92</size>
         <input_file_ref idref="fl-cb"/>
      </object_component>
      <object_component id="oc-e5">
         <name>.debug_line</name>
         <load_address>0x48ab</load_address>
         <run_address>0x48ab</run_address>
         <size>0x20</size>
         <input_file_ref idref="fl-cc"/>
      </object_component>
      <object_component id="oc-1a">
         <name>.debug_line</name>
         <load_address>0x48cb</load_address>
         <run_address>0x48cb</run_address>
         <size>0xa9</size>
         <input_file_ref idref="fl-cc"/>
      </object_component>
      <object_component id="oc-30">
         <name>.debug_line</name>
         <load_address>0x4974</load_address>
         <run_address>0x4974</run_address>
         <size>0x3a</size>
         <input_file_ref idref="fl-cc"/>
      </object_component>
      <object_component id="oc-e2">
         <name>.debug_line</name>
         <load_address>0x49ae</load_address>
         <run_address>0x49ae</run_address>
         <size>0x9a</size>
         <input_file_ref idref="fl-cc"/>
      </object_component>
      <object_component id="oc-80">
         <name>.debug_line</name>
         <load_address>0x4a48</load_address>
         <run_address>0x4a48</run_address>
         <size>0x96</size>
         <input_file_ref idref="fl-cc"/>
      </object_component>
      <object_component id="oc-7c">
         <name>.debug_line</name>
         <load_address>0x4ade</load_address>
         <run_address>0x4ade</run_address>
         <size>0x33</size>
         <input_file_ref idref="fl-cd"/>
      </object_component>
      <object_component id="oc-58">
         <name>.debug_line</name>
         <load_address>0x4b11</load_address>
         <run_address>0x4b11</run_address>
         <size>0x45</size>
         <input_file_ref idref="fl-cd"/>
      </object_component>
      <object_component id="oc-234">
         <name>.debug_line</name>
         <load_address>0x4b56</load_address>
         <run_address>0x4b56</run_address>
         <size>0xbf</size>
         <input_file_ref idref="fl-ce"/>
      </object_component>
      <object_component id="oc-109">
         <name>.debug_line</name>
         <load_address>0x4c15</load_address>
         <run_address>0x4c15</run_address>
         <size>0x6f</size>
         <input_file_ref idref="fl-ce"/>
      </object_component>
      <object_component id="oc-238">
         <name>.debug_line</name>
         <load_address>0x4c84</load_address>
         <run_address>0x4c84</run_address>
         <size>0x2e</size>
         <input_file_ref idref="fl-ce"/>
      </object_component>
      <object_component id="oc-272">
         <name>.debug_line</name>
         <load_address>0x4cb2</load_address>
         <run_address>0x4cb2</run_address>
         <size>0x9a</size>
         <input_file_ref idref="fl-ce"/>
      </object_component>
      <object_component id="oc-23d">
         <name>.debug_line</name>
         <load_address>0x4d4c</load_address>
         <run_address>0x4d4c</run_address>
         <size>0x97</size>
         <input_file_ref idref="fl-ce"/>
      </object_component>
      <object_component id="oc-242">
         <name>.debug_line</name>
         <load_address>0x4de3</load_address>
         <run_address>0x4de3</run_address>
         <size>0x93</size>
         <input_file_ref idref="fl-ce"/>
      </object_component>
      <object_component id="oc-9a">
         <name>.debug_line</name>
         <load_address>0x4e76</load_address>
         <run_address>0x4e76</run_address>
         <size>0x40</size>
         <input_file_ref idref="fl-cf"/>
      </object_component>
      <object_component id="oc-fe">
         <name>.debug_line</name>
         <load_address>0x4eb6</load_address>
         <run_address>0x4eb6</run_address>
         <size>0x3c</size>
         <input_file_ref idref="fl-d1"/>
      </object_component>
      <object_component id="oc-14a">
         <name>.debug_frame</name>
         <load_address>0x0</load_address>
         <run_address>0x0</run_address>
         <size>0x10c</size>
         <input_file_ref idref="fl-2"/>
      </object_component>
      <object_component id="oc-a3">
         <name>.debug_frame</name>
         <load_address>0x10c</load_address>
         <run_address>0x10c</run_address>
         <size>0xac</size>
         <input_file_ref idref="fl-3"/>
      </object_component>
      <object_component id="oc-1f6">
         <name>.debug_frame</name>
         <load_address>0x1b8</load_address>
         <run_address>0x1b8</run_address>
         <size>0x3cc</size>
         <input_file_ref idref="fl-4"/>
      </object_component>
      <object_component id="oc-69">
         <name>.debug_frame</name>
         <load_address>0x584</load_address>
         <run_address>0x584</run_address>
         <size>0x6c</size>
         <input_file_ref idref="fl-5"/>
      </object_component>
      <object_component id="oc-b5">
         <name>.debug_frame</name>
         <load_address>0x5f0</load_address>
         <run_address>0x5f0</run_address>
         <size>0x70</size>
         <input_file_ref idref="fl-6"/>
      </object_component>
      <object_component id="oc-150">
         <name>.debug_frame</name>
         <load_address>0x660</load_address>
         <run_address>0x660</run_address>
         <size>0xb8</size>
         <input_file_ref idref="fl-9"/>
      </object_component>
      <object_component id="oc-be">
         <name>.debug_frame</name>
         <load_address>0x718</load_address>
         <run_address>0x718</run_address>
         <size>0x7a4</size>
         <input_file_ref idref="fl-b"/>
      </object_component>
      <object_component id="oc-162">
         <name>.debug_frame</name>
         <load_address>0xebc</load_address>
         <run_address>0xebc</run_address>
         <size>0x2dc</size>
         <input_file_ref idref="fl-c"/>
      </object_component>
      <object_component id="oc-76">
         <name>.debug_frame</name>
         <load_address>0x1198</load_address>
         <run_address>0x1198</run_address>
         <size>0x130</size>
         <input_file_ref idref="fl-d"/>
      </object_component>
      <object_component id="oc-4b">
         <name>.debug_frame</name>
         <load_address>0x12c8</load_address>
         <run_address>0x12c8</run_address>
         <size>0x54</size>
         <input_file_ref idref="fl-ca"/>
      </object_component>
      <object_component id="oc-20">
         <name>.debug_frame</name>
         <load_address>0x131c</load_address>
         <run_address>0x131c</run_address>
         <size>0x54</size>
         <input_file_ref idref="fl-cb"/>
      </object_component>
      <object_component id="oc-19">
         <name>.debug_frame</name>
         <load_address>0x1370</load_address>
         <run_address>0x1370</run_address>
         <size>0x60</size>
         <input_file_ref idref="fl-cc"/>
      </object_component>
      <object_component id="oc-57">
         <name>.debug_frame</name>
         <load_address>0x13d0</load_address>
         <run_address>0x13d0</run_address>
         <size>0x50</size>
         <input_file_ref idref="fl-cd"/>
      </object_component>
      <object_component id="oc-10a">
         <name>.debug_frame</name>
         <load_address>0x1420</load_address>
         <run_address>0x1420</run_address>
         <size>0x5c</size>
         <input_file_ref idref="fl-ce"/>
      </object_component>
      <object_component id="oc-99">
         <name>.debug_frame</name>
         <load_address>0x147c</load_address>
         <run_address>0x147c</run_address>
         <size>0x54</size>
         <input_file_ref idref="fl-cf"/>
      </object_component>
      <object_component id="oc-fa">
         <name>.debug_frame</name>
         <load_address>0x14d0</load_address>
         <run_address>0x14d0</run_address>
         <size>0x54</size>
         <input_file_ref idref="fl-d1"/>
      </object_component>
      <object_component id="oc-219">
         <name>.debug_abbrev</name>
         <load_address>0x0</load_address>
         <run_address>0x0</run_address>
         <size>0xd3</size>
         <input_file_ref idref="fl-2"/>
      </object_component>
      <object_component id="oc-24c">
         <name>.debug_abbrev</name>
         <load_address>0xd3</load_address>
         <run_address>0xd3</run_address>
         <size>0x27</size>
         <input_file_ref idref="fl-2"/>
      </object_component>
      <object_component id="oc-24a">
         <name>.debug_abbrev</name>
         <load_address>0xfa</load_address>
         <run_address>0xfa</run_address>
         <size>0x27</size>
         <input_file_ref idref="fl-2"/>
      </object_component>
      <object_component id="oc-248">
         <name>.debug_abbrev</name>
         <load_address>0x121</load_address>
         <run_address>0x121</run_address>
         <size>0x27</size>
         <input_file_ref idref="fl-2"/>
      </object_component>
      <object_component id="oc-1e7">
         <name>.debug_abbrev</name>
         <load_address>0x148</load_address>
         <run_address>0x148</run_address>
         <size>0x103</size>
         <input_file_ref idref="fl-2"/>
      </object_component>
      <object_component id="oc-f6">
         <name>.debug_abbrev</name>
         <load_address>0x24b</load_address>
         <run_address>0x24b</run_address>
         <size>0x9f</size>
         <input_file_ref idref="fl-2"/>
      </object_component>
      <object_component id="oc-1cc">
         <name>.debug_abbrev</name>
         <load_address>0x2ea</load_address>
         <run_address>0x2ea</run_address>
         <size>0x5a</size>
         <input_file_ref idref="fl-2"/>
      </object_component>
      <object_component id="oc-dc">
         <name>.debug_abbrev</name>
         <load_address>0x344</load_address>
         <run_address>0x344</run_address>
         <size>0x69</size>
         <input_file_ref idref="fl-2"/>
      </object_component>
      <object_component id="oc-1db">
         <name>.debug_abbrev</name>
         <load_address>0x3ad</load_address>
         <run_address>0x3ad</run_address>
         <size>0x70</size>
         <input_file_ref idref="fl-2"/>
      </object_component>
      <object_component id="oc-21d">
         <name>.debug_abbrev</name>
         <load_address>0x41d</load_address>
         <run_address>0x41d</run_address>
         <size>0x4b</size>
         <input_file_ref idref="fl-2"/>
      </object_component>
      <object_component id="oc-222">
         <name>.debug_abbrev</name>
         <load_address>0x468</load_address>
         <run_address>0x468</run_address>
         <size>0x4b</size>
         <input_file_ref idref="fl-2"/>
      </object_component>
      <object_component id="oc-34">
         <name>.debug_abbrev</name>
         <load_address>0x4b3</load_address>
         <run_address>0x4b3</run_address>
         <size>0x1f</size>
         <input_file_ref idref="fl-2"/>
      </object_component>
      <object_component id="oc-cb">
         <name>.debug_abbrev</name>
         <load_address>0x4d2</load_address>
         <run_address>0x4d2</run_address>
         <size>0x24</size>
         <input_file_ref idref="fl-2"/>
      </object_component>
      <object_component id="oc-186">
         <name>.debug_abbrev</name>
         <load_address>0x4f6</load_address>
         <run_address>0x4f6</run_address>
         <size>0x5c</size>
         <input_file_ref idref="fl-2"/>
      </object_component>
      <object_component id="oc-d5">
         <name>.debug_abbrev</name>
         <load_address>0x552</load_address>
         <run_address>0x552</run_address>
         <size>0x24</size>
         <input_file_ref idref="fl-2"/>
      </object_component>
      <object_component id="oc-d0">
         <name>.debug_abbrev</name>
         <load_address>0x576</load_address>
         <run_address>0x576</run_address>
         <size>0x24</size>
         <input_file_ref idref="fl-2"/>
      </object_component>
      <object_component id="oc-17b">
         <name>.debug_abbrev</name>
         <load_address>0x59a</load_address>
         <run_address>0x59a</run_address>
         <size>0x61</size>
         <input_file_ref idref="fl-2"/>
      </object_component>
      <object_component id="oc-18b">
         <name>.debug_abbrev</name>
         <load_address>0x5fb</load_address>
         <run_address>0x5fb</run_address>
         <size>0xd6</size>
         <input_file_ref idref="fl-3"/>
      </object_component>
      <object_component id="oc-189">
         <name>.debug_abbrev</name>
         <load_address>0x6d1</load_address>
         <run_address>0x6d1</run_address>
         <size>0x29</size>
         <input_file_ref idref="fl-3"/>
      </object_component>
      <object_component id="oc-f2">
         <name>.debug_abbrev</name>
         <load_address>0x6fa</load_address>
         <run_address>0x6fa</run_address>
         <size>0xd4</size>
         <input_file_ref idref="fl-3"/>
      </object_component>
      <object_component id="oc-18f">
         <name>.debug_abbrev</name>
         <load_address>0x7ce</load_address>
         <run_address>0x7ce</run_address>
         <size>0xbd</size>
         <input_file_ref idref="fl-3"/>
      </object_component>
      <object_component id="oc-194">
         <name>.debug_abbrev</name>
         <load_address>0x88b</load_address>
         <run_address>0x88b</run_address>
         <size>0x97</size>
         <input_file_ref idref="fl-3"/>
      </object_component>
      <object_component id="oc-19e">
         <name>.debug_abbrev</name>
         <load_address>0x922</load_address>
         <run_address>0x922</run_address>
         <size>0x70</size>
         <input_file_ref idref="fl-3"/>
      </object_component>
      <object_component id="oc-199">
         <name>.debug_abbrev</name>
         <load_address>0x992</load_address>
         <run_address>0x992</run_address>
         <size>0x5c</size>
         <input_file_ref idref="fl-3"/>
      </object_component>
      <object_component id="oc-287">
         <name>.debug_abbrev</name>
         <load_address>0x9ee</load_address>
         <run_address>0x9ee</run_address>
         <size>0x129</size>
         <input_file_ref idref="fl-4"/>
      </object_component>
      <object_component id="oc-250">
         <name>.debug_abbrev</name>
         <load_address>0xb17</load_address>
         <run_address>0xb17</run_address>
         <size>0x10c</size>
         <input_file_ref idref="fl-4"/>
      </object_component>
      <object_component id="oc-28b">
         <name>.debug_abbrev</name>
         <load_address>0xc23</load_address>
         <run_address>0xc23</run_address>
         <size>0x70</size>
         <input_file_ref idref="fl-4"/>
      </object_component>
      <object_component id="oc-253">
         <name>.debug_abbrev</name>
         <load_address>0xc93</load_address>
         <run_address>0xc93</run_address>
         <size>0x24</size>
         <input_file_ref idref="fl-4"/>
      </object_component>
      <object_component id="oc-1d1">
         <name>.debug_abbrev</name>
         <load_address>0xcb7</load_address>
         <run_address>0xcb7</run_address>
         <size>0x33</size>
         <input_file_ref idref="fl-4"/>
      </object_component>
      <object_component id="oc-d8">
         <name>.debug_abbrev</name>
         <load_address>0xcea</load_address>
         <run_address>0xcea</run_address>
         <size>0x7c</size>
         <input_file_ref idref="fl-5"/>
      </object_component>
      <object_component id="oc-78">
         <name>.debug_abbrev</name>
         <load_address>0xd66</load_address>
         <run_address>0xd66</run_address>
         <size>0x29</size>
         <input_file_ref idref="fl-5"/>
      </object_component>
      <object_component id="oc-b6">
         <name>.debug_abbrev</name>
         <load_address>0xd8f</load_address>
         <run_address>0xd8f</run_address>
         <size>0x89</size>
         <input_file_ref idref="fl-5"/>
      </object_component>
      <object_component id="oc-1c1">
         <name>.debug_abbrev</name>
         <load_address>0xe18</load_address>
         <run_address>0xe18</run_address>
         <size>0x29</size>
         <input_file_ref idref="fl-6"/>
      </object_component>
      <object_component id="oc-13a">
         <name>.debug_abbrev</name>
         <load_address>0xe41</load_address>
         <run_address>0xe41</run_address>
         <size>0x8b</size>
         <input_file_ref idref="fl-6"/>
      </object_component>
      <object_component id="oc-265">
         <name>.debug_abbrev</name>
         <load_address>0xecc</load_address>
         <run_address>0xecc</run_address>
         <size>0x7d</size>
         <input_file_ref idref="fl-7"/>
      </object_component>
      <object_component id="oc-180">
         <name>.debug_abbrev</name>
         <load_address>0xf49</load_address>
         <run_address>0xf49</run_address>
         <size>0x70</size>
         <input_file_ref idref="fl-7"/>
      </object_component>
      <object_component id="oc-269">
         <name>.debug_abbrev</name>
         <load_address>0xfb9</load_address>
         <run_address>0xfb9</run_address>
         <size>0x72</size>
         <input_file_ref idref="fl-7"/>
      </object_component>
      <object_component id="oc-176">
         <name>.debug_abbrev</name>
         <load_address>0x102b</load_address>
[...]
         <value>0x451</value>
         <object_component_ref idref="oc-bd"/>
      </symbol>
      <symbol id="sm-60b">
         <name>uxTaskGetTaskNumber</name>
         <value>0x17bd</value>
         <object_component_ref idref="oc-bd"/>
      </symbol>
      <symbol id="sm-60c">
         <name>vTaskEndScheduler</name>
         <value>0xb23</value>
         <object_component_ref idref="oc-bd"/>
      </symbol>
      <symbol id="sm-60d">
         <name>vTaskMissedYield</name>
         <value>0x17b1</value>
         <object_component_ref idref="oc-bd"/>
      </symbol>
      <symbol id="sm-60e">
         <name>uxTaskGetNumberOfTasks</name>
         <value>0xd85</value>
         <object_component_ref idref="oc-bd"/>
      </symbol>
      <symbol id="sm-60f">
         <name>xTaskCatchUpTicks</name>
         <value>0xef1</value>
         <object_component_ref idref="oc-bd"/>
      </symbol>
      <symbol id="sm-610">
         <name>xTaskGenericNotifyFromISR</name>
         <value>0x2337</value>
         <object_component_ref idref="oc-bd"/>
      </symbol>
      <symbol id="sm-611">
         <name>vTaskGetInfo</name>
         <value>0x19cd</value>
         <object_component_ref idref="oc-bd"/>
      </symbol>
      <symbol id="sm-612">
         <name>uxTaskPriorityGet</name>
         <value>0x67d</value>
         <object_component_ref idref="oc-bd"/>
      </symbol>
      <symbol id="sm-613">
         <name>vTaskStepTick</name>
         <value>0xeb3</value>
         <object_component_ref idref="oc-bd"/>
      </symbol>
      <symbol id="sm-614">
         <name>xTaskResumeAll</name>
         <value>0xbad</value>
         <object_component_ref idref="oc-bd"/>
      </symbol>
      <symbol id="sm-615">
         <name>vTaskSetApplicationTaskTag</name>
         <value>0x1111</value>
         <object_component_ref idref="oc-bd"/>
      </symbol>
      <symbol id="sm-616">
         <name>xTaskGetTickCount</name>
         <value>0xd61</value>
         <object_component_ref idref="oc-bd"/>
      </symbol>
      <symbol id="sm-617">
         <name>ulTaskGenericNotifyTake</name>
         <value>0x1fad</value>
         <object_component_ref idref="oc-bd"/>
      </symbol>
      <symbol id="sm-618">
         <name>uxTaskGetSystemState</name>
         <value>0xdd9</value>
         <object_component_ref idref="oc-bd"/>
      </symbol>
      <symbol id="sm-619">
         <name>vTaskDelete</name>
         <value>0x37d</value>
         <object_component_ref idref="oc-bd"/>
      </symbol>
      <symbol id="sm-61a">
         <name>xTaskGetApplicationTaskTag</name>
         <value>0x1137</value>
         <object_component_ref idref="oc-bd"/>
      </symbol>
      <symbol id="sm-61b">
         <name>xTaskCallApplicationTaskHook</name>
         <value>0x11a3</value>
         <object_component_ref idref="oc-bd"/>
      </symbol>
      <symbol id="sm-61c">
         <name>ulTaskGenericNotifyValueClear</name>
         <value>0x27a5</value>
         <object_component_ref idref="oc-bd"/>
      </symbol>
      <symbol id="sm-61d">
         <name>xTaskGenericNotifyWait</name>
         <value>0x2065</value>
         <object_component_ref idref="oc-bd"/>
      </symbol>
      <symbol id="sm-61e">
         <name>pxCurrentTCB</name>
         <value>0x2000816c</value>
         <object_component_ref idref="oc-b7"/>
      </symbol>
      <symbol id="sm-61f">
         <name>eTaskGetState</name>
         <value>0x5a1</value>
         <object_component_ref idref="oc-bd"/>
      </symbol>
      <symbol id="sm-620">
         <name>vTaskSuspend</name>
         <value>0x869</value>
         <object_component_ref idref="oc-bd"/>
      </symbol>
      <symbol id="sm-621">
         <name>xTaskGetTickCountFromISR</name>
         <value>0xd71</value>
         <object_component_ref idref="oc-bd"/>
      </symbol>
      <symbol id="sm-622">
         <name>vTaskResume</name>
         <value>0x9c5</value>
         <object_component_ref idref="oc-bd"/>
      </symbol>
      <symbol id="sm-623">
         <name>uxTopUsedPriority</name>
         <value>0x5200</value>
         <object_component_ref idref="oc-166"/>
      </symbol>
      <symbol id="sm-624">
         <name>vTaskPlaceOnEventListRestricted</name>
         <value>0x1389</value>
         <object_component_ref idref="oc-bd"/>
      </symbol>
      <symbol id="sm-625">
         <name>vTaskSetTimeOutState</name>
         <value>0x16ad</value>
         <object_component_ref idref="oc-bd"/>
      </symbol>
      <symbol id="sm-626">
         <name>xTaskIncrementTick</name>
         <value>0xf39</value>
         <object_component_ref idref="oc-bd"/>
      </symbol>
      <symbol id="sm-627">
         <name>vTaskSwitchContext</name>
         <value>0x11e1</value>
         <object_component_ref idref="oc-bd"/>
      </symbol>
      <symbol id="sm-628">
         <name>uxTaskResetEventItemValue</name>
         <value>0x1f6f</value>
         <object_component_ref idref="oc-bd"/>
      </symbol>
      <symbol id="sm-629">
         <name>xTaskGetSchedulerState</name>
         <value>0x1bb5</value>
         <object_component_ref idref="oc-bd"/>
      </symbol>
      <symbol id="sm-62a">
         <name>xTaskGetCurrentTaskHandle</name>
         <value>0x1ba5</value>
         <object_component_ref idref="oc-bd"/>
      </symbol>
      <symbol id="sm-62b">
         <name>vTaskPlaceOnUnorderedEventList</name>
         <value>0x12e5</value>
         <object_component_ref idref="oc-bd"/>
      </symbol>
      <symbol id="sm-62c">
         <name>xTaskRemoveFromEventList</name>
         <value>0x13fd</value>
         <object_component_ref idref="oc-bd"/>
      </symbol>
      <symbol id="sm-62d">
         <name>eTaskConfirmSleepModeStatus</name>
         <value>0x1857</value>
         <object_component_ref idref="oc-bd"/>
      </symbol>
      <symbol id="sm-62e">
         <name>xTaskPriorityInherit</name>
         <value>0x1bfd</value>
         <object_component_ref idref="oc-bd"/>
      </symbol>
      <symbol id="sm-6f2">
         <name>vTimerSetTimerNumber</name>
         <value>0x40ff</value>
         <object_component_ref idref="oc-15d"/>
      </symbol>
      <symbol id="sm-6f3">
         <name>xTimerGetTimerDaemonTaskHandle</name>
         <value>0x3b63</value>
         <object_component_ref idref="oc-15d"/>
      </symbol>
      <symbol id="sm-6f4">
         <name>pcTimerGetName</name>
         <value>0x3c5b</value>
         <object_component_ref idref="oc-15d"/>
      </symbol>
      <symbol id="sm-6f5">
         <name>xTimerCreateTimerTask</name>
         <value>0x3a05</value>
         <object_component_ref idref="oc-15d"/>
      </symbol>
      <symbol id="sm-6f6">
         <name>xTimerGetExpiryTime</name>
         <value>0x3c31</value>
         <object_component_ref idref="oc-15d"/>
      </symbol>
      <symbol id="sm-6f7">
         <name>uxTimerGetTimerNumber</name>
         <value>0x40f1</value>
         <object_component_ref idref="oc-15d"/>
      </symbol>
      <symbol id="sm-6f8">
         <name>xTimerIsTimerActive</name>
         <value>0x4055</value>
         <object_component_ref idref="oc-15d"/>
      </symbol>
      <symbol id="sm-6f9">
         <name>xTimerGetPeriod</name>
         <value>0x3b85</value>
         <object_component_ref idref="oc-15d"/>
      </symbol>
      <symbol id="sm-6fa">
         <name>xTimerCreate</name>
         <value>0x3a45</value>
         <object_component_ref idref="oc-15d"/>
      </symbol>
      <symbol id="sm-6fb">
         <name>vTimerSetReloadMode</name>
         <value>0x3bab</value>
         <object_component_ref idref="oc-15d"/>
      </symbol>
      <symbol id="sm-6fc">
         <name>xTimerGenericCommand</name>
         <value>0x3ae3</value>
         <object_component_ref idref="oc-15d"/>
      </symbol>
      <symbol id="sm-6fd">
         <name>uxTimerGetReloadMode</name>
         <value>0x3bf5</value>
         <object_component_ref idref="oc-15d"/>
      </symbol>
      <symbol id="sm-6fe">
         <name>pvTimerGetTimerID</name>
         <value>0x4095</value>
         <object_component_ref idref="oc-15d"/>
      </symbol>
      <symbol id="sm-6ff">
         <name>vTimerSetTimerID</name>
         <value>0x40c3</value>
         <object_component_ref idref="oc-15d"/>
      </symbol>
      <symbol id="sm-767">
         <name>ulMaxSyscallInterruptPriority</name>
         <value>0x51f8</value>
         <object_component_ref idref="oc-ba"/>
      </symbol>
      <symbol id="sm-768">
         <name>vPortSetupTimerInterrupt</name>
         <value>0x48d5</value>
         <object_component_ref idref="oc-72"/>
      </symbol>
      <symbol id="sm-769">
         <name>vPortEndScheduler</name>
         <value>0x46bd</value>
         <object_component_ref idref="oc-72"/>
      </symbol>
      <symbol id="sm-76a">
         <name>vPortSuppressTicksAndSleep</name>
         <value>0x477d</value>
         <object_component_ref idref="oc-72"/>
      </symbol>
      <symbol id="sm-76b">
         <name>xPortSysTickHandler</name>
         <value>0x474f</value>
         <object_component_ref idref="oc-72"/>
      </symbol>
      <symbol id="sm-76c">
         <name>vPortValidateInterruptPriority</name>
         <value>0x491d</value>
         <object_component_ref idref="oc-72"/>
      </symbol>
      <symbol id="sm-76d">
         <name>pxPortInitialiseStack</name>
         <value>0x4579</value>
         <object_component_ref idref="oc-72"/>
      </symbol>
      <symbol id="sm-76e">
         <name>vPortExitCritical</name>
         <value>0x4723</value>
         <object_component_ref idref="oc-72"/>
      </symbol>
      <symbol id="sm-76f">
         <name>xPortStartScheduler</name>
         <value>0x4605</value>
         <object_component_ref idref="oc-72"/>
      </symbol>
      <symbol id="sm-770">
         <name>vPortEnterCritical</name>
         <value>0x46e1</value>
         <object_component_ref idref="oc-72"/>
      </symbol>
      <symbol id="sm-77f">
         <name>vPortStartFirstTask</name>
         <value>0x4ed9</value>
         <object_component_ref idref="oc-6d"/>
      </symbol>
      <symbol id="sm-780">
         <name>ulPortGetIPSR</name>
         <value>0x4e41</value>
         <object_component_ref idref="oc-6d"/>
      </symbol>
      <symbol id="sm-781">
         <name>vPortEnableVFP</name>
         <value>0x4efd</value>
         <object_component_ref idref="oc-6d"/>
      </symbol>
      <symbol id="sm-782">
         <name>xPortPendSVHandler</name>
         <value>0x4e59</value>
         <object_component_ref idref="oc-6d"/>
      </symbol>
      <symbol id="sm-783">
         <name>vPortSVCHandler</name>
         <value>0x4eb9</value>
         <object_component_ref idref="oc-6d"/>
      </symbol>
      <symbol id="sm-79e">
         <name>memcpy</name>
         <value>0x4fd1</value>
         <object_component_ref idref="oc-37"/>
      </symbol>
      <symbol id="sm-79f">
         <name>__aeabi_memcpy</name>
         <value>0x4fd1</value>
         <object_component_ref idref="oc-37"/>
      </symbol>
      <symbol id="sm-7a0">
         <name>__aeabi_memcpy8</name>
         <value>0x4fd1</value>
         <object_component_ref idref="oc-37"/>
      </symbol>
      <symbol id="sm-7a1">
         <name>__aeabi_memcpy4</name>
         <value>0x4fd1</value>
         <object_component_ref idref="oc-37"/>
      </symbol>
      <symbol id="sm-7b0">
         <name>__aeabi_memset</name>
         <value>0x506f</value>
         <object_component_ref idref="oc-92"/>
      </symbol>
      <symbol id="sm-7b1">
         <name>memset</name>
         <value>0x5075</value>
         <object_component_ref idref="oc-92"/>
      </symbol>
      <symbol id="sm-7b2">
         <name>__aeabi_memset8</name>
         <value>0x506f</value>
         <object_component_ref idref="oc-92"/>
      </symbol>
      <symbol id="sm-7b3">
         <name>__aeabi_memset4</name>
         <value>0x506f</value>
         <object_component_ref idref="oc-92"/>
      </symbol>
      <symbol id="sm-7b4">
         <name>__aeabi_memclr8</name>
         <value>0x506d</value>
         <object_component_ref idref="oc-92"/>
      </symbol>
      <symbol id="sm-7b5">
         <name>__aeabi_memclr4</name>
         <value>0x506d</value>
         <object_component_ref idref="oc-92"/>
      </symbol>
      <symbol id="sm-7b6">
         <name>__aeabi_memclr</name>
         <value>0x506d</value>
         <object_component_ref idref="oc-92"/>
      </symbol>
      <symbol id="sm-7c8">
         <name>__TI_zero_init</name>
         <value>0x51e5</value>
         <object_component_ref idref="oc-49"/>
      </symbol>
      <symbol id="sm-7df">
         <name>__TI_decompress_none</name>
         <value>0x51c9</value>
         <object_component_ref idref="oc-1d"/>
      </symbol>
      <symbol id="sm-802">
         <name>__TI_decompress_lzss</name>
         <value>0x50e7</value>
         <object_component_ref idref="oc-17"/>
      </symbol>
      <symbol id="sm-815">
         <name>__stack</name>
         <value>0x2000fe00</value>
         <object_component_ref idref="oc-29"/>
      </symbol>
      <symbol id="sm-816">
         <name>_c_int00_noargs</name>
         <value>0x5195</value>
         <object_component_ref idref="oc-55"/>
      </symbol>
      <symbol id="sm-83e">
         <name>__TI_auto_init_nobinit_nopinit</name>
         <value>0x5151</value>
         <object_component_ref idref="oc-105"/>
      </symbol>
      <symbol id="sm-848">
         <name>_system_pre_init</name>
         <value>0x51f1</value>
         <object_component_ref idref="oc-98"/>
      </symbol>
      <symbol id="sm-854">
         <name>C$$EXIT</name>
         <value>0x51f5</value>
         <object_component_ref idref="oc-f9"/>
      </symbol>
      <symbol id="sm-855">
         <name>abort</name>
         <value>0x51f5</value>
         <object_component_ref idref="oc-f9"/>
      </symbol>
      <symbol id="sm-858">
         <name>__TI_static_base__</name>
         <value>0x0</value>
      </symbol>
      <symbol id="sm-85b">
         <name>__mpu_init</name>
         <value>0x0</value>
      </symbol>
      <symbol id="sm-85c">
         <name>_system_post_cinit</name>
         <value>0x0</value>
      </symbol>
      <symbol id="sm-85d">
         <name>NMI_Handler</name>
         <value>0x51e3</value>
      </symbol>
      <symbol id="sm-85e">
         <name>HardFault_Handler</name>
         <value>0x51e3</value>
      </symbol>
      <symbol id="sm-85f">
         <name>MemManage_Handler</name>
         <value>0x51e3</value>
      </symbol>
      <symbol id="sm-860">
         <name>BusFault_Handler</name>
         <value>0x51e3</value>
      </symbol>
      <symbol id="sm-861">
         <name>UsageFault_Handler</name>
         <value>0x51e3</value>
      </symbol>
      <symbol id="sm-862">
         <name>SVC_Handler</name>
         <value>0x51e3</value>
      </symbol>
      <symbol id="sm-863">
         <name>DebugMon_Handler</name>
         <value>0x51e3</value>
      </symbol>
      <symbol id="sm-864">
         <name>PendSV_Handler</name>
         <value>0x51e3</value>
      </symbol>
      <symbol id="sm-865">
         <name>SysTick_Handler</name>
         <value>0x51e3</value>
      </symbol>
      <symbol id="sm-866">
         <name>PSS_IRQHandler</name>
         <value>0x51e3</value>
      </symbol>
      <symbol id="sm-867">
         <name>CS_IRQHandler</name>
         <value>0x51e3</value>
      </symbol>
      <symbol id="sm-868">
         <name>PCM_IRQHandler</name>
         <value>0x51e3</value>
      </symbol>
      <symbol id="sm-869">
         <name>WDT_A_IRQHandler</name>
         <value>0x51e3</value>
      </symbol>
      <symbol id="sm-86a">
         <name>FPU_IRQHandler</name>
         <value>0x51e3</value>
      </symbol>
      <symbol id="sm-86b">
         <name>FLCTL_IRQHandler</name>
         <value>0x51e3</value>
      </symbol>
      <symbol id="sm-86c">
         <name>COMP_E0_IRQHandler</name>
         <value>0x51e3</value>
      </symbol>
      <symbol id="sm-86d">
         <name>COMP_E1_IRQHandler</name>
         <value>0x51e3</value>
      </symbol>
      <symbol id="sm-86e">
         <name>TA0_0_IRQHandler</name>
         <value>0x51e3</value>
      </symbol>
      <symbol id="sm-86f">
         <name>TA0_N_IRQHandler</name>
         <value>0x51e3</value>
      </symbol>
      <symbol id="sm-870">
         <name>TA1_0_IRQHandler</name>
         <value>0x51e3</value>
      </symbol>
      <symbol id="sm-871">
         <name>TA1_N_IRQHandler</name>
         <value>0x51e3</value>
      </symbol>
      <symbol id="sm-872">
         <name>TA2_0_IRQHandler</name>
         <value>0x51e3</value>
      </symbol>
      <symbol id="sm-873">
         <name>TA2_N_IRQHandler</name>
         <value>0x51e3</value>
      </symbol>
      <symbol id="sm-874">
         <name>TA3_0_IRQHandler</name>
         <value>0x51e3</value>
      </symbol>
      <symbol id="sm-875">
         <name>TA3_N_IRQHandler</name>
         <value>0x51e3</value>
      </symbol>
      <symbol id="sm-876">
         <name>EUSCIA0_IRQHandler</name>
         <value>0x51e3</value>
      </symbol>
      <symbol id="sm-877">
         <name>EUSCIA1_IRQHandler</name>
         <value>0x51e3</value>
      </symbol>
      <symbol id="sm-878">
         <name>EUSCIA2_IRQHandler</name>
         <value>0x51e3</value>
      </symbol>
      <symbol id="sm-879">
         <name>EUSCIA3_IRQHandler</name>
         <value>0x51e3</value>
      </symbol>
      <symbol id="sm-87a">
         <name>EUSCIB0_IRQHandler</name>
         <value>0x51e3</value>
      </symbol>
      <symbol id="sm-87b">
         <name>EUSCIB1_IRQHandler</name>
         <value>0x51e3</value>
      </symbol>
      <symbol id="sm-87c">
         <name>EUSCIB2_IRQHandler</name>
         <value>0x51e3</value>
      </symbol>
      <symbol id="sm-87d">
         <name>EUSCIB3_IRQHandler</name>
         <value>0x51e3</value>
      </symbol>
      <symbol id="sm-87e">
         <name>ADC14_IRQHandler</name>
         <value>0x51e3</value>
      </symbol>
      <symbol id="sm-87f">
         <name>T32_INT1_IRQHandler</name>
         <value>0x51e3</value>
      </symbol>
      <symbol id="sm-880">
         <name>T32_INT2_IRQHandler</name>
         <value>0x51e3</value>
      </symbol>
      <symbol id="sm-881">
         <name>T32_INTC_IRQHandler</name>
         <value>0x51e3</value>
      </symbol>
      <symbol id="sm-882">
         <name>AES256_IRQHandler</name>
         <value>0x51e3</value>
      </symbol>
      <symbol id="sm-883">
         <name>RTC_C_IRQHandler</name>
         <value>0x51e3</value>
      </symbol>
      <symbol id="sm-884">
         <name>DMA_ERR_IRQHandler</name>
         <value>0x51e3</value>
      </symbol>
      <symbol id="sm-885">
         <name>DMA_INT3_IRQHandler</name>
         <value>0x51e3</value>
      </symbol>
      <symbol id="sm-886">
         <name>DMA_INT2_IRQHandler</name>
         <value>0x51e3</value>
      </symbol>
      <symbol id="sm-887">
         <name>DMA_INT1_IRQHandler</name>
         <value>0x51e3</value>
      </symbol>
      <symbol id="sm-888">
         <name>DMA_INT0_IRQHandler</name>
         <value>0x51e3</value>
      </symbol>
      <symbol id="sm-889">
         <name>PORT1_IRQHandler</name>
         <value>0x51e3</value>
      </symbol>
      <symbol id="sm-88a">
         <name>PORT2_IRQHandler</name>
         <value>0x51e3</value>
      </symbol>
      <symbol id="sm-88b">
         <name>PORT3_IRQHandler</name>
         <value>0x51e3</value>
      </symbol>
      <symbol id="sm-88c">
         <name>PORT4_IRQHandler</name>
         <value>0x51e3</value>
      </symbol>
      <symbol id="sm-88d">
         <name>PORT5_IRQHandler</name>
         <value>0x51e3</value>
      </symbol>
      <symbol id="sm-88e">
         <name>PORT6_IRQHandler</name>
         <value>0x51e3</value>
      </symbol>
   </symbol_table>
   <title>Link successful</title>
</link_info>
