******************************************************************************
                  TI ARM Linker PC v20.2.5                     
******************************************************************************
>> Linked Fri May  6 16:15:09 2022

OUTPUT FILE NAME:   <hangman-main.out>
ENTRY POINT SYMBOL: "_c_int00_noargs"  address: 00009fd9


MEMORY CONFIGURATION

         name            origin    length      used     unused   attr    fill
----------------------  --------  ---------  --------  --------  ----  --------
  MAIN                  00000000   00040000  0000decf  00032131  R  X
  INFO                  00200000   00004000  00000000  00004000  R  X
  SRAM_CODE             01000000   00010000  00008e44  000071bc  RW X
  SRAM_DATA             20000000   00010000  00008e44  000071bc  RW  


SEGMENT ALLOCATION MAP

run origin  load origin   length   init length attrs members
----------  ----------- ---------- ----------- ----- -------
00000000    00000000    0000ded0   0000ded0    r-x
  00000000    00000000    000000e4   000000e4    r-- .intvecs
  000000e4    000000e4    0000a18c   0000a18c    r-x .text
  0000a270    0000a270    00003a1f   00003a1f    r-- .const
  0000dc90    0000dc90    00000240   00000240    r-- .cinit
20000000    20000000    00008c48   00000000    rw-
  20000000    20000000    000083c5   00000000    rw- .bss
  200083c8    200083c8    0000047f   00000000    rw- .data
  20008848    20008848    00000400   00000000    rw- .sysmem
2000fe00    2000fe00    00000200   00000000    rw-
  2000fe00    2000fe00    00000200   00000000    rw- .stack


SECTION ALLOCATION MAP

 output                                  attributes/
section   page    origin      length       input sections
--------  ----  ----------  ----------   ----------------
.intvecs   0    00000000    000000e4     
                  00000000    000000e4     startup_msp432p401r_ccs.obj (.intvecs:retain)

.text      0    000000e4    0000a18c     
                  000000e4    00002810     tasks.obj (.text)
                  000028f4    00001124     queue.obj (.text)
                  00003a18    000010f0     task_lcd.obj (.text)
                  00004b08    00000a4e     rtsv7M4_T_le_v4SPD16_eabi.lib : _printfi.c.obj (.text:__TI_printfi)
                  00005556    00000002                                   : _lock.c.obj (.text:_nop)
                  00005558    000009d0                                   : e_pow.c.obj (.text:pow)
                  00005f28    00000720     timers.obj (.text)
                  00006648    00000454     heap_4.obj (.text)
                  00006a9c    00000438     port.obj (.text)
                  00006ed4    00000354     system_msp432p401r.obj (.text)
                  00007228    00000270     rtsv7M4_T_le_v4SPD16_eabi.lib : _printfi.c.obj (.text:_pconv_a)
                  00007498    00000228     task_accelerometer.obj (.text)
                  000076c0    000001e0     main.obj (.text)
                  000078a0    000001de     circular_buffer.obj (.text)
                  00007a7e    00000002     rtsv7M4_T_le_v4SPD16_eabi.lib : div0.asm.obj (.text)
                  00007a80    000001d0                                   : _printfi.c.obj (.text:_pconv_g)
                  00007c50    000001cc     i2c.obj (.text)
                  00007e1c    000001b6     rtsv7M4_T_le_v4SPD16_eabi.lib : fd_add_t2.asm.obj (.text)
                  00007fd2    00000002     --HOLE-- [fill = 0]
                  00007fd4    0000019c     serial_debug.obj (.text)
                  00008170    00000158     rtsv7M4_T_le_v4SPD16_eabi.lib : e_sqrt.c.obj (.text:sqrt)
                  000082c8    0000013c                                   : _printfi.c.obj (.text:_pconv_e)
                  00008404    00000136                                   : fd_div_t2.asm.obj (.text)
                  0000853a    0000012a     list.obj (.text)
                  00008664    00000124     rtsv7M4_T_le_v4SPD16_eabi.lib : _printfi.c.obj (.text:fcvt)
                  00008788    00000114                                   : fputs.c.obj (.text:fputs)
                  0000889c    00000110                                   : s_scalbn.c.obj (.text:scalbn)
                  000089ac    00000100                                   : memory.c.obj (.text:aligned_alloc)
                  00008aac    000000fc                                   : fd_mul_t2.asm.obj (.text)
                  00008ba8    000000f8     task_buzzer.obj (.text)
                  00008ca0    000000e4     rtsv7M4_T_le_v4SPD16_eabi.lib : memory.c.obj (.text:free)
                  00008d84    000000dc                                   : setvbuf.c.obj (.text:setvbuf)
                  00008e60    000000dc     task_light_sensor.obj (.text)
                  00008f3c    000000da     portasm.obj (.text)
                  00009016    00000002     --HOLE-- [fill = 0]
                  00009018    000000b1     rtsv7M4_T_le_v4SPD16_eabi.lib : _printfi.c.obj (.text:_ltostr)
                  000090c9    00000003     --HOLE-- [fill = 0]
                  000090cc    000000a4     opt3001.obj (.text)
                  00009170    0000009c     rtsv7M4_T_le_v4SPD16_eabi.lib : memcpy_t2.asm.obj (.text)
                  0000920c    00000096                                   : ull_div_t2.asm.obj (.text)
                  000092a2    00000086                                   : fd_cmp_t2.asm.obj (.text:__aeabi_cdcmple)
                  00009328    00000086                                   : fd_cmp_t2.asm.obj (.text:__aeabi_cdrcmple)
                  000093ae    0000007a                                   : memset_t2.asm.obj (.text)
                  00009428    00000074                                   : fclose.c.obj (.text:__TI_closefile)
                  0000949c    00000070                                   : memory.c.obj (.text:split)
                  0000950c    0000006e                                   : _printfi.c.obj (.text:_mcpy)
                  0000957a    0000006e                                   : fd_tos_t2.asm.obj (.text)
                  000095e8    0000006c                                   : hostrename.c.obj (.text:HOSTrename)
                  00009654    00000068                                   : hostlseek.c.obj (.text:HOSTlseek)
                  000096bc    00000068                                   : copy_decompress_lzss.c.obj (.text:decompress:lzss:__TI_decompress_lzss)
                  00009724    00000068                                   : printf.c.obj (.text:printf)
                  0000978c    00000064                                   : s_frexp.c.obj (.text:frexp)
                  000097f0    00000064                                   : fseek.c.obj (.text:fseek)
                  00009854    00000062                                   : _io_perm.c.obj (.text:__TI_wrt_ok)
                  000098b6    00000002     --HOLE-- [fill = 0]
                  000098b8    00000060                                   : hostopen.c.obj (.text:HOSTopen)
                  00009918    0000005c                                   : close.c.obj (.text:close)
                  00009974    00000058                                   : hostread.c.obj (.text:HOSTread)
                  000099cc    00000058                                   : hostwrite.c.obj (.text:HOSTwrite)
                  00009a24    00000056                                   : _printfi.c.obj (.text:_pconv_f)
                  00009a7a    00000054                                   : _ltoa.c.obj (.text:__TI_ltoa)
                  00009ace    00000002     --HOLE-- [fill = 0]
                  00009ad0    00000054     task_mkII_s1.obj (.text)
                  00009b24    00000054     task_mkII_s2.obj (.text)
                  00009b78    00000052     rtsv7M4_T_le_v4SPD16_eabi.lib : _printfi.c.obj (.text:_ecpy)
                  00009bca    0000004c                                   : fflush.c.obj (.text:__TI_doflush)
                  00009c16    00000002     --HOLE-- [fill = 0]
                  00009c18    0000004c                                   : atoi.c.obj (.text:atoi)
                  00009c64    00000048                                   : exit.c.obj (.text:exit)
                  00009cac    00000048                                   : fd_toi_t2.asm.obj (.text)
                  00009cf4    00000044                                   : hostclose.c.obj (.text:HOSTclose)
                  00009d38    00000044                                   : hostunlink.c.obj (.text:HOSTunlink)
                  00009d7c    00000044                                   : autoinit.c.obj (.text:__TI_auto_init_nobinit_nopinit:__TI_auto_init_nobinit_nopinit)
                  00009dc0    00000044     ece353.obj (.text)
                  00009e04    00000044     rtsv7M4_T_le_v4SPD16_eabi.lib : getdevice.c.obj (.text:getdevice)
                  00009e48    00000040                                   : u_divt2.asm.obj (.text)
                  00009e88    0000003e                                   : _printfi.c.obj (.text:_fcpy)
                  00009ec6    00000002     --HOLE-- [fill = 0]
                  00009ec8    00000038                                   : trgmsg.c.obj (.text:__TI_writemsg)
                  00009f00    00000038                                   : fs_tod_t2.asm.obj (.text)
                  00009f38    00000036                                   : strncpy.c.obj (.text:strncpy)
                  00009f6e    00000002     --HOLE-- [fill = 0]
                  00009f70    00000034                                   : fopen.c.obj (.text:__TI_cleanup)
                  00009fa4    00000034                                   : trgmsg.c.obj (.text:__TI_readmsg)
                  00009fd8    00000034                                   : boot_cortex_m.c.obj (.text:_c_int00_noargs:_c_int00_noargs)
                  0000a00c    00000030                                   : getdevice.c.obj (.text:finddevice)
                  0000a03c    0000002e                                   : i_tofd_t2.asm.obj (.text)
                  0000a06a    00000002     --HOLE-- [fill = 0]
                  0000a06c    0000002c                                   : unlink.c.obj (.text:unlink)
                  0000a098    00000028                                   : memory.c.obj (.text:free_list_insert)
                  0000a0c0    00000028                                   : lseek.c.obj (.text:lseek)
                  0000a0e8    00000028                                   : write.c.obj (.text:write)
                  0000a110    00000020                                   : memchr.c.obj (.text:memchr)
                  0000a130    00000020                                   : u_tofd_t2.asm.obj (.text)
                  0000a150    0000001c                                   : memory.c.obj (.text:free_list_remove)
                  0000a16c    0000001c                                   : memccpy.c.obj (.text:memccpy)
                  0000a188    0000001c     task_accelerometer_timer.obj (.text)
                  0000a1a4    0000001a     rtsv7M4_T_le_v4SPD16_eabi.lib : s_copysign.c.obj (.text:copysign)
                  0000a1be    00000018                                   : strcmp.c.obj (.text:strcmp)
                  0000a1d6    00000016                                   : strchr.c.obj (.text:strchr)
                  0000a1ec    00000014                                   : strcpy.c.obj (.text:strcpy)
                  0000a200    00000014                                   : strlen.c.obj (.text:strlen)
                  0000a214    00000012                                   : wcslen.c.obj (.text:wcslen)
                  0000a226    0000000e                                   : copy_decompress_none.c.obj (.text:decompress:none:__TI_decompress_none)
                  0000a234    0000000e     startup_msp432p401r_ccs.obj (.text)
                  0000a242    0000000c     rtsv7M4_T_le_v4SPD16_eabi.lib : copy_zero_init.c.obj (.text:decompress:ZI:__TI_zero_init)
                  0000a24e    00000002     --HOLE-- [fill = 0]
                  0000a250    00000008                                   : errno.c.obj (.text:__aeabi_errno_addr)
                  0000a258    00000008                                   : memory.c.obj (.text:malloc)
                  0000a260    00000004                                   : printf.c.obj (.text:_outc)
                  0000a264    00000004                                   : printf.c.obj (.text:_outs)
                  0000a268    00000004                                   : pre_init.c.obj (.text:_system_pre_init)
                  0000a26c    00000004                                   : exit.c.obj (.text:abort:abort)

.const     0    0000a270    00003a1f     
                  0000a270    000018fc     hangman_image.obj (.const:.string:Big_Letters)
                  0000bb6c    0000057c     hangman_image.obj (.const:.string:Small_Letters)
                  0000c0e8    000003d6     word_list.obj (.const:.string)
                  0000c4be    00000333     hangman_image.obj (.const:.string:hangman_initBitmaps)
                  0000c7f1    00000270     hangman_image.obj (.const:.string:hangman_4Bitmaps)
                  0000ca61    00000270     hangman_image.obj (.const:.string:hangman_5Bitmaps)
                  0000ccd1    00000270     hangman_image.obj (.const:.string:hangman_6Bitmaps)
                  0000cf41    00000270     hangman_image.obj (.const:.string:hangman_7Bitmaps)
                  0000d1b1    00000270     hangman_image.obj (.const:.string:hangman_8Bitmaps)
                  0000d421    00000260     hangman_image.obj (.const:.string:hangman_3Bitmaps)
                  0000d681    00000250     hangman_image.obj (.const:.string:hangman_1Bitmaps)
                  0000d8d1    00000250     hangman_image.obj (.const:.string:hangman_2Bitmaps)
                  0000db21    00000101     rtsv7M4_T_le_v4SPD16_eabi.lib : ctype.c.obj (.const:.string:_ctypes_)
                  0000dc22    00000002     --HOLE-- [fill = 0]
                  0000dc24    00000004     tasks.obj (.const)
                  0000dc28    00000030     rtsv7M4_T_le_v4SPD16_eabi.lib : e_pow.c.obj (.const:$O1$$)
                  0000dc58    0000001a     word_list.obj (.const:.string:letters_list)
                  0000dc72    00000012     hangman_image.obj (.const)
                  0000dc84    00000008     port.obj (.const)
                  0000dc8c    00000003     hangman_image.obj (.const:.string:Underscore)

.cinit     0    0000dc90    00000240     
                  0000dc90    00000219     (.cinit..data.load) [load image, compression = lzss]
                  0000dea9    00000003     --HOLE-- [fill = 0]
                  0000deac    0000000c     (__TI_handler_table)
                  0000deb8    00000008     (.cinit..bss.load) [load image, compression = zero_init]
                  0000dec0    00000010     (__TI_cinit_table)

.init_array 
*          0    00000000    00000000     UNINITIALIZED

.binit     0    00000000    00000000     

.bss       0    20000000    000083c5     UNINITIALIZED
                  20000000    00008000     heap_4.obj (.bss:ucHeap)
                  20008000    00000120     rtsv7M4_T_le_v4SPD16_eabi.lib : trgmsg.c.obj (.bss:_CIOBUF_)
                  20008120    000000c8     tasks.obj (.bss:pxReadyTasksLists)
                  200081e8    000000a0     (.common:__TI_tmpnams)
                  20008288    00000050     (.common:Rx_String)
                  200082d8    00000014     timers.obj (.bss:xActiveTimerList1)
                  200082ec    00000014     timers.obj (.bss:xActiveTimerList2)
                  20008300    00000014     tasks.obj (.bss:xDelayedTaskList1)
                  20008314    00000014     tasks.obj (.bss:xDelayedTaskList2)
                  20008328    00000014     tasks.obj (.bss:xPendingReadyList)
                  2000833c    00000014     tasks.obj (.bss:xSuspendedTaskList)
                  20008350    00000014     tasks.obj (.bss:xTasksWaitingTermination)
                  20008364    00000008     tasks.obj (.bss)
                  2000836c    00000008     timers.obj (.bss)
                  20008374    00000008     heap_4.obj (.bss:xStart)
                  2000837c    00000008     (.common:parmbuf)
                  20008384    00000004     (.common:Queue_Task_Accelerometer)
                  20008388    00000004     (.common:Queue_Task_Light_Sensor)
                  2000838c    00000004     (.common:Sem_Buzzer)
                  20008390    00000004     (.common:Sem_Light_Sensor)
                  20008394    00000004     (.common:Sem_S1)
                  20008398    00000004     (.common:Sem_S2)
                  2000839c    00000004     (.common:TaskHandle_MKII_S1)
                  200083a0    00000004     (.common:TaskHandle_MKII_S2)
                  200083a4    00000004     (.common:Task_Accelerometer_Handle)
                  200083a8    00000004     (.common:Task_Accelerometer_Timer_Handle)
                  200083ac    00000004     (.common:Task_Buzzer_Handle)
                  200083b0    00000004     (.common:Task_LCD_Handle)
                  200083b4    00000004     (.common:Task_Light_Sensor_Handle)
                  200083b8    00000004     (.common:Tx_Buffer)
                  200083bc    00000004     (.common:direction)
                  200083c0    00000004     (.common:word)
                  200083c4    00000001     (.common:cycle)

.data      0    200083c8    0000047f     UNINITIALIZED
                  200083c8    00000200     word_list.obj (.data:word_list)
                  200085c8    000000f0     rtsv7M4_T_le_v4SPD16_eabi.lib : defs.c.obj (.data:_ftable)
                  200086b8    00000078                                   : host_device.c.obj (.data:_device)
                  20008730    00000050                                   : host_device.c.obj (.data:_stream)
                  20008780    00000034     tasks.obj (.data)
                  200087b4    00000018     heap_4.obj (.data)
                  200087cc    00000018     port.obj (.data)
                  200087e4    00000014     task_lcd.obj (.data:letters_found)
                  200087f8    00000010     rtsv7M4_T_le_v4SPD16_eabi.lib : defs.c.obj (.data)
                  20008808    0000000c                                   : exit.c.obj (.data:$O1$$)
                  20008814    0000000c     task_accelerometer.obj (.data)
                  20008820    0000000c     timers.obj (.data)
                  2000882c    00000008     rtsv7M4_T_le_v4SPD16_eabi.lib : _lock.c.obj (.data:$O1$$)
                  20008834    00000008                                   : memory.c.obj (.data:$O1$$)
                  2000883c    00000004                                   : errno.c.obj (.data)
                  20008840    00000004     system_msp432p401r.obj (.data)
                  20008844    00000003     serial_debug.obj (.data)

.sysmem    0    20008848    00000400     UNINITIALIZED
                  20008848    00000010     rtsv7M4_T_le_v4SPD16_eabi.lib : memory.c.obj (.sysmem)
                  20008858    000003f0     --HOLE--

.stack     0    2000fe00    00000200     UNINITIALIZED
                  2000fe00    00000004     rtsv7M4_T_le_v4SPD16_eabi.lib : boot_cortex_m.c.obj (.stack)
                  2000fe04    000001fc     --HOLE--

__llvm_prf_cnts 
*          0    20000000    00000000     UNINITIALIZED

MODULE SUMMARY

       Module                         code    ro data   rw data
       ------                         ----    -------   -------
    .\
       heap_4.obj                     1108    0         65600  
       hangman_image.obj              0       13552     0      
       task_lcd.obj                   4336    0         48     
       word_list.obj                  0       1008      1024   
       system_msp432p401r.obj         852     0         8      
       serial_debug.obj               412     0         174    
       task_accelerometer.obj         552     0         34     
       main.obj                       480     0         104    
       circular_buffer.obj            478     0         0      
       i2c.obj                        460     0         0      
       task_buzzer.obj                248     0         0      
       startup_msp432p401r_ccs.obj    14      228       0      
       task_light_sensor.obj          220     0         0      
       opt3001.obj                    164     0         0      
       task_mkII_s1.obj               84      0         0      
       task_mkII_s2.obj               84      0         0      
       ece353.obj                     68      0         0      
       task_accelerometer_timer.obj   28      0         0      
    +--+------------------------------+-------+---------+---------+
       Total:                         9588    14788     66992  
                                                               
    .\FreeRTOS\
       tasks.obj                      10256   4         720    
       queue.obj                      4388    0         0      
       timers.obj                     1824    0         120    
       list.obj                       298     0         0      
    +--+------------------------------+-------+---------+---------+
       Total:                         16766   4         840    
                                                               
    .\FreeRTOS\portable\
       port.obj                       1080    8         48     
       portasm.obj                    218     0         0      
    +--+------------------------------+-------+---------+---------+
       Total:                         1298    8         48     
                                                               
    C:\ti\ccs1110\ccs\tools\compiler\ti-cgt-arm_20.2.5.LTS\lib\rtsv7M4_T_le_v4SPD16_eabi.lib
       _printfi.c.obj                 4851    0         0      
       e_pow.c.obj                    2512    48        0      
       defs.c.obj                     0       0         832    
       memory.c.obj                   672     0         16     
       trgmsg.c.obj                   108     0         576    
       fd_add_t2.asm.obj              438     0         0      
       host_device.c.obj              0       0         400    
       e_sqrt.c.obj                   344     0         0      
       fd_div_t2.asm.obj              310     0         0      
       fputs.c.obj                    276     0         0      
       s_scalbn.c.obj                 272     0         0      
       fd_cmp_t2.asm.obj              268     0         0      
       ctype.c.obj                    0       257       0      
       fd_mul_t2.asm.obj              252     0         0      
       setvbuf.c.obj                  220     0         0      
       memcpy_t2.asm.obj              156     0         0      
       ull_div_t2.asm.obj             150     0         0      
       memset_t2.asm.obj              122     0         0      
       fclose.c.obj                   116     0         0      
       getdevice.c.obj                116     0         0      
       hostopen.c.obj                 96      0         16     
       printf.c.obj                   112     0         0      
       fd_tos_t2.asm.obj              110     0         0      
       hostrename.c.obj               108     0         0      
       copy_decompress_lzss.c.obj     104     0         0      
       hostlseek.c.obj                104     0         0      
       exit.c.obj                     76      0         24     
       fseek.c.obj                    100     0         0      
       s_frexp.c.obj                  100     0         0      
       _io_perm.c.obj                 98      0         0      
       close.c.obj                    92      0         0      
       hostread.c.obj                 88      0         0      
       hostwrite.c.obj                88      0         0      
       _ltoa.c.obj                    84      0         0      
       atoi.c.obj                     76      0         0      
       fflush.c.obj                   76      0         0      
       fd_toi_t2.asm.obj              72      0         0      
       autoinit.c.obj                 68      0         0      
       hostclose.c.obj                68      0         0      
       hostunlink.c.obj               68      0         0      
       u_divt2.asm.obj                64      0         0      
       fs_tod_t2.asm.obj              56      0         0      
       strncpy.c.obj                  54      0         0      
       boot_cortex_m.c.obj            52      0         0      
       fopen.c.obj                    52      0         0      
       i_tofd_t2.asm.obj              46      0         0      
       unlink.c.obj                   44      0         0      
       lseek.c.obj                    40      0         0      
       write.c.obj                    40      0         0      
       memchr.c.obj                   32      0         0      
       u_tofd_t2.asm.obj              32      0         0      
       memccpy.c.obj                  28      0         0      
       s_copysign.c.obj               26      0         0      
       strcmp.c.obj                   24      0         0      
       strchr.c.obj                   22      0         0      
       strcpy.c.obj                   20      0         0      
       strlen.c.obj                   20      0         0      
       _lock.c.obj                    2       0         16     
       wcslen.c.obj                   18      0         0      
       errno.c.obj                    8       0         8      
       copy_decompress_none.c.obj     14      0         0      
       copy_zero_init.c.obj           12      0         0      
       pre_init.c.obj                 4       0         0      
       div0.asm.obj                   2       0         0      
    +--+------------------------------+-------+---------+---------+
       Total:                         13683   305       1888   
                                                               
       Heap:                          0       0         2048   
       Stack:                         0       0         1024   
       Linker Generated:              0       573       0      
    +--+------------------------------+-------+---------+---------+
       Grand Total:                   41335   15678     72840  


LINKER GENERATED COPY TABLES

__TI_cinit_table @ 0000dec0 records: 2, size/record: 8, table size: 16
	.data: load addr=0000dc90, load size=00000219 bytes, run addr=200083c8, run size=0000047f bytes, compression=lzss
	.bss: load addr=0000deb8, load size=00000008 bytes, run addr=20000000, run size=000083c5 bytes, compression=zero_init


LINKER GENERATED HANDLER TABLE

__TI_handler_table @ 0000deac records: 3, size/record: 4, table size: 12
	index: 0, handler: __TI_decompress_lzss
	index: 1, handler: __TI_decompress_none
	index: 2, handler: __TI_zero_init


GLOBAL SYMBOLS: SORTED ALPHABETICALLY BY Name 

address   name                               
-------   ----                               
20008814  ACC_X_VAL                          
20008818  ACC_Y_VAL                          
2000881c  ACC_Z_VAL                          
000075d9  ADC14_IRQHandler                   
000075d9  ADC14_IRQHandler                   
0000a241  AES256_IRQHandler                  
20008846  ALERT_STRING                       
00007547  Accelerometer_XYZ                  
0000a270  Big_Letters                        
0000a241  BusFault_Handler                   
00008bd1  Buzzer_init                        
0000a26d  C$$EXIT                            
00009ef7  C$$IO$$                            
0000a241  COMP_E0_IRQHandler                 
0000a241  COMP_E1_IRQHandler                 
0000a241  CS_IRQHandler                      
00004729  Crystalfontz128x128_Init           
000046a1  Crystalfontz128x128_SetDrawFrame   
0000a241  DMA_ERR_IRQHandler                 
0000a241  DMA_INT0_IRQHandler                
0000a241  DMA_INT1_IRQHandler                
0000a241  DMA_INT2_IRQHandler                
0000a241  DMA_INT3_IRQHandler                
0000a241  DebugMon_Handler                   
0000a241  Default_Handler                    
000080cb  EUSCIA0_IRQHandler                 
000080cb  EUSCIA0_IRQHandler                 
0000a241  EUSCIA1_IRQHandler                 
0000a241  EUSCIA2_IRQHandler                 
0000a241  EUSCIA3_IRQHandler                 
0000a241  EUSCIB0_IRQHandler                 
0000a241  EUSCIB1_IRQHandler                 
0000a241  EUSCIB2_IRQHandler                 
0000a241  EUSCIB3_IRQHandler                 
0000a241  FLCTL_IRQHandler                   
0000a241  FPU_IRQHandler                     
000045b9  HAL_LCD_PortInit                   
00004601  HAL_LCD_SpiInit                    
00004635  HAL_LCD_writeCommand               
00004671  HAL_LCD_writeData                  
00009cf5  HOSTclose                          
00009655  HOSTlseek                          
000098b9  HOSTopen                           
00009975  HOSTread                           
000095e9  HOSTrename                         
00009d39  HOSTunlink                         
000099cd  HOSTwrite                          
0000a241  HardFault_Handler                  
0000a241  MemManage_Handler                  
0000a241  NMI_Handler                        
0000a241  PCM_IRQHandler                     
0000a241  PORT1_IRQHandler                   
0000a241  PORT2_IRQHandler                   
0000a241  PORT3_IRQHandler                   
0000a241  PORT4_IRQHandler                   
0000a241  PORT5_IRQHandler                   
0000a241  PORT6_IRQHandler                   
0000a241  PSS_IRQHandler                     
0000a241  PendSV_Handler                     
20008384  Queue_Task_Accelerometer           
20008388  Queue_Task_Light_Sensor            
0000a241  RTC_C_IRQHandler                   
0000a235  Reset_Handler                      
20008844  Rx_Char_Count                      
20008288  Rx_String                          
0000a241  SVC_Handler                        
2000838c  Sem_Buzzer                         
20008390  Sem_Light_Sensor                   
20008394  Sem_S1                             
20008398  Sem_S2                             
0000bb6c  Small_Letters                      
0000a241  SysTick_Handler                    
20008840  SystemCoreClock                    
00006ed5  SystemCoreClockUpdate              
0000714d  SystemInit                         
0000a241  T32_INT1_IRQHandler                
0000a241  T32_INT2_IRQHandler                
0000a241  T32_INTC_IRQHandler                
0000a241  TA0_0_IRQHandler                   
0000a241  TA0_N_IRQHandler                   
0000a241  TA1_0_IRQHandler                   
0000a241  TA1_N_IRQHandler                   
0000a241  TA2_0_IRQHandler                   
0000a241  TA2_N_IRQHandler                   
0000a241  TA3_0_IRQHandler                   
0000a241  TA3_N_IRQHandler                   
2000839c  TaskHandle_MKII_S1                 
200083a0  TaskHandle_MKII_S2                 
00007503  Task_Accelerometer                 
200083a4  Task_Accelerometer_Handle          
0000a189  Task_Accelerometer_Timer           
200083a8  Task_Accelerometer_Timer_Handle    
00008ba9  Task_Buzzer                        
200083ac  Task_Buzzer_Handle                 
00003a19  Task_LCD                           
200083b0  Task_LCD_Handle                    
00008e61  Task_Light_Sensor                  
200083b4  Task_Light_Sensor_Handle           
00009ad1  Task_MKII_S1                       
00009b25  Task_MKII_S2                       
200083b8  Tx_Buffer                          
0000dc8c  Underscore                         
0000a241  UsageFault_Handler                 
4000480c  WDTCTL_SYM                         
0000a241  WDT_A_IRQHandler                   
20008000  __CIOBUF_                          
20010000  __STACK_END                        
00000200  __STACK_SIZE                       
00000400  __SYSMEM_SIZE                      
0000dec0  __TI_CINIT_Base                    
0000ded0  __TI_CINIT_Limit                   
0000deac  __TI_Handler_Table_Base            
0000deb8  __TI_Handler_Table_Limit           
00009d7d  __TI_auto_init_nobinit_nopinit     
00009f71  __TI_cleanup                       
20008808  __TI_cleanup_ptr                   
00009429  __TI_closefile                     
000096bd  __TI_decompress_lzss               
0000a227  __TI_decompress_none               
00009bcb  __TI_doflush                       
2000880c  __TI_dtors_ptr                     
20008810  __TI_enable_exit_profile_output    
200087f8  __TI_ft_end                        
00009a7b  __TI_ltoa                          
ffffffff  __TI_pprof_out_hndl                
00004b09  __TI_printfi                       
ffffffff  __TI_prof_data_size                
ffffffff  __TI_prof_data_start               
00009fa5  __TI_readmsg                       
00000000  __TI_static_base__                 
200081e8  __TI_tmpnams                       
00009ec9  __TI_writemsg                      
00009855  __TI_wrt_ok                        
0000a243  __TI_zero_init                     
000092a3  __aeabi_cdcmpeq                    
000092a3  __aeabi_cdcmple                    
00009329  __aeabi_cdrcmple                   
0000957b  __aeabi_d2f                        
00009cad  __aeabi_d2iz                       
00007e27  __aeabi_dadd                       
00008405  __aeabi_ddiv                       
00008aad  __aeabi_dmul                       
00007e1d  __aeabi_dsub                       
0000a251  __aeabi_errno_addr                 
00009f01  __aeabi_f2d                        
0000a03d  __aeabi_i2d                        
00007a7f  __aeabi_idiv0                      
00007a7f  __aeabi_ldiv0                      
000093af  __aeabi_memclr                     
000093af  __aeabi_memclr4                    
000093af  __aeabi_memclr8                    
00009171  __aeabi_memcpy                     
00009171  __aeabi_memcpy4                    
00009171  __aeabi_memcpy8                    
000093b1  __aeabi_memset                     
000093b1  __aeabi_memset4                    
000093b1  __aeabi_memset8                    
20008804  __aeabi_stderr                     
200087fc  __aeabi_stdin                      
20008800  __aeabi_stdout                     
0000a131  __aeabi_ui2d                       
00009e49  __aeabi_uidiv                      
00009e49  __aeabi_uidivmod                   
0000920d  __aeabi_uldivmod                   
ffffffff  __binit__                          
ffffffff  __c_args__                         
UNDEFED   __mpu_init                         
2000fe00  __stack                            
20000000  __start___llvm_prf_cnts            
20000000  __stop___llvm_prf_cnts             
00009fd9  _c_int00_noargs                    
0000db21  _ctypes_                           
200086b8  _device                            
200085c8  _ftable                            
2000882c  _lock                              
00005557  _nop                               
20008730  _stream                            
20008848  _sys_memory                        
UNDEFED   _system_post_cinit                 
0000a269  _system_pre_init                   
20008830  _unlock                            
0000a26d  abort                              
000089ad  aligned_alloc                      
00009c19  atoi                               
ffffffff  binit                              
00008c61  buzzer_off                         
00008c47  buzzer_on                          
000044e9  calculate_color                    
00004469  check_win                          
000078e7  circular_buffer_add                
000078d3  circular_buffer_delete             
00007973  circular_buffer_empty              
00007993  circular_buffer_full               
000078a1  circular_buffer_init               
00007927  circular_buffer_remove             
000079b9  circular_buffer_test_0             
00009919  close                              
0000a1a5  copysign                           
0000a1a5  copysignl                          
200083c4  cycle                              
200083bc  direction                          
0000186b  eTaskConfirmSleepModeStatus        
000005a1  eTaskGetState                      
00009dd9  ece353_MKII_S1                     
00009dc1  ece353_MKII_S1_Init                
00009de9  ece353_MKII_S2                     
00009dcd  ece353_MKII_S2_Init                
2000883c  errno                              
00009c65  exit                               
0000a00d  finddevice                         
0000809b  fputc                              
00008789  fputs                              
00008ca1  free                               
0000978d  frexp                              
0000978d  frexpl                             
000097f1  fseek                              
00009e05  getdevice                          
0000d681  hangman_1Bitmaps                   
0000dc73  hangman_1HeightPixels              
0000dc72  hangman_1WidthPixels               
0000d8d1  hangman_2Bitmaps                   
0000dc75  hangman_2HeightPixels              
0000dc74  hangman_2WidthPixels               
0000d421  hangman_3Bitmaps                   
0000dc77  hangman_3HeightPixels              
0000dc76  hangman_3WidthPixels               
0000c7f1  hangman_4Bitmaps                   
0000dc79  hangman_4HeightPixels              
0000dc78  hangman_4WidthPixels               
0000ca61  hangman_5Bitmaps                   
0000dc7b  hangman_5HeightPixels              
0000dc7a  hangman_5WidthPixels               
0000ccd1  hangman_6Bitmaps                   
0000dc7d  hangman_6HeightPixels              
0000dc7c  hangman_6WidthPixels               
0000cf41  hangman_7Bitmaps                   
0000dc7f  hangman_7HeightPixels              
0000dc7e  hangman_7WidthPixels               
0000d1b1  hangman_8Bitmaps                   
0000dc81  hangman_8HeightPixels              
0000dc80  hangman_8WidthPixels               
0000c4be  hangman_initBitmaps                
0000dc83  hangman_initHeightPixels           
0000dc82  hangman_initWidthPixels            
00007ce9  i2c_init                           
00007d85  i2c_read_16                        
00007d29  i2c_write_16                       
00000000  interruptVectors                   
00004989  lcd_draw_image                     
00004869  lcd_draw_rectangle                 
0000889d  ldexp                              
0000889d  ldexpl                             
000044a5  letter_correct                     
200087e4  letters_found                      
0000dc58  letters_list                       
0000a0c1  lseek                              
000076c1  main                               
0000a259  malloc                             
000089ad  memalign                           
0000a16d  memccpy                            
0000a111  memchr                             
00009171  memcpy                             
000093b7  memset                             
000090cd  opt3001_init                       
000090dd  opt3001_read_lux                   
00009153  opt3001_read_sensor_value          
2000837c  parmbuf                            
00000d95  pcTaskGetName                      
0000617f  pcTimerGetName                     
00004593  pick_word                          
00005559  pow                                
00005559  powl                               
00009725  printf                             
00006649  pvPortMalloc                       
00001907  pvTaskGetThreadLocalStoragePointer 
00001fa9  pvTaskIncrementMutexHeldCount      
000065b9  pvTimerGetTimerID                  
20008780  pxCurrentTCB                       
00006a9d  pxPortInitialiseStack              
0000a06d  remove                             
0000889d  scalbn                             
0000889d  scalbnl                            
0000805f  serial_debug_init                  
00008071  serial_debug_put_string            
00008d85  setvbuf                            
00008171  sqrt                               
00008171  sqrtl                              
0000a1d7  strchr                             
0000a1bf  strcmp                             
0000a1ed  strcpy                             
0000a201  strlen                             
00009f39  strncpy                            
0000372f  ucQueueGetQueueType                
0000dc84  ulMaxSyscallInterruptPriority      
00008f4d  ulPortGetIPSR                      
00001fc1  ulTaskGenericNotifyTake            
000027b9  ulTaskGenericNotifyValueClear      
0000a06d  unlink                             
0000861d  uxListRemove                       
0000370f  uxQueueGetQueueNumber              
0000365d  uxQueueMessagesWaiting             
000036c1  uxQueueMessagesWaitingFromISR      
0000368d  uxQueueSpacesAvailable             
00000d85  uxTaskGetNumberOfTasks             
00000dd9  uxTaskGetSystemState               
000017d1  uxTaskGetTaskNumber                
0000067d  uxTaskPriorityGet                  
000006a5  uxTaskPriorityGetFromISR           
00001f83  uxTaskResetEventItemValue          
00006119  uxTimerGetReloadMode               
00006615  uxTimerGetTimerNumber              
0000dc24  uxTopUsedPriority                  
000077c5  vApplicationMallocFailedHook       
000077c7  vApplicationStackOverflowHook      
0000853b  vListInitialise                    
0000856b  vListInitialiseItem                
000085b7  vListInsert                        
0000857b  vListInsertEnd                     
00009009  vPortEnableVFP                     
00006be1  vPortEndScheduler                  
00006c05  vPortEnterCritical                 
00006c47  vPortExitCritical                  
000067db  vPortFree                          
000069dd  vPortGetHeapStats                  
00006881  vPortInitialiseBlocks              
00008fc5  vPortSVCHandler                    
00006df9  vPortSetupTimerInterrupt           
00008fe5  vPortStartFirstTask                
00006ca1  vPortSuppressTicksAndSleep         
00006e41  vPortValidateInterruptPriority     
000036eb  vQueueDelete                       
0000371d  vQueueSetQueueNumber               
000039bd  vQueueWaitForMessageRestricted     
00000541  vTaskDelay                         
0000037d  vTaskDelete                        
00000b23  vTaskEndScheduler                  
000025a1  vTaskGenericNotifyGiveFromISR      
000019e1  vTaskGetInfo                       
000016f3  vTaskInternalSetTimeOutState       
000017c5  vTaskMissedYield                   
000012bf  vTaskPlaceOnEventList              
0000139d  vTaskPlaceOnEventListRestricted    
000012fd  vTaskPlaceOnUnorderedEventList     
00001e39  vTaskPriorityDisinheritAfterTimeout
000006e9  vTaskPrioritySet                   
00001581  vTaskRemoveFromUnorderedEventList  
000009c5  vTaskResume                        
00001129  vTaskSetApplicationTaskTag         
000017f5  vTaskSetTaskNumber                 
000018bf  vTaskSetThreadLocalStoragePointer  
000016c1  vTaskSetTimeOutState               
00000aa9  vTaskStartScheduler                
00000eb3  vTaskStepTick                      
00000869  vTaskSuspend                       
00000b3f  vTaskSuspendAll                    
000011f9  vTaskSwitchContext                 
000060cf  vTimerSetReloadMode                
000065e7  vTimerSetTimerID                   
00006623  vTimerSetTimerNumber               
0000a215  wcslen                             
200083c0  word                               
200083c8  word_list                          
0000a0e9  write                              
00006875  xPortGetFreeHeapSize               
0000687b  xPortGetMinimumEverFreeHeapSize    
00008f65  xPortPendSVHandler                 
00006b29  xPortStartScheduler                
00006c73  xPortSysTickHandler                
00002bb9  xQueueCreateCountingSemaphore      
00002ae5  xQueueCreateMutex                  
000029f5  xQueueGenericCreate                
000028f5  xQueueGenericReset                 
00002c05  xQueueGenericSend                  
00002db9  xQueueGenericSendFromISR           
00002ee5  xQueueGiveFromISR                  
00002b11  xQueueGiveMutexRecursive           
00003929  xQueueIsQueueEmptyFromISR          
00003983  xQueueIsQueueFullFromISR           
0000333d  xQueuePeek                         
000035b1  xQueuePeekFromISR                  
00002ff3  xQueueReceive                      
000034bb  xQueueReceiveFromISR               
0000316b  xQueueSemaphoreTake                
00002b61  xQueueTakeMutexRecursive           
000011bb  xTaskCallApplicationTaskHook       
00000ef1  xTaskCatchUpTicks                  
00001719  xTaskCheckForTimeOut               
000000e5  xTaskCreate                        
00000451  xTaskDelayUntil                    
00002161  xTaskGenericNotify                 
0000234b  xTaskGenericNotifyFromISR          
00002751  xTaskGenericNotifyStateClear       
00002079  xTaskGenericNotifyWait             
00001159  xTaskGetApplicationTaskTag         
00001181  xTaskGetApplicationTaskTagFromISR  
00001bb9  xTaskGetCurrentTaskHandle          
00001bc9  xTaskGetSchedulerState             
00000d61  xTaskGetTickCount                  
00000d71  xTaskGetTickCountFromISR           
00000f3d  xTaskIncrementTick                 
00001d27  xTaskPriorityDisinherit            
00001c11  xTaskPriorityInherit               
00001411  xTaskRemoveFromEventList           
00000bad  xTaskResumeAll                     
00005f69  xTimerCreate                       
00005f29  xTimerCreateTimerTask              
00006007  xTimerGenericCommand               
00006155  xTimerGetExpiryTime                
000060a9  xTimerGetPeriod                    
00006087  xTimerGetTimerDaemonTaskHandle     
00006579  xTimerIsTimerActive                


GLOBAL SYMBOLS: SORTED BY Symbol Address 

address   name                               
-------   ----                               
00000000  __TI_static_base__                 
00000000  interruptVectors                   
000000e5  xTaskCreate                        
00000200  __STACK_SIZE                       
0000037d  vTaskDelete                        
00000400  __SYSMEM_SIZE                      
00000451  xTaskDelayUntil                    
00000541  vTaskDelay                         
000005a1  eTaskGetState                      
0000067d  uxTaskPriorityGet                  
000006a5  uxTaskPriorityGetFromISR           
000006e9  vTaskPrioritySet                   
00000869  vTaskSuspend                       
000009c5  vTaskResume                        
00000aa9  vTaskStartScheduler                
00000b23  vTaskEndScheduler                  
00000b3f  vTaskSuspendAll                    
00000bad  xTaskResumeAll                     
00000d61  xTaskGetTickCount                  
00000d71  xTaskGetTickCountFromISR           
00000d85  uxTaskGetNumberOfTasks             
00000d95  pcTaskGetName                      
00000dd9  uxTaskGetSystemState               
00000eb3  vTaskStepTick                      
00000ef1  xTaskCatchUpTicks                  
00000f3d  xTaskIncrementTick                 
00001129  vTaskSetApplicationTaskTag         
00001159  xTaskGetApplicationTaskTag         
00001181  xTaskGetApplicationTaskTagFromISR  
000011bb  xTaskCallApplicationTaskHook       
000011f9  vTaskSwitchContext                 
000012bf  vTaskPlaceOnEventList              
000012fd  vTaskPlaceOnUnorderedEventList     
0000139d  vTaskPlaceOnEventListRestricted    
00001411  xTaskRemoveFromEventList           
00001581  vTaskRemoveFromUnorderedEventList  
000016c1  vTaskSetTimeOutState               
000016f3  vTaskInternalSetTimeOutState       
00001719  xTaskCheckForTimeOut               
000017c5  vTaskMissedYield                   
000017d1  uxTaskGetTaskNumber                
000017f5  vTaskSetTaskNumber                 
0000186b  eTaskConfirmSleepModeStatus        
000018bf  vTaskSetThreadLocalStoragePointer  
00001907  pvTaskGetThreadLocalStoragePointer 
000019e1  vTaskGetInfo                       
00001bb9  xTaskGetCurrentTaskHandle          
00001bc9  xTaskGetSchedulerState             
00001c11  xTaskPriorityInherit               
00001d27  xTaskPriorityDisinherit            
00001e39  vTaskPriorityDisinheritAfterTimeout
00001f83  uxTaskResetEventItemValue          
00001fa9  pvTaskIncrementMutexHeldCount      
00001fc1  ulTaskGenericNotifyTake            
00002079  xTaskGenericNotifyWait             
00002161  xTaskGenericNotify                 
0000234b  xTaskGenericNotifyFromISR          
000025a1  vTaskGenericNotifyGiveFromISR      
00002751  xTaskGenericNotifyStateClear       
000027b9  ulTaskGenericNotifyValueClear      
000028f5  xQueueGenericReset                 
000029f5  xQueueGenericCreate                
00002ae5  xQueueCreateMutex                  
00002b11  xQueueGiveMutexRecursive           
00002b61  xQueueTakeMutexRecursive           
00002bb9  xQueueCreateCountingSemaphore      
00002c05  xQueueGenericSend                  
00002db9  xQueueGenericSendFromISR           
00002ee5  xQueueGiveFromISR                  
00002ff3  xQueueReceive                      
0000316b  xQueueSemaphoreTake                
0000333d  xQueuePeek                         
000034bb  xQueueReceiveFromISR               
000035b1  xQueuePeekFromISR                  
0000365d  uxQueueMessagesWaiting             
0000368d  uxQueueSpacesAvailable             
000036c1  uxQueueMessagesWaitingFromISR      
000036eb  vQueueDelete                       
0000370f  uxQueueGetQueueNumber              
0000371d  vQueueSetQueueNumber               
0000372f  ucQueueGetQueueType                
00003929  xQueueIsQueueEmptyFromISR          
00003983  xQueueIsQueueFullFromISR           
000039bd  vQueueWaitForMessageRestricted     
00003a19  Task_LCD                           
00004469  check_win                          
000044a5  letter_correct                     
000044e9  calculate_color                    
00004593  pick_word                          
000045b9  HAL_LCD_PortInit                   
00004601  HAL_LCD_SpiInit                    
00004635  HAL_LCD_writeCommand               
00004671  HAL_LCD_writeData                  
000046a1  Crystalfontz128x128_SetDrawFrame   
00004729  Crystalfontz128x128_Init           
00004869  lcd_draw_rectangle                 
00004989  lcd_draw_image                     
00004b09  __TI_printfi                       
00005557  _nop                               
00005559  pow                                
00005559  powl                               
00005f29  xTimerCreateTimerTask              
00005f69  xTimerCreate                       
00006007  xTimerGenericCommand               
00006087  xTimerGetTimerDaemonTaskHandle     
000060a9  xTimerGetPeriod                    
000060cf  vTimerSetReloadMode                
00006119  uxTimerGetReloadMode               
00006155  xTimerGetExpiryTime                
0000617f  pcTimerGetName                     
00006579  xTimerIsTimerActive                
000065b9  pvTimerGetTimerID                  
000065e7  vTimerSetTimerID                   
00006615  uxTimerGetTimerNumber              
00006623  vTimerSetTimerNumber               
00006649  pvPortMalloc                       
000067db  vPortFree                          
00006875  xPortGetFreeHeapSize               
0000687b  xPortGetMinimumEverFreeHeapSize    
00006881  vPortInitialiseBlocks              
000069dd  vPortGetHeapStats                  
00006a9d  pxPortInitialiseStack              
00006b29  xPortStartScheduler                
00006be1  vPortEndScheduler                  
00006c05  vPortEnterCritical                 
00006c47  vPortExitCritical                  
00006c73  xPortSysTickHandler                
00006ca1  vPortSuppressTicksAndSleep         
00006df9  vPortSetupTimerInterrupt           
00006e41  vPortValidateInterruptPriority     
00006ed5  SystemCoreClockUpdate              
0000714d  SystemInit                         
00007503  Task_Accelerometer                 
00007547  Accelerometer_XYZ                  
000075d9  ADC14_IRQHandler                   
000075d9  ADC14_IRQHandler                   
000076c1  main                               
000077c5  vApplicationMallocFailedHook       
000077c7  vApplicationStackOverflowHook      
000078a1  circular_buffer_init               
000078d3  circular_buffer_delete             
000078e7  circular_buffer_add                
00007927  circular_buffer_remove             
00007973  circular_buffer_empty              
00007993  circular_buffer_full               
000079b9  circular_buffer_test_0             
00007a7f  __aeabi_idiv0                      
00007a7f  __aeabi_ldiv0                      
00007ce9  i2c_init                           
00007d29  i2c_write_16                       
00007d85  i2c_read_16                        
00007e1d  __aeabi_dsub                       
00007e27  __aeabi_dadd                       
0000805f  serial_debug_init                  
00008071  serial_debug_put_string            
0000809b  fputc                              
000080cb  EUSCIA0_IRQHandler                 
000080cb  EUSCIA0_IRQHandler                 
00008171  sqrt                               
00008171  sqrtl                              
00008405  __aeabi_ddiv                       
0000853b  vListInitialise                    
0000856b  vListInitialiseItem                
0000857b  vListInsertEnd                     
000085b7  vListInsert                        
0000861d  uxListRemove                       
00008789  fputs                              
0000889d  ldexp                              
0000889d  ldexpl                             
0000889d  scalbn                             
0000889d  scalbnl                            
000089ad  aligned_alloc                      
000089ad  memalign                           
00008aad  __aeabi_dmul                       
00008ba9  Task_Buzzer                        
00008bd1  Buzzer_init                        
00008c47  buzzer_on                          
00008c61  buzzer_off                         
00008ca1  free                               
00008d85  setvbuf                            
00008e61  Task_Light_Sensor                  
00008f4d  ulPortGetIPSR                      
00008f65  xPortPendSVHandler                 
00008fc5  vPortSVCHandler                    
00008fe5  vPortStartFirstTask                
00009009  vPortEnableVFP                     
000090cd  opt3001_init                       
000090dd  opt3001_read_lux                   
00009153  opt3001_read_sensor_value          
00009171  __aeabi_memcpy                     
00009171  __aeabi_memcpy4                    
00009171  __aeabi_memcpy8                    
00009171  memcpy                             
0000920d  __aeabi_uldivmod                   
000092a3  __aeabi_cdcmpeq                    
000092a3  __aeabi_cdcmple                    
00009329  __aeabi_cdrcmple                   
000093af  __aeabi_memclr                     
000093af  __aeabi_memclr4                    
000093af  __aeabi_memclr8                    
000093b1  __aeabi_memset                     
000093b1  __aeabi_memset4                    
000093b1  __aeabi_memset8                    
000093b7  memset                             
00009429  __TI_closefile                     
0000957b  __aeabi_d2f                        
000095e9  HOSTrename                         
00009655  HOSTlseek                          
000096bd  __TI_decompress_lzss               
00009725  printf                             
0000978d  frexp                              
0000978d  frexpl                             
000097f1  fseek                              
00009855  __TI_wrt_ok                        
000098b9  HOSTopen                           
00009919  close                              
00009975  HOSTread                           
000099cd  HOSTwrite                          
00009a7b  __TI_ltoa                          
00009ad1  Task_MKII_S1                       
00009b25  Task_MKII_S2                       
00009bcb  __TI_doflush                       
00009c19  atoi                               
00009c65  exit                               
00009cad  __aeabi_d2iz                       
00009cf5  HOSTclose                          
00009d39  HOSTunlink                         
00009d7d  __TI_auto_init_nobinit_nopinit     
00009dc1  ece353_MKII_S1_Init                
00009dcd  ece353_MKII_S2_Init                
00009dd9  ece353_MKII_S1                     
00009de9  ece353_MKII_S2                     
00009e05  getdevice                          
00009e49  __aeabi_uidiv                      
00009e49  __aeabi_uidivmod                   
00009ec9  __TI_writemsg                      
00009ef7  C$$IO$$                            
00009f01  __aeabi_f2d                        
00009f39  strncpy                            
00009f71  __TI_cleanup                       
00009fa5  __TI_readmsg                       
00009fd9  _c_int00_noargs                    
0000a00d  finddevice                         
0000a03d  __aeabi_i2d                        
0000a06d  remove                             
0000a06d  unlink                             
0000a0c1  lseek                              
0000a0e9  write                              
0000a111  memchr                             
0000a131  __aeabi_ui2d                       
0000a16d  memccpy                            
0000a189  Task_Accelerometer_Timer           
0000a1a5  copysign                           
0000a1a5  copysignl                          
0000a1bf  strcmp                             
0000a1d7  strchr                             
0000a1ed  strcpy                             
0000a201  strlen                             
0000a215  wcslen                             
0000a227  __TI_decompress_none               
0000a235  Reset_Handler                      
0000a241  AES256_IRQHandler                  
0000a241  BusFault_Handler                   
0000a241  COMP_E0_IRQHandler                 
0000a241  COMP_E1_IRQHandler                 
0000a241  CS_IRQHandler                      
0000a241  DMA_ERR_IRQHandler                 
0000a241  DMA_INT0_IRQHandler                
0000a241  DMA_INT1_IRQHandler                
0000a241  DMA_INT2_IRQHandler                
0000a241  DMA_INT3_IRQHandler                
0000a241  DebugMon_Handler                   
0000a241  Default_Handler                    
0000a241  EUSCIA1_IRQHandler                 
0000a241  EUSCIA2_IRQHandler                 
0000a241  EUSCIA3_IRQHandler                 
0000a241  EUSCIB0_IRQHandler                 
0000a241  EUSCIB1_IRQHandler                 
0000a241  EUSCIB2_IRQHandler                 
0000a241  EUSCIB3_IRQHandler                 
0000a241  FLCTL_IRQHandler                   
0000a241  FPU_IRQHandler                     
0000a241  HardFault_Handler                  
0000a241  MemManage_Handler                  
0000a241  NMI_Handler                        
0000a241  PCM_IRQHandler                     
0000a241  PORT1_IRQHandler                   
0000a241  PORT2_IRQHandler                   
0000a241  PORT3_IRQHandler                   
0000a241  PORT4_IRQHandler                   
0000a241  PORT5_IRQHandler                   
0000a241  PORT6_IRQHandler                   
0000a241  PSS_IRQHandler                     
0000a241  PendSV_Handler                     
0000a241  RTC_C_IRQHandler                   
0000a241  SVC_Handler                        
0000a241  SysTick_Handler                    
0000a241  T32_INT1_IRQHandler                
0000a241  T32_INT2_IRQHandler                
0000a241  T32_INTC_IRQHandler                
0000a241  TA0_0_IRQHandler                   
0000a241  TA0_N_IRQHandler                   
0000a241  TA1_0_IRQHandler                   
0000a241  TA1_N_IRQHandler                   
0000a241  TA2_0_IRQHandler                   
0000a241  TA2_N_IRQHandler                   
0000a241  TA3_0_IRQHandler                   
0000a241  TA3_N_IRQHandler                   
0000a241  UsageFault_Handler                 
0000a241  WDT_A_IRQHandler                   
0000a243  __TI_zero_init                     
0000a251  __aeabi_errno_addr                 
0000a259  malloc                             
0000a269  _system_pre_init                   
0000a26d  C$$EXIT                            
0000a26d  abort                              
0000a270  Big_Letters                        
0000bb6c  Small_Letters                      
0000c4be  hangman_initBitmaps                
0000c7f1  hangman_4Bitmaps                   
0000ca61  hangman_5Bitmaps                   
0000ccd1  hangman_6Bitmaps                   
0000cf41  hangman_7Bitmaps                   
0000d1b1  hangman_8Bitmaps                   
0000d421  hangman_3Bitmaps                   
0000d681  hangman_1Bitmaps                   
0000d8d1  hangman_2Bitmaps                   
0000db21  _ctypes_                           
0000dc24  uxTopUsedPriority                  
0000dc58  letters_list                       
0000dc72  hangman_1WidthPixels               
0000dc73  hangman_1HeightPixels              
0000dc74  hangman_2WidthPixels               
0000dc75  hangman_2HeightPixels              
0000dc76  hangman_3WidthPixels               
0000dc77  hangman_3HeightPixels              
0000dc78  hangman_4WidthPixels               
0000dc79  hangman_4HeightPixels              
0000dc7a  hangman_5WidthPixels               
0000dc7b  hangman_5HeightPixels              
0000dc7c  hangman_6WidthPixels               
0000dc7d  hangman_6HeightPixels              
0000dc7e  hangman_7WidthPixels               
0000dc7f  hangman_7HeightPixels              
0000dc80  hangman_8WidthPixels               
0000dc81  hangman_8HeightPixels              
0000dc82  hangman_initWidthPixels            
0000dc83  hangman_initHeightPixels           
0000dc84  ulMaxSyscallInterruptPriority      
0000dc8c  Underscore                         
0000deac  __TI_Handler_Table_Base            
0000deb8  __TI_Handler_Table_Limit           
0000dec0  __TI_CINIT_Base                    
0000ded0  __TI_CINIT_Limit                   
20000000  __start___llvm_prf_cnts            
20000000  __stop___llvm_prf_cnts             
20008000  __CIOBUF_                          
200081e8  __TI_tmpnams                       
20008288  Rx_String                          
2000837c  parmbuf                            
20008384  Queue_Task_Accelerometer           
20008388  Queue_Task_Light_Sensor            
2000838c  Sem_Buzzer                         
20008390  Sem_Light_Sensor                   
20008394  Sem_S1                             
20008398  Sem_S2                             
2000839c  TaskHandle_MKII_S1                 
200083a0  TaskHandle_MKII_S2                 
200083a4  Task_Accelerometer_Handle          
200083a8  Task_Accelerometer_Timer_Handle    
200083ac  Task_Buzzer_Handle                 
200083b0  Task_LCD_Handle                    
200083b4  Task_Light_Sensor_Handle           
200083b8  Tx_Buffer                          
200083bc  direction                          
200083c0  word                               
200083c4  cycle                              
200083c8  word_list                          
200085c8  _ftable                            
200086b8  _device                            
20008730  _stream                            
20008780  pxCurrentTCB                       
200087e4  letters_found                      
200087f8  __TI_ft_end                        
200087fc  __aeabi_stdin                      
20008800  __aeabi_stdout                     
20008804  __aeabi_stderr                     
20008808  __TI_cleanup_ptr                   
2000880c  __TI_dtors_ptr                     
20008810  __TI_enable_exit_profile_output    
20008814  ACC_X_VAL                          
20008818  ACC_Y_VAL                          
2000881c  ACC_Z_VAL                          
2000882c  _lock                              
20008830  _unlock                            
2000883c  errno                              
20008840  SystemCoreClock                    
20008844  Rx_Char_Count                      
20008846  ALERT_STRING                       
20008848  _sys_memory                        
2000fe00  __stack                            
20010000  __STACK_END                        
4000480c  WDTCTL_SYM                         
ffffffff  __TI_pprof_out_hndl                
ffffffff  __TI_prof_data_size                
ffffffff  __TI_prof_data_start               
ffffffff  __binit__                          
ffffffff  __c_args__                         
ffffffff  binit                              
UNDEFED   __mpu_init                         
UNDEFED   _system_post_cinit                 

[411 symbols]
