<?xml version="1.0" encoding="ISO-8859-1" ?>
<link_info>
   <banner>TI ARM Linker PC v20.2.5.LTS</banner>
   <copyright>Copyright (c) 1996-2018 Texas Instruments Incorporated</copyright>
   <link_time>0x62758fdd</link_time>
   <link_errors>0x0</link_errors>
   <output_file>hangman-main.out</output_file>
   <entry_point>
      <name>_c_int00_noargs</name>
      <address>0x9fd9</address>
   </entry_point>
   <input_file_list>
      <input_file id="fl-2">
         <path>.\</path>
         <kind>object</kind>
         <file>circular_buffer.obj</file>
         <name>circular_buffer.obj</name>
      </input_file>
      <input_file id="fl-3">
         <path>.\</path>
         <kind>object</kind>
         <file>ece353.obj</file>
         <name>ece353.obj</name>
      </input_file>
      <input_file id="fl-4">
         <path>.\</path>
         <kind>object</kind>
         <file>hangman.obj</file>
         <name>hangman.obj</name>
      </input_file>
      <input_file id="fl-5">
         <path>.\</path>
         <kind>object</kind>
         <file>hangman_image.obj</file>
         <name>hangman_image.obj</name>
      </input_file>
      <input_file id="fl-6">
         <path>.\</path>
         <kind>object</kind>
         <file>heap_4.obj</file>
         <name>heap_4.obj</name>
      </input_file>
      <input_file id="fl-7">
         <path>.\</path>
         <kind>object</kind>
         <file>i2c.obj</file>
         <name>i2c.obj</name>
      </input_file>
      <input_file id="fl-8">
         <path>.\</path>
         <kind>object</kind>
         <file>main.obj</file>
         <name>main.obj</name>
      </input_file>
      <input_file id="fl-9">
         <path>.\</path>
         <kind>object</kind>
         <file>opt3001.obj</file>
         <name>opt3001.obj</name>
      </input_file>
      <input_file id="fl-a">
         <path>.\</path>
         <kind>object</kind>
         <file>serial_debug.obj</file>
         <name>serial_debug.obj</name>
      </input_file>
      <input_file id="fl-b">
         <path>.\</path>
         <kind>object</kind>
         <file>startup_msp432p401r_ccs.obj</file>
         <name>startup_msp432p401r_ccs.obj</name>
      </input_file>
      <input_file id="fl-c">
         <path>.\</path>
         <kind>object</kind>
         <file>system_msp432p401r.obj</file>
         <name>system_msp432p401r.obj</name>
      </input_file>
      <input_file id="fl-d">
         <path>.\</path>
         <kind>object</kind>
         <file>task_accelerometer.obj</file>
         <name>task_accelerometer.obj</name>
      </input_file>
      <input_file id="fl-e">
         <path>.\</path>
         <kind>object</kind>
         <file>task_accelerometer_timer.obj</file>
         <name>task_accelerometer_timer.obj</name>
      </input_file>
      <input_file id="fl-f">
         <path>.\</path>
         <kind>object</kind>
         <file>task_buzzer.obj</file>
         <name>task_buzzer.obj</name>
      </input_file>
      <input_file id="fl-10">
         <path>.\</path>
         <kind>object</kind>
         <file>task_lcd.obj</file>
         <name>task_lcd.obj</name>
      </input_file>
      <input_file id="fl-11">
         <path>.\</path>
         <kind>object</kind>
         <file>task_light_sensor.obj</file>
         <name>task_light_sensor.obj</name>
      </input_file>
      <input_file id="fl-12">
         <path>.\</path>
         <kind>object</kind>
         <file>task_mkII_s1.obj</file>
         <name>task_mkII_s1.obj</name>
      </input_file>
      <input_file id="fl-13">
         <path>.\</path>
         <kind>object</kind>
         <file>task_mkII_s2.obj</file>
         <name>task_mkII_s2.obj</name>
      </input_file>
      <input_file id="fl-14">
         <path>.\</path>
         <kind>object</kind>
         <file>word_list.obj</file>
         <name>word_list.obj</name>
      </input_file>
      <input_file id="fl-15">
         <path>.\FreeRTOS\</path>
         <kind>object</kind>
         <file>croutine.obj</file>
         <name>croutine.obj</name>
      </input_file>
      <input_file id="fl-16">
         <path>.\FreeRTOS\</path>
         <kind>object</kind>
         <file>event_groups.obj</file>
         <name>event_groups.obj</name>
      </input_file>
      <input_file id="fl-17">
         <path>.\FreeRTOS\</path>
         <kind>object</kind>
         <file>list.obj</file>
         <name>list.obj</name>
      </input_file>
      <input_file id="fl-18">
         <path>.\FreeRTOS\</path>
         <kind>object</kind>
         <file>queue.obj</file>
         <name>queue.obj</name>
      </input_file>
      <input_file id="fl-19">
         <path>.\FreeRTOS\</path>
         <kind>object</kind>
         <file>stream_buffer.obj</file>
         <name>stream_buffer.obj</name>
      </input_file>
      <input_file id="fl-1a">
         <path>.\FreeRTOS\</path>
         <kind>object</kind>
         <file>tasks.obj</file>
         <name>tasks.obj</name>
      </input_file>
      <input_file id="fl-1b">
         <path>.\FreeRTOS\</path>
         <kind>object</kind>
         <file>timers.obj</file>
         <name>timers.obj</name>
      </input_file>
      <input_file id="fl-1c">
         <path>.\FreeRTOS\portable\</path>
         <kind>object</kind>
         <file>port.obj</file>
         <name>port.obj</name>
      </input_file>
      <input_file id="fl-1d">
         <path>.\FreeRTOS\portable\</path>
         <kind>object</kind>
         <file>portasm.obj</file>
         <name>portasm.obj</name>
      </input_file>
      <input_file id="fl-21">
         <kind>object</kind>
         <file>&lt;internal&gt;</file>
         <name>&lt;internal&gt;</name>
      </input_file>
      <input_file id="fl-d7">
         <path>C:\ti\ccs1110\ccs\tools\compiler\ti-cgt-arm_20.2.5.LTS\lib\</path>
         <kind>archive</kind>
         <file>rtsv7M4_T_le_v4SPD16_eabi.lib</file>
         <name>printf.c.obj</name>
      </input_file>
      <input_file id="fl-d8">
         <path>C:\ti\ccs1110\ccs\tools\compiler\ti-cgt-arm_20.2.5.LTS\lib\</path>
         <kind>archive</kind>
         <file>rtsv7M4_T_le_v4SPD16_eabi.lib</file>
         <name>_printfi.c.obj</name>
      </input_file>
      <input_file id="fl-d9">
         <path>C:\ti\ccs1110\ccs\tools\compiler\ti-cgt-arm_20.2.5.LTS\lib\</path>
         <kind>archive</kind>
         <file>rtsv7M4_T_le_v4SPD16_eabi.lib</file>
         <name>fputs.c.obj</name>
      </input_file>
      <input_file id="fl-da">
         <path>C:\ti\ccs1110\ccs\tools\compiler\ti-cgt-arm_20.2.5.LTS\lib\</path>
         <kind>archive</kind>
         <file>rtsv7M4_T_le_v4SPD16_eabi.lib</file>
         <name>_io_perm.c.obj</name>
      </input_file>
      <input_file id="fl-db">
         <path>C:\ti\ccs1110\ccs\tools\compiler\ti-cgt-arm_20.2.5.LTS\lib\</path>
         <kind>archive</kind>
         <file>rtsv7M4_T_le_v4SPD16_eabi.lib</file>
         <name>setvbuf.c.obj</name>
      </input_file>
      <input_file id="fl-dc">
         <path>C:\ti\ccs1110\ccs\tools\compiler\ti-cgt-arm_20.2.5.LTS\lib\</path>
         <kind>archive</kind>
         <file>rtsv7M4_T_le_v4SPD16_eabi.lib</file>
         <name>e_pow.c.obj</name>
      </input_file>
      <input_file id="fl-dd">
         <path>C:\ti\ccs1110\ccs\tools\compiler\ti-cgt-arm_20.2.5.LTS\lib\</path>
         <kind>archive</kind>
         <file>rtsv7M4_T_le_v4SPD16_eabi.lib</file>
         <name>e_sqrt.c.obj</name>
      </input_file>
      <input_file id="fl-de">
         <path>C:\ti\ccs1110\ccs\tools\compiler\ti-cgt-arm_20.2.5.LTS\lib\</path>
         <kind>archive</kind>
         <file>rtsv7M4_T_le_v4SPD16_eabi.lib</file>
         <name>s_frexp.c.obj</name>
      </input_file>
      <input_file id="fl-df">
         <path>C:\ti\ccs1110\ccs\tools\compiler\ti-cgt-arm_20.2.5.LTS\lib\</path>
         <kind>archive</kind>
         <file>rtsv7M4_T_le_v4SPD16_eabi.lib</file>
         <name>s_scalbn.c.obj</name>
      </input_file>
      <input_file id="fl-e0">
         <path>C:\ti\ccs1110\ccs\tools\compiler\ti-cgt-arm_20.2.5.LTS\lib\</path>
         <kind>archive</kind>
         <file>rtsv7M4_T_le_v4SPD16_eabi.lib</file>
         <name>wcslen.c.obj</name>
      </input_file>
      <input_file id="fl-e1">
         <path>C:\ti\ccs1110\ccs\tools\compiler\ti-cgt-arm_20.2.5.LTS\lib\</path>
         <kind>archive</kind>
         <file>rtsv7M4_T_le_v4SPD16_eabi.lib</file>
         <name>fd_add_t2.asm.obj</name>
      </input_file>
      <input_file id="fl-e2">
         <path>C:\ti\ccs1110\ccs\tools\compiler\ti-cgt-arm_20.2.5.LTS\lib\</path>
         <kind>archive</kind>
         <file>rtsv7M4_T_le_v4SPD16_eabi.lib</file>
         <name>fd_cmp_t2.asm.obj</name>
      </input_file>
      <input_file id="fl-e3">
         <path>C:\ti\ccs1110\ccs\tools\compiler\ti-cgt-arm_20.2.5.LTS\lib\</path>
         <kind>archive</kind>
         <file>rtsv7M4_T_le_v4SPD16_eabi.lib</file>
         <name>fd_div_t2.asm.obj</name>
      </input_file>
      <input_file id="fl-e4">
         <path>C:\ti\ccs1110\ccs\tools\compiler\ti-cgt-arm_20.2.5.LTS\lib\</path>
         <kind>archive</kind>
         <file>rtsv7M4_T_le_v4SPD16_eabi.lib</file>
         <name>fd_mul_t2.asm.obj</name>
      </input_file>
      <input_file id="fl-e5">
         <path>C:\ti\ccs1110\ccs\tools\compiler\ti-cgt-arm_20.2.5.LTS\lib\</path>
         <kind>archive</kind>
         <file>rtsv7M4_T_le_v4SPD16_eabi.lib</file>
         <name>fd_toi_t2.asm.obj</name>
      </input_file>
      <input_file id="fl-e6">
         <path>C:\ti\ccs1110\ccs\tools\compiler\ti-cgt-arm_20.2.5.LTS\lib\</path>
         <kind>archive</kind>
         <file>rtsv7M4_T_le_v4SPD16_eabi.lib</file>
         <name>fd_tos_t2.asm.obj</name>
      </input_file>
      <input_file id="fl-e7">
         <path>C:\ti\ccs1110\ccs\tools\compiler\ti-cgt-arm_20.2.5.LTS\lib\</path>
         <kind>archive</kind>
         <file>rtsv7M4_T_le_v4SPD16_eabi.lib</file>
         <name>fs_tod_t2.asm.obj</name>
      </input_file>
      <input_file id="fl-e8">
         <path>C:\ti\ccs1110\ccs\tools\compiler\ti-cgt-arm_20.2.5.LTS\lib\</path>
         <kind>archive</kind>
         <file>rtsv7M4_T_le_v4SPD16_eabi.lib</file>
         <name>i_tofd_t2.asm.obj</name>
      </input_file>
      <input_file id="fl-e9">
         <path>C:\ti\ccs1110\ccs\tools\compiler\ti-cgt-arm_20.2.5.LTS\lib\</path>
         <kind>archive</kind>
         <file>rtsv7M4_T_le_v4SPD16_eabi.lib</file>
         <name>memcpy_t2.asm.obj</name>
      </input_file>
      <input_file id="fl-ea">
         <path>C:\ti\ccs1110\ccs\tools\compiler\ti-cgt-arm_20.2.5.LTS\lib\</path>
         <kind>archive</kind>
         <file>rtsv7M4_T_le_v4SPD16_eabi.lib</file>
         <name>u_tofd_t2.asm.obj</name>
      </input_file>
      <input_file id="fl-eb">
         <path>C:\ti\ccs1110\ccs\tools\compiler\ti-cgt-arm_20.2.5.LTS\lib\</path>
         <kind>archive</kind>
         <file>rtsv7M4_T_le_v4SPD16_eabi.lib</file>
         <name>u_divt2.asm.obj</name>
      </input_file>
      <input_file id="fl-ec">
         <path>C:\ti\ccs1110\ccs\tools\compiler\ti-cgt-arm_20.2.5.LTS\lib\</path>
         <kind>archive</kind>
         <file>rtsv7M4_T_le_v4SPD16_eabi.lib</file>
         <name>ull_div_t2.asm.obj</name>
      </input_file>
      <input_file id="fl-ed">
         <path>C:\ti\ccs1110\ccs\tools\compiler\ti-cgt-arm_20.2.5.LTS\lib\</path>
         <kind>archive</kind>
         <file>rtsv7M4_T_le_v4SPD16_eabi.lib</file>
         <name>memset_t2.asm.obj</name>
      </input_file>
      <input_file id="fl-ee">
         <path>C:\ti\ccs1110\ccs\tools\compiler\ti-cgt-arm_20.2.5.LTS\lib\</path>
         <kind>archive</kind>
         <file>rtsv7M4_T_le_v4SPD16_eabi.lib</file>
         <name>copy_zero_init.c.obj</name>
      </input_file>
      <input_file id="fl-ef">
         <path>C:\ti\ccs1110\ccs\tools\compiler\ti-cgt-arm_20.2.5.LTS\lib\</path>
         <kind>archive</kind>
         <file>rtsv7M4_T_le_v4SPD16_eabi.lib</file>
         <name>copy_decompress_none.c.obj</name>
      </input_file>
      <input_file id="fl-f0">
         <path>C:\ti\ccs1110\ccs\tools\compiler\ti-cgt-arm_20.2.5.LTS\lib\</path>
         <kind>archive</kind>
         <file>rtsv7M4_T_le_v4SPD16_eabi.lib</file>
         <name>copy_decompress_lzss.c.obj</name>
      </input_file>
      <input_file id="fl-f1">
         <path>C:\ti\ccs1110\ccs\tools\compiler\ti-cgt-arm_20.2.5.LTS\lib\</path>
         <kind>archive</kind>
         <file>rtsv7M4_T_le_v4SPD16_eabi.lib</file>
         <name>exit.c.obj</name>
      </input_file>
      <input_file id="fl-f2">
         <path>C:\ti\ccs1110\ccs\tools\compiler\ti-cgt-arm_20.2.5.LTS\lib\</path>
         <kind>archive</kind>
         <file>rtsv7M4_T_le_v4SPD16_eabi.lib</file>
         <name>_lock.c.obj</name>
      </input_file>
      <input_file id="fl-f3">
         <path>C:\ti\ccs1110\ccs\tools\compiler\ti-cgt-arm_20.2.5.LTS\lib\</path>
         <kind>archive</kind>
         <file>rtsv7M4_T_le_v4SPD16_eabi.lib</file>
         <name>_ltoa.c.obj</name>
      </input_file>
      <input_file id="fl-f4">
         <path>C:\ti\ccs1110\ccs\tools\compiler\ti-cgt-arm_20.2.5.LTS\lib\</path>
         <kind>archive</kind>
         <file>rtsv7M4_T_le_v4SPD16_eabi.lib</file>
         <name>atoi.c.obj</name>
      </input_file>
      <input_file id="fl-f5">
         <path>C:\ti\ccs1110\ccs\tools\compiler\ti-cgt-arm_20.2.5.LTS\lib\</path>
         <kind>archive</kind>
         <file>rtsv7M4_T_le_v4SPD16_eabi.lib</file>
         <name>ctype.c.obj</name>
      </input_file>
      <input_file id="fl-f6">
         <path>C:\ti\ccs1110\ccs\tools\compiler\ti-cgt-arm_20.2.5.LTS\lib\</path>
         <kind>archive</kind>
         <file>rtsv7M4_T_le_v4SPD16_eabi.lib</file>
         <name>defs.c.obj</name>
      </input_file>
      <input_file id="fl-f7">
         <path>C:\ti\ccs1110\ccs\tools\compiler\ti-cgt-arm_20.2.5.LTS\lib\</path>
         <kind>archive</kind>
         <file>rtsv7M4_T_le_v4SPD16_eabi.lib</file>
         <name>memccpy.c.obj</name>
      </input_file>
      <input_file id="fl-f8">
         <path>C:\ti\ccs1110\ccs\tools\compiler\ti-cgt-arm_20.2.5.LTS\lib\</path>
         <kind>archive</kind>
         <file>rtsv7M4_T_le_v4SPD16_eabi.lib</file>
         <name>memchr.c.obj</name>
      </input_file>
      <input_file id="fl-f9">
         <path>C:\ti\ccs1110\ccs\tools\compiler\ti-cgt-arm_20.2.5.LTS\lib\</path>
         <kind>archive</kind>
         <file>rtsv7M4_T_le_v4SPD16_eabi.lib</file>
         <name>memory.c.obj</name>
      </input_file>
      <input_file id="fl-fa">
         <path>C:\ti\ccs1110\ccs\tools\compiler\ti-cgt-arm_20.2.5.LTS\lib\</path>
         <kind>archive</kind>
         <file>rtsv7M4_T_le_v4SPD16_eabi.lib</file>
         <name>strchr.c.obj</name>
      </input_file>
      <input_file id="fl-fb">
         <path>C:\ti\ccs1110\ccs\tools\compiler\ti-cgt-arm_20.2.5.LTS\lib\</path>
         <kind>archive</kind>
         <file>rtsv7M4_T_le_v4SPD16_eabi.lib</file>
         <name>strlen.c.obj</name>
      </input_file>
      <input_file id="fl-fc">
         <path>C:\ti\ccs1110\ccs\tools\compiler\ti-cgt-arm_20.2.5.LTS\lib\</path>
         <kind>archive</kind>
         <file>rtsv7M4_T_le_v4SPD16_eabi.lib</file>
         <name>errno.c.obj</name>
      </input_file>
      <input_file id="fl-fd">
         <path>C:\ti\ccs1110\ccs\tools\compiler\ti-cgt-arm_20.2.5.LTS\lib\</path>
         <kind>archive</kind>
         <file>rtsv7M4_T_le_v4SPD16_eabi.lib</file>
         <name>boot_cortex_m.c.obj</name>
      </input_file>
      <input_file id="fl-fe">
         <path>C:\ti\ccs1110\ccs\tools\compiler\ti-cgt-arm_20.2.5.LTS\lib\</path>
         <kind>archive</kind>
         <file>rtsv7M4_T_le_v4SPD16_eabi.lib</file>
         <name>write.c.obj</name>
      </input_file>
      <input_file id="fl-ff">
         <path>C:\ti\ccs1110\ccs\tools\compiler\ti-cgt-arm_20.2.5.LTS\lib\</path>
         <kind>archive</kind>
         <file>rtsv7M4_T_le_v4SPD16_eabi.lib</file>
         <name>host_device.c.obj</name>
      </input_file>
      <input_file id="fl-100">
         <path>C:\ti\ccs1110\ccs\tools\compiler\ti-cgt-arm_20.2.5.LTS\lib\</path>
         <kind>archive</kind>
         <file>rtsv7M4_T_le_v4SPD16_eabi.lib</file>
         <name>fflush.c.obj</name>
      </input_file>
      <input_file id="fl-101">
         <path>C:\ti\ccs1110\ccs\tools\compiler\ti-cgt-arm_20.2.5.LTS\lib\</path>
         <kind>archive</kind>
         <file>rtsv7M4_T_le_v4SPD16_eabi.lib</file>
         <name>fopen.c.obj</name>
      </input_file>
      <input_file id="fl-102">
         <path>C:\ti\ccs1110\ccs\tools\compiler\ti-cgt-arm_20.2.5.LTS\lib\</path>
         <kind>archive</kind>
         <file>rtsv7M4_T_le_v4SPD16_eabi.lib</file>
         <name>fseek.c.obj</name>
      </input_file>
      <input_file id="fl-103">
         <path>C:\ti\ccs1110\ccs\tools\compiler\ti-cgt-arm_20.2.5.LTS\lib\</path>
         <kind>archive</kind>
         <file>rtsv7M4_T_le_v4SPD16_eabi.lib</file>
         <name>s_copysign.c.obj</name>
      </input_file>
      <input_file id="fl-104">
         <path>C:\ti\ccs1110\ccs\tools\compiler\ti-cgt-arm_20.2.5.LTS\lib\</path>
         <kind>archive</kind>
         <file>rtsv7M4_T_le_v4SPD16_eabi.lib</file>
         <name>div0.asm.obj</name>
      </input_file>
      <input_file id="fl-105">
         <path>C:\ti\ccs1110\ccs\tools\compiler\ti-cgt-arm_20.2.5.LTS\lib\</path>
         <kind>archive</kind>
         <file>rtsv7M4_T_le_v4SPD16_eabi.lib</file>
         <name>autoinit.c.obj</name>
      </input_file>
      <input_file id="fl-106">
         <path>C:\ti\ccs1110\ccs\tools\compiler\ti-cgt-arm_20.2.5.LTS\lib\</path>
         <kind>archive</kind>
         <file>rtsv7M4_T_le_v4SPD16_eabi.lib</file>
         <name>pre_init.c.obj</name>
      </input_file>
      <input_file id="fl-107">
         <path>C:\ti\ccs1110\ccs\tools\compiler\ti-cgt-arm_20.2.5.LTS\lib\</path>
         <kind>archive</kind>
         <file>rtsv7M4_T_le_v4SPD16_eabi.lib</file>
         <name>cpy_tbl.c.obj</name>
      </input_file>
      <input_file id="fl-108">
         <path>C:\ti\ccs1110\ccs\tools\compiler\ti-cgt-arm_20.2.5.LTS\lib\</path>
         <kind>archive</kind>
         <file>rtsv7M4_T_le_v4SPD16_eabi.lib</file>
         <name>args_main.c.obj</name>
      </input_file>
      <input_file id="fl-109">
         <path>C:\ti\ccs1110\ccs\tools\compiler\ti-cgt-arm_20.2.5.LTS\lib\</path>
         <kind>archive</kind>
         <file>rtsv7M4_T_le_v4SPD16_eabi.lib</file>
         <name>hostclose.c.obj</name>
      </input_file>
      <input_file id="fl-10a">
         <path>C:\ti\ccs1110\ccs\tools\compiler\ti-cgt-arm_20.2.5.LTS\lib\</path>
         <kind>archive</kind>
         <file>rtsv7M4_T_le_v4SPD16_eabi.lib</file>
         <name>hostlseek.c.obj</name>
      </input_file>
      <input_file id="fl-10b">
         <path>C:\ti\ccs1110\ccs\tools\compiler\ti-cgt-arm_20.2.5.LTS\lib\</path>
         <kind>archive</kind>
         <file>rtsv7M4_T_le_v4SPD16_eabi.lib</file>
         <name>hostopen.c.obj</name>
      </input_file>
      <input_file id="fl-10c">
         <path>C:\ti\ccs1110\ccs\tools\compiler\ti-cgt-arm_20.2.5.LTS\lib\</path>
         <kind>archive</kind>
         <file>rtsv7M4_T_le_v4SPD16_eabi.lib</file>
         <name>hostread.c.obj</name>
      </input_file>
      <input_file id="fl-10d">
         <path>C:\ti\ccs1110\ccs\tools\compiler\ti-cgt-arm_20.2.5.LTS\lib\</path>
         <kind>archive</kind>
         <file>rtsv7M4_T_le_v4SPD16_eabi.lib</file>
         <name>hostrename.c.obj</name>
      </input_file>
      <input_file id="fl-10e">
         <path>C:\ti\ccs1110\ccs\tools\compiler\ti-cgt-arm_20.2.5.LTS\lib\</path>
         <kind>archive</kind>
         <file>rtsv7M4_T_le_v4SPD16_eabi.lib</file>
         <name>hostunlink.c.obj</name>
      </input_file>
      <input_file id="fl-10f">
         <path>C:\ti\ccs1110\ccs\tools\compiler\ti-cgt-arm_20.2.5.LTS\lib\</path>
         <kind>archive</kind>
         <file>rtsv7M4_T_le_v4SPD16_eabi.lib</file>
         <name>hostwrite.c.obj</name>
      </input_file>
      <input_file id="fl-110">
         <path>C:\ti\ccs1110\ccs\tools\compiler\ti-cgt-arm_20.2.5.LTS\lib\</path>
         <kind>archive</kind>
         <file>rtsv7M4_T_le_v4SPD16_eabi.lib</file>
         <name>trgmsg.c.obj</name>
      </input_file>
      <input_file id="fl-111">
         <path>C:\ti\ccs1110\ccs\tools\compiler\ti-cgt-arm_20.2.5.LTS\lib\</path>
         <kind>archive</kind>
         <file>rtsv7M4_T_le_v4SPD16_eabi.lib</file>
         <name>open.c.obj</name>
      </input_file>
      <input_file id="fl-112">
         <path>C:\ti\ccs1110\ccs\tools\compiler\ti-cgt-arm_20.2.5.LTS\lib\</path>
         <kind>archive</kind>
         <file>rtsv7M4_T_le_v4SPD16_eabi.lib</file>
         <name>lseek.c.obj</name>
      </input_file>
      <input_file id="fl-113">
         <path>C:\ti\ccs1110\ccs\tools\compiler\ti-cgt-arm_20.2.5.LTS\lib\</path>
         <kind>archive</kind>
         <file>rtsv7M4_T_le_v4SPD16_eabi.lib</file>
         <name>fclose.c.obj</name>
      </input_file>
      <input_file id="fl-114">
         <path>C:\ti\ccs1110\ccs\tools\compiler\ti-cgt-arm_20.2.5.LTS\lib\</path>
         <kind>archive</kind>
         <file>rtsv7M4_T_le_v4SPD16_eabi.lib</file>
         <name>getdevice.c.obj</name>
      </input_file>
      <input_file id="fl-115">
         <path>C:\ti\ccs1110\ccs\tools\compiler\ti-cgt-arm_20.2.5.LTS\lib\</path>
         <kind>archive</kind>
         <file>rtsv7M4_T_le_v4SPD16_eabi.lib</file>
         <name>strcmp.c.obj</name>
      </input_file>
      <input_file id="fl-116">
         <path>C:\ti\ccs1110\ccs\tools\compiler\ti-cgt-arm_20.2.5.LTS\lib\</path>
         <kind>archive</kind>
         <file>rtsv7M4_T_le_v4SPD16_eabi.lib</file>
         <name>strcpy.c.obj</name>
      </input_file>
      <input_file id="fl-117">
         <path>C:\ti\ccs1110\ccs\tools\compiler\ti-cgt-arm_20.2.5.LTS\lib\</path>
         <kind>archive</kind>
         <file>rtsv7M4_T_le_v4SPD16_eabi.lib</file>
         <name>strncpy.c.obj</name>
      </input_file>
      <input_file id="fl-118">
         <path>C:\ti\ccs1110\ccs\tools\compiler\ti-cgt-arm_20.2.5.LTS\lib\</path>
         <kind>archive</kind>
         <file>rtsv7M4_T_le_v4SPD16_eabi.lib</file>
         <name>remove.c.obj</name>
      </input_file>
      <input_file id="fl-119">
         <path>C:\ti\ccs1110\ccs\tools\compiler\ti-cgt-arm_20.2.5.LTS\lib\</path>
         <kind>archive</kind>
         <file>rtsv7M4_T_le_v4SPD16_eabi.lib</file>
         <name>close.c.obj</name>
      </input_file>
      <input_file id="fl-11a">
         <path>C:\ti\ccs1110\ccs\tools\compiler\ti-cgt-arm_20.2.5.LTS\lib\</path>
         <kind>archive</kind>
         <file>rtsv7M4_T_le_v4SPD16_eabi.lib</file>
         <name>unlink.c.obj</name>
      </input_file>
   </input_file_list>
   <object_component_list>
      <object_component id="oc-26">
         <name>.intvecs:retain</name>
         <load_address>0x0</load_address>
         <run_address>0x0</run_address>
         <size>0xe4</size>
         <input_file_ref idref="fl-b"/>
      </object_component>
      <object_component id="oc-d0">
         <name>.text</name>
         <load_address>0xe4</load_address>
         <run_address>0xe4</run_address>
         <size>0x2810</size>
         <input_file_ref idref="fl-1a"/>
      </object_component>
      <object_component id="oc-103">
         <name>.text</name>
         <load_address>0x28f4</load_address>
         <run_address>0x28f4</run_address>
         <size>0x1124</size>
         <input_file_ref idref="fl-18"/>
      </object_component>
      <object_component id="oc-158">
         <name>.text</name>
         <load_address>0x3a18</load_address>
         <run_address>0x3a18</run_address>
         <size>0x10f0</size>
         <input_file_ref idref="fl-10"/>
      </object_component>
      <object_component id="oc-374">
         <name>.text:__TI_printfi</name>
         <load_address>0x4b08</load_address>
         <run_address>0x4b08</run_address>
         <size>0xa4e</size>
         <input_file_ref idref="fl-d8"/>
      </object_component>
      <object_component id="oc-3b6">
         <name>.text:_nop</name>
         <load_address>0x5556</load_address>
         <run_address>0x5556</run_address>
         <size>0x2</size>
         <input_file_ref idref="fl-f2"/>
      </object_component>
      <object_component id="oc-363">
         <name>.text:pow</name>
         <load_address>0x5558</load_address>
         <run_address>0x5558</run_address>
         <size>0x9d0</size>
         <input_file_ref idref="fl-dc"/>
      </object_component>
      <object_component id="oc-1dd">
         <name>.text</name>
         <load_address>0x5f28</load_address>
         <run_address>0x5f28</run_address>
         <size>0x720</size>
         <input_file_ref idref="fl-1b"/>
      </object_component>
      <object_component id="oc-1c5">
         <name>.text</name>
         <load_address>0x6648</load_address>
         <run_address>0x6648</run_address>
         <size>0x454</size>
         <input_file_ref idref="fl-6"/>
      </object_component>
      <object_component id="oc-75">
         <name>.text</name>
         <load_address>0x6a9c</load_address>
         <run_address>0x6a9c</run_address>
         <size>0x438</size>
         <input_file_ref idref="fl-1c"/>
      </object_component>
      <object_component id="oc-c3">
         <name>.text</name>
         <load_address>0x6ed4</load_address>
         <run_address>0x6ed4</run_address>
         <size>0x354</size>
         <input_file_ref idref="fl-c"/>
      </object_component>
      <object_component id="oc-453">
         <name>.text:_pconv_a</name>
         <load_address>0x7228</load_address>
         <run_address>0x7228</run_address>
         <size>0x270</size>
         <input_file_ref idref="fl-d8"/>
      </object_component>
      <object_component id="oc-81">
         <name>.text</name>
         <load_address>0x7498</load_address>
         <run_address>0x7498</run_address>
         <size>0x228</size>
         <input_file_ref idref="fl-d"/>
      </object_component>
      <object_component id="oc-b1">
         <name>.text</name>
         <load_address>0x76c0</load_address>
         <run_address>0x76c0</run_address>
         <size>0x1e0</size>
         <input_file_ref idref="fl-8"/>
      </object_component>
      <object_component id="oc-eb">
         <name>.text</name>
         <load_address>0x78a0</load_address>
         <run_address>0x78a0</run_address>
         <size>0x1de</size>
         <input_file_ref idref="fl-2"/>
      </object_component>
      <object_component id="oc-34d">
         <name>.text</name>
         <load_address>0x7a7e</load_address>
         <run_address>0x7a7e</run_address>
         <size>0x2</size>
         <input_file_ref idref="fl-104"/>
      </object_component>
      <object_component id="oc-441">
         <name>.text:_pconv_g</name>
         <load_address>0x7a80</load_address>
         <run_address>0x7a80</run_address>
         <size>0x1d0</size>
         <input_file_ref idref="fl-d8"/>
      </object_component>
      <object_component id="oc-277">
         <name>.text</name>
         <load_address>0x7c50</load_address>
         <run_address>0x7c50</run_address>
         <size>0x1cc</size>
         <input_file_ref idref="fl-7"/>
      </object_component>
      <object_component id="oc-26c">
         <name>.text</name>
         <load_address>0x7e1c</load_address>
         <run_address>0x7e1c</run_address>
         <size>0x1b6</size>
         <input_file_ref idref="fl-e1"/>
      </object_component>
      <object_component id="oc-7b">
         <name>.text</name>
         <load_address>0x7fd4</load_address>
         <run_address>0x7fd4</run_address>
         <size>0x19c</size>
         <input_file_ref idref="fl-a"/>
      </object_component>
      <object_component id="oc-401">
         <name>.text:sqrt</name>
         <load_address>0x8170</load_address>
         <run_address>0x8170</run_address>
         <size>0x158</size>
         <input_file_ref idref="fl-dd"/>
      </object_component>
      <object_component id="oc-44d">
         <name>.text:_pconv_e</name>
         <load_address>0x82c8</load_address>
         <run_address>0x82c8</run_address>
         <size>0x13c</size>
         <input_file_ref idref="fl-d8"/>
      </object_component>
      <object_component id="oc-3fc">
         <name>.text</name>
         <load_address>0x8404</load_address>
         <run_address>0x8404</run_address>
         <size>0x136</size>
         <input_file_ref idref="fl-e3"/>
      </object_component>
      <object_component id="oc-1cb">
         <name>.text</name>
         <load_address>0x853a</load_address>
         <run_address>0x853a</run_address>
         <size>0x12a</size>
         <input_file_ref idref="fl-17"/>
      </object_component>
      <object_component id="oc-4e7">
         <name>.text:fcvt</name>
         <load_address>0x8664</load_address>
         <run_address>0x8664</run_address>
         <size>0x124</size>
         <input_file_ref idref="fl-d8"/>
      </object_component>
      <object_component id="oc-475">
         <name>.text:fputs</name>
         <load_address>0x8788</load_address>
         <run_address>0x8788</run_address>
         <size>0x114</size>
         <input_file_ref idref="fl-d9"/>
      </object_component>
      <object_component id="oc-41f">
         <name>.text:scalbn</name>
         <load_address>0x889c</load_address>
         <run_address>0x889c</run_address>
         <size>0x110</size>
         <input_file_ref idref="fl-df"/>
      </object_component>
      <object_component id="oc-339">
         <name>.text:aligned_alloc</name>
         <load_address>0x89ac</load_address>
         <run_address>0x89ac</run_address>
         <size>0x100</size>
         <input_file_ref idref="fl-f9"/>
      </object_component>
      <object_component id="oc-267">
         <name>.text</name>
         <load_address>0x8aac</load_address>
         <run_address>0x8aac</run_address>
         <size>0xfc</size>
         <input_file_ref idref="fl-e4"/>
      </object_component>
      <object_component id="oc-14a">
         <name>.text</name>
         <load_address>0x8ba8</load_address>
         <run_address>0x8ba8</run_address>
         <size>0xf8</size>
         <input_file_ref idref="fl-f"/>
      </object_component>
      <object_component id="oc-20f">
         <name>.text:free</name>
         <load_address>0x8ca0</load_address>
         <run_address>0x8ca0</run_address>
         <size>0xe4</size>
         <input_file_ref idref="fl-f9"/>
      </object_component>
      <object_component id="oc-56c">
         <name>.text:setvbuf</name>
         <load_address>0x8d84</load_address>
         <run_address>0x8d84</run_address>
         <size>0xdc</size>
         <input_file_ref idref="fl-db"/>
      </object_component>
      <object_component id="oc-151">
         <name>.text</name>
         <load_address>0x8e60</load_address>
         <run_address>0x8e60</run_address>
         <size>0xdc</size>
         <input_file_ref idref="fl-11"/>
      </object_component>
      <object_component id="oc-70">
         <name>.text</name>
         <load_address>0x8f3c</load_address>
         <run_address>0x8f3c</run_address>
         <size>0xda</size>
         <input_file_ref idref="fl-1d"/>
      </object_component>
      <object_component id="oc-43b">
         <name>.text:_ltostr</name>
         <load_address>0x9018</load_address>
         <run_address>0x9018</run_address>
         <size>0xb1</size>
         <input_file_ref idref="fl-d8"/>
      </object_component>
      <object_component id="oc-27d">
         <name>.text</name>
         <load_address>0x90cc</load_address>
         <run_address>0x90cc</run_address>
         <size>0xa4</size>
         <input_file_ref idref="fl-9"/>
      </object_component>
      <object_component id="oc-3a">
         <name>.text</name>
         <load_address>0x9170</load_address>
         <run_address>0x9170</run_address>
         <size>0x9c</size>
         <input_file_ref idref="fl-e9"/>
      </object_component>
      <object_component id="oc-4ce">
         <name>.text</name>
         <load_address>0x920c</load_address>
         <run_address>0x920c</run_address>
         <size>0x96</size>
         <input_file_ref idref="fl-ec"/>
      </object_component>
      <object_component id="oc-415">
         <name>.text:__aeabi_cdcmple</name>
         <load_address>0x92a2</load_address>
         <run_address>0x92a2</run_address>
         <size>0x86</size>
         <input_file_ref idref="fl-e2"/>
      </object_component>
      <object_component id="oc-41a">
         <name>.text:__aeabi_cdrcmple</name>
         <load_address>0x9328</load_address>
         <run_address>0x9328</run_address>
         <size>0x86</size>
         <input_file_ref idref="fl-e2"/>
      </object_component>
      <object_component id="oc-a5">
         <name>.text</name>
         <load_address>0x93ae</load_address>
         <run_address>0x93ae</run_address>
         <size>0x7a</size>
         <input_file_ref idref="fl-ed"/>
      </object_component>
      <object_component id="oc-5b8">
         <name>.text:__TI_closefile</name>
         <load_address>0x9428</load_address>
         <run_address>0x9428</run_address>
         <size>0x74</size>
         <input_file_ref idref="fl-113"/>
      </object_component>
      <object_component id="oc-3ef">
         <name>.text:split</name>
         <load_address>0x949c</load_address>
         <run_address>0x949c</run_address>
         <size>0x70</size>
         <input_file_ref idref="fl-f9"/>
      </object_component>
      <object_component id="oc-4e0">
         <name>.text:_mcpy</name>
         <load_address>0x950c</load_address>
         <run_address>0x950c</run_address>
         <size>0x6e</size>
         <input_file_ref idref="fl-d8"/>
      </object_component>
      <object_component id="oc-36e">
         <name>.text</name>
         <load_address>0x957a</load_address>
         <run_address>0x957a</run_address>
         <size>0x6e</size>
         <input_file_ref idref="fl-e6"/>
      </object_component>
      <object_component id="oc-5e8">
         <name>.text:HOSTrename</name>
         <load_address>0x95e8</load_address>
         <run_address>0x95e8</run_address>
         <size>0x6c</size>
         <input_file_ref idref="fl-10d"/>
      </object_component>
      <object_component id="oc-5dc">
         <name>.text:HOSTlseek</name>
         <load_address>0x9654</load_address>
         <run_address>0x9654</run_address>
         <size>0x68</size>
         <input_file_ref idref="fl-10a"/>
      </object_component>
      <object_component id="oc-17">
         <name>.text:decompress:lzss:__TI_decompress_lzss</name>
         <load_address>0x96bc</load_address>
         <run_address>0x96bc</run_address>
         <size>0x68</size>
         <input_file_ref idref="fl-f0"/>
      </object_component>
      <object_component id="oc-283">
         <name>.text:printf</name>
         <load_address>0x9724</load_address>
         <run_address>0x9724</run_address>
         <size>0x68</size>
         <input_file_ref idref="fl-d7"/>
      </object_component>
      <object_component id="oc-4f5">
         <name>.text:frexp</name>
         <load_address>0x978c</load_address>
         <run_address>0x978c</run_address>
         <size>0x64</size>
         <input_file_ref idref="fl-de"/>
      </object_component>
      <object_component id="oc-566">
         <name>.text:fseek</name>
         <load_address>0x97f0</load_address>
         <run_address>0x97f0</run_address>
         <size>0x64</size>
         <input_file_ref idref="fl-102"/>
      </object_component>
      <object_component id="oc-51e">
         <name>.text:__TI_wrt_ok</name>
         <load_address>0x9854</load_address>
         <run_address>0x9854</run_address>
         <size>0x62</size>
         <input_file_ref idref="fl-da"/>
      </object_component>
      <object_component id="oc-5c4">
         <name>.text:HOSTopen</name>
         <load_address>0x98b8</load_address>
         <run_address>0x98b8</run_address>
         <size>0x60</size>
         <input_file_ref idref="fl-10b"/>
      </object_component>
      <object_component id="oc-5f4">
         <name>.text:close</name>
         <load_address>0x9918</load_address>
         <run_address>0x9918</run_address>
         <size>0x5c</size>
         <input_file_ref idref="fl-119"/>
      </object_component>
      <object_component id="oc-5d0">
         <name>.text:HOSTread</name>
         <load_address>0x9974</load_address>
         <run_address>0x9974</run_address>
         <size>0x58</size>
         <input_file_ref idref="fl-10c"/>
      </object_component>
      <object_component id="oc-5d6">
         <name>.text:HOSTwrite</name>
         <load_address>0x99cc</load_address>
         <run_address>0x99cc</run_address>
         <size>0x58</size>
         <input_file_ref idref="fl-10f"/>
      </object_component>
      <object_component id="oc-447">
         <name>.text:_pconv_f</name>
         <load_address>0x9a24</load_address>
         <run_address>0x9a24</run_address>
         <size>0x56</size>
         <input_file_ref idref="fl-d8"/>
      </object_component>
      <object_component id="oc-4d4">
         <name>.text:__TI_ltoa</name>
         <load_address>0x9a7a</load_address>
         <run_address>0x9a7a</run_address>
         <size>0x54</size>
         <input_file_ref idref="fl-f3"/>
      </object_component>
      <object_component id="oc-15f">
         <name>.text</name>
         <load_address>0x9ad0</load_address>
         <run_address>0x9ad0</run_address>
         <size>0x54</size>
         <input_file_ref idref="fl-12"/>
      </object_component>
      <object_component id="oc-166">
         <name>.text</name>
         <load_address>0x9b24</load_address>
         <run_address>0x9b24</run_address>
         <size>0x54</size>
         <input_file_ref idref="fl-13"/>
      </object_component>
      <object_component id="oc-4da">
         <name>.text:_ecpy</name>
         <load_address>0x9b78</load_address>
         <run_address>0x9b78</run_address>
         <size>0x52</size>
         <input_file_ref idref="fl-d8"/>
      </object_component>
      <object_component id="oc-52a">
         <name>.text:__TI_doflush</name>
         <load_address>0x9bca</load_address>
         <run_address>0x9bca</run_address>
         <size>0x4c</size>
         <input_file_ref idref="fl-100"/>
      </object_component>
      <object_component id="oc-435">
         <name>.text:atoi</name>
         <load_address>0x9c18</load_address>
         <run_address>0x9c18</run_address>
         <size>0x4c</size>
         <input_file_ref idref="fl-f4"/>
      </object_component>
      <object_component id="oc-17f">
         <name>.text:exit</name>
         <load_address>0x9c64</load_address>
         <run_address>0x9c64</run_address>
         <size>0x48</size>
         <input_file_ref idref="fl-f1"/>
      </object_component>
      <object_component id="oc-271">
         <name>.text</name>
         <load_address>0x9cac</load_address>
         <run_address>0x9cac</run_address>
         <size>0x48</size>
         <input_file_ref idref="fl-e5"/>
      </object_component>
      <object_component id="oc-5ca">
         <name>.text:HOSTclose</name>
         <load_address>0x9cf4</load_address>
         <run_address>0x9cf4</run_address>
         <size>0x44</size>
         <input_file_ref idref="fl-109"/>
      </object_component>
      <object_component id="oc-5e2">
         <name>.text:HOSTunlink</name>
         <load_address>0x9d38</load_address>
         <run_address>0x9d38</run_address>
         <size>0x44</size>
         <input_file_ref idref="fl-10e"/>
      </object_component>
      <object_component id="oc-185">
         <name>.text:__TI_auto_init_nobinit_nopinit:__TI_auto_init_nobinit_nopinit</name>
         <load_address>0x9d7c</load_address>
         <run_address>0x9d7c</run_address>
         <size>0x44</size>
         <input_file_ref idref="fl-105"/>
      </object_component>
      <object_component id="oc-28a">
         <name>.text</name>
         <load_address>0x9dc0</load_address>
         <run_address>0x9dc0</run_address>
         <size>0x44</size>
         <input_file_ref idref="fl-3"/>
      </object_component>
      <object_component id="oc-629">
         <name>.text:getdevice</name>
         <load_address>0x9e04</load_address>
         <run_address>0x9e04</run_address>
         <size>0x44</size>
         <input_file_ref idref="fl-114"/>
      </object_component>
      <object_component id="oc-215">
         <name>.text</name>
         <load_address>0x9e48</load_address>
         <run_address>0x9e48</run_address>
         <size>0x40</size>
         <input_file_ref idref="fl-eb"/>
      </object_component>
      <object_component id="oc-4ed">
         <name>.text:_fcpy</name>
         <load_address>0x9e88</load_address>
         <run_address>0x9e88</run_address>
         <size>0x3e</size>
         <input_file_ref idref="fl-d8"/>
      </object_component>
      <object_component id="oc-605">
         <name>.text:__TI_writemsg</name>
         <load_address>0x9ec8</load_address>
         <run_address>0x9ec8</run_address>
         <size>0x38</size>
         <input_file_ref idref="fl-110"/>
      </object_component>
      <object_component id="oc-369">
         <name>.text</name>
         <load_address>0x9f00</load_address>
         <run_address>0x9f00</run_address>
         <size>0x38</size>
         <input_file_ref idref="fl-e7"/>
      </object_component>
      <object_component id="oc-64b">
         <name>.text:strncpy</name>
         <load_address>0x9f38</load_address>
         <run_address>0x9f38</run_address>
         <size>0x36</size>
         <input_file_ref idref="fl-117"/>
      </object_component>
      <object_component id="oc-58f">
         <name>.text:__TI_cleanup</name>
         <load_address>0x9f70</load_address>
         <run_address>0x9f70</run_address>
         <size>0x34</size>
         <input_file_ref idref="fl-101"/>
      </object_component>
      <object_component id="oc-60b">
         <name>.text:__TI_readmsg</name>
         <load_address>0x9fa4</load_address>
         <run_address>0x9fa4</run_address>
         <size>0x34</size>
         <input_file_ref idref="fl-110"/>
      </object_component>
      <object_component id="oc-58">
         <name>.text:_c_int00_noargs:_c_int00_noargs</name>
         <load_address>0x9fd8</load_address>
         <run_address>0x9fd8</run_address>
         <size>0x34</size>
         <input_file_ref idref="fl-fd"/>
      </object_component>
      <object_component id="oc-651">
         <name>.text:finddevice</name>
         <load_address>0xa00c</load_address>
         <run_address>0xa00c</run_address>
         <size>0x30</size>
         <input_file_ref idref="fl-114"/>
      </object_component>
      <object_component id="oc-40d">
         <name>.text</name>
         <load_address>0xa03c</load_address>
         <run_address>0xa03c</run_address>
         <size>0x2e</size>
         <input_file_ref idref="fl-e8"/>
      </object_component>
      <object_component id="oc-5fa">
         <name>.text:unlink</name>
         <load_address>0xa06c</load_address>
         <run_address>0xa06c</run_address>
         <size>0x2c</size>
         <input_file_ref idref="fl-11a"/>
      </object_component>
      <object_component id="oc-346">
         <name>.text:free_list_insert</name>
         <load_address>0xa098</load_address>
         <run_address>0xa098</run_address>
         <size>0x28</size>
         <input_file_ref idref="fl-f9"/>
      </object_component>
      <object_component id="oc-587">
         <name>.text:lseek</name>
         <load_address>0xa0c0</load_address>
         <run_address>0xa0c0</run_address>
         <size>0x28</size>
         <input_file_ref idref="fl-112"/>
      </object_component>
      <object_component id="oc-530">
         <name>.text:write</name>
         <load_address>0xa0e8</load_address>
         <run_address>0xa0e8</run_address>
         <size>0x28</size>
         <input_file_ref idref="fl-fe"/>
      </object_component>
      <object_component id="oc-524">
         <name>.text:memchr</name>
         <load_address>0xa110</load_address>
         <run_address>0xa110</run_address>
         <size>0x20</size>
         <input_file_ref idref="fl-f8"/>
      </object_component>
      <object_component id="oc-262">
         <name>.text</name>
         <load_address>0xa130</load_address>
         <run_address>0xa130</run_address>
         <size>0x20</size>
         <input_file_ref idref="fl-ea"/>
      </object_component>
      <object_component id="oc-340">
         <name>.text:free_list_remove</name>
         <load_address>0xa150</load_address>
         <run_address>0xa150</run_address>
         <size>0x1c</size>
         <input_file_ref idref="fl-f9"/>
      </object_component>
      <object_component id="oc-459">
         <name>.text:memccpy</name>
         <load_address>0xa16c</load_address>
         <run_address>0xa16c</run_address>
         <size>0x1c</size>
         <input_file_ref idref="fl-f7"/>
      </object_component>
      <object_component id="oc-16d">
         <name>.text</name>
         <load_address>0xa188</load_address>
         <run_address>0xa188</run_address>
         <size>0x1c</size>
         <input_file_ref idref="fl-e"/>
      </object_component>
      <object_component id="oc-4b3">
         <name>.text:copysign</name>
         <load_address>0xa1a4</load_address>
         <run_address>0xa1a4</run_address>
         <size>0x1a</size>
         <input_file_ref idref="fl-103"/>
      </object_component>
      <object_component id="oc-668">
         <name>.text:strcmp</name>
         <load_address>0xa1be</load_address>
         <run_address>0xa1be</run_address>
         <size>0x18</size>
         <input_file_ref idref="fl-115"/>
      </object_component>
      <object_component id="oc-4fb">
         <name>.text:strchr</name>
         <load_address>0xa1d6</load_address>
         <run_address>0xa1d6</run_address>
         <size>0x16</size>
         <input_file_ref idref="fl-fa"/>
      </object_component>
      <object_component id="oc-61f">
         <name>.text:strcpy</name>
         <load_address>0xa1ec</load_address>
         <run_address>0xa1ec</run_address>
         <size>0x14</size>
         <input_file_ref idref="fl-116"/>
      </object_component>
      <object_component id="oc-42f">
         <name>.text:strlen</name>
         <load_address>0xa200</load_address>
         <run_address>0xa200</run_address>
         <size>0x14</size>
         <input_file_ref idref="fl-fb"/>
      </object_component>
      <object_component id="oc-45f">
         <name>.text:wcslen</name>
         <load_address>0xa214</load_address>
         <run_address>0xa214</run_address>
         <size>0x12</size>
         <input_file_ref idref="fl-e0"/>
      </object_component>
      <object_component id="oc-1d">
         <name>.text:decompress:none:__TI_decompress_none</name>
         <load_address>0xa226</load_address>
         <run_address>0xa226</run_address>
         <size>0xe</size>
         <input_file_ref idref="fl-ef"/>
      </object_component>
      <object_component id="oc-6a">
         <name>.text</name>
         <load_address>0xa234</load_address>
         <run_address>0xa234</run_address>
         <size>0xe</size>
         <input_file_ref idref="fl-b"/>
      </object_component>
      <object_component id="oc-4c">
         <name>.text:decompress:ZI:__TI_zero_init</name>
         <load_address>0xa242</load_address>
         <run_address>0xa242</run_address>
         <size>0xc</size>
         <input_file_ref idref="fl-ee"/>
      </object_component>
      <object_component id="oc-407">
         <name>.text:__aeabi_errno_addr</name>
         <load_address>0xa250</load_address>
         <run_address>0xa250</run_address>
         <size>0x8</size>
         <input_file_ref idref="fl-fc"/>
      </object_component>
      <object_component id="oc-209">
         <name>.text:malloc</name>
         <load_address>0xa258</load_address>
         <run_address>0xa258</run_address>
         <size>0x8</size>
         <input_file_ref idref="fl-f9"/>
      </object_component>
      <object_component id="oc-383">
         <name>.text:_outc</name>
         <load_address>0xa260</load_address>
         <run_address>0xa260</run_address>
         <size>0x4</size>
         <input_file_ref idref="fl-d7"/>
      </object_component>
      <object_component id="oc-37d">
         <name>.text:_outs</name>
         <load_address>0xa264</load_address>
         <run_address>0xa264</run_address>
         <size>0x4</size>
         <input_file_ref idref="fl-d7"/>
      </object_component>
      <object_component id="oc-ab">
         <name>.text:_system_pre_init</name>
         <load_address>0xa268</load_address>
         <run_address>0xa268</run_address>
         <size>0x4</size>
         <input_file_ref idref="fl-106"/>
      </object_component>
      <object_component id="oc-179">
         <name>.text:abort:abort</name>
         <load_address>0xa26c</load_address>
         <run_address>0xa26c</run_address>
         <size>0x4</size>
         <input_file_ref idref="fl-f1"/>
      </object_component>
      <object_component id="oc-2ae">
         <name>.const:.string:Big_Letters</name>
         <load_address>0xa270</load_address>
         <run_address>0xa270</run_address>
         <size>0x18fc</size>
         <input_file_ref idref="fl-5"/>
      </object_component>
      <object_component id="oc-290">
         <name>.const:.string:Small_Letters</name>
         <load_address>0xbb6c</load_address>
         <run_address>0xbb6c</run_address>
         <size>0x57c</size>
         <input_file_ref idref="fl-5"/>
      </object_component>
      <object_component id="oc-3b1">
         <name>.const:.string</name>
         <load_address>0xc0e8</load_address>
         <run_address>0xc0e8</run_address>
         <size>0x3d6</size>
         <input_file_ref idref="fl-14"/>
      </object_component>
      <object_component id="oc-296">
         <name>.const:.string:hangman_initBitmaps</name>
         <load_address>0xc4be</load_address>
         <run_address>0xc4be</run_address>
         <size>0x333</size>
         <input_file_ref idref="fl-5"/>
      </object_component>
      <object_component id="oc-2a5">
         <name>.const:.string:hangman_4Bitmaps</name>
         <load_address>0xc7f1</load_address>
         <run_address>0xc7f1</run_address>
         <size>0x270</size>
         <input_file_ref idref="fl-5"/>
      </object_component>
      <object_component id="oc-2a8">
         <name>.const:.string:hangman_5Bitmaps</name>
         <load_address>0xca61</load_address>
         <run_address>0xca61</run_address>
         <size>0x270</size>
         <input_file_ref idref="fl-5"/>
      </object_component>
      <object_component id="oc-2ab">
         <name>.const:.string:hangman_6Bitmaps</name>
         <load_address>0xccd1</load_address>
         <run_address>0xccd1</run_address>
         <size>0x270</size>
         <input_file_ref idref="fl-5"/>
      </object_component>
      <object_component id="oc-2bb">
         <name>.const:.string:hangman_7Bitmaps</name>
         <load_address>0xcf41</load_address>
         <run_address>0xcf41</run_address>
         <size>0x270</size>
         <input_file_ref idref="fl-5"/>
      </object_component>
      <object_component id="oc-2b8">
         <name>.const:.string:hangman_8Bitmaps</name>
         <load_address>0xd1b1</load_address>
         <run_address>0xd1b1</run_address>
         <size>0x270</size>
         <input_file_ref idref="fl-5"/>
      </object_component>
      <object_component id="oc-2a2">
         <name>.const:.string:hangman_3Bitmaps</name>
         <load_address>0xd421</load_address>
         <run_address>0xd421</run_address>
         <size>0x260</size>
         <input_file_ref idref="fl-5"/>
      </object_component>
      <object_component id="oc-29c">
         <name>.const:.string:hangman_1Bitmaps</name>
         <load_address>0xd681</load_address>
         <run_address>0xd681</run_address>
         <size>0x250</size>
         <input_file_ref idref="fl-5"/>
      </object_component>
      <object_component id="oc-29f">
         <name>.const:.string:hangman_2Bitmaps</name>
         <load_address>0xd8d1</load_address>
         <run_address>0xd8d1</run_address>
         <size>0x250</size>
         <input_file_ref idref="fl-5"/>
      </object_component>
      <object_component id="oc-4c9">
         <name>.const:.string:_ctypes_</name>
         <load_address>0xdb21</load_address>
         <run_address>0xdb21</run_address>
         <size>0x101</size>
         <input_file_ref idref="fl-f5"/>
      </object_component>
      <object_component id="oc-1e6">
         <name>.const</name>
         <load_address>0xdc24</load_address>
         <run_address>0xdc24</run_address>
         <size>0x4</size>
         <input_file_ref idref="fl-1a"/>
      </object_component>
      <object_component id="oc-412">
         <name>.const:$O1$$</name>
         <load_address>0xdc28</load_address>
         <run_address>0xdc28</run_address>
         <size>0x30</size>
         <input_file_ref idref="fl-dc"/>
      </object_component>
      <object_component id="oc-2b5">
         <name>.const:.string:letters_list</name>
         <load_address>0xdc58</load_address>
         <run_address>0xdc58</run_address>
         <size>0x1a</size>
         <input_file_ref idref="fl-14"/>
      </object_component>
      <object_component id="oc-293">
         <name>.const</name>
         <load_address>0xdc72</load_address>
         <run_address>0xdc72</run_address>
         <size>0x12</size>
         <input_file_ref idref="fl-5"/>
      </object_component>
      <object_component id="oc-cd">
         <name>.const</name>
         <load_address>0xdc84</load_address>
         <run_address>0xdc84</run_address>
         <size>0x8</size>
         <input_file_ref idref="fl-1c"/>
      </object_component>
      <object_component id="oc-2b1">
         <name>.const:.string:Underscore</name>
         <load_address>0xdc8c</load_address>
         <run_address>0xdc8c</run_address>
         <size>0x3</size>
         <input_file_ref idref="fl-5"/>
      </object_component>
      <object_component id="oc-6a8">
         <name>.cinit..data.load</name>
         <load_address>0xdc90</load_address>
         <run_address>0xdc90</run_address>
         <size>0x219</size>
      </object_component>
      <object_component id="oc-6a6">
         <name>__TI_handler_table</name>
         <load_address>0xdeac</load_address>
         <run_address>0xdeac</run_address>
         <size>0xc</size>
      </object_component>
      <object_component id="oc-6a9">
         <name>.cinit..bss.load</name>
         <load_address>0xdeb8</load_address>
         <run_address>0xdeb8</run_address>
         <size>0x8</size>
      </object_component>
      <object_component id="oc-6a7">
         <name>__TI_cinit_table</name>
         <load_address>0xdec0</load_address>
         <run_address>0xdec0</run_address>
         <size>0x10</size>
      </object_component>
      <object_component id="oc-67a">
         <name>.binit</name>
         <load_address>0x0</load_address>
         <run_address>0x0</run_address>
         <size>0x0</size>
      </object_component>
      <object_component id="oc-2f8">
         <name>.data</name>
         <load_address>0x200087b4</load_address>
         <run_address>0x200087b4</run_address>
         <size>0x18</size>
         <input_file_ref idref="fl-6"/>
      </object_component>
      <object_component id="oc-f5">
         <name>.data</name>
         <load_address>0x20008844</load_address>
         <run_address>0x20008844</run_address>
         <size>0x3</size>
         <input_file_ref idref="fl-a"/>
      </object_component>
      <object_component id="oc-1b7">
         <name>.data</name>
         <load_address>0x20008840</load_address>
         <run_address>0x20008840</run_address>
         <size>0x4</size>
         <input_file_ref idref="fl-c"/>
      </object_component>
      <object_component id="oc-11c">
         <name>.data</name>
         <load_address>0x20008814</load_address>
         <run_address>0x20008814</run_address>
         <size>0xc</size>
         <input_file_ref idref="fl-d"/>
      </object_component>
      <object_component id="oc-299">
         <name>.data:letters_found</name>
         <load_address>0x200087e4</load_address>
         <run_address>0x200087e4</run_address>
         <size>0x14</size>
         <input_file_ref idref="fl-10"/>
      </object_component>
      <object_component id="oc-2be">
         <name>.data:word_list</name>
         <load_address>0x200083c8</load_address>
         <run_address>0x200083c8</run_address>
         <size>0x200</size>
         <input_file_ref idref="fl-14"/>
      </object_component>
      <object_component id="oc-ca">
         <name>.data</name>
         <load_address>0x20008780</load_address>
         <run_address>0x20008780</run_address>
         <size>0x34</size>
         <input_file_ref idref="fl-1a"/>
      </object_component>
      <object_component id="oc-30c">
         <name>.data</name>
         <load_address>0x20008820</load_address>
         <run_address>0x20008820</run_address>
         <size>0xc</size>
         <input_file_ref idref="fl-1b"/>
      </object_component>
      <object_component id="oc-d7">
         <name>.data</name>
         <load_address>0x200087cc</load_address>
         <run_address>0x200087cc</run_address>
         <size>0x18</size>
         <input_file_ref idref="fl-1c"/>
      </object_component>
      <object_component id="oc-2c6">
         <name>.data:$O1$$</name>
         <load_address>0x20008808</load_address>
         <run_address>0x20008808</run_address>
         <size>0xc</size>
         <input_file_ref idref="fl-f1"/>
      </object_component>
      <object_component id="oc-2c9">
         <name>.data:$O1$$</name>
         <load_address>0x2000882c</load_address>
         <run_address>0x2000882c</run_address>
         <size>0x8</size>
         <input_file_ref idref="fl-f2"/>
      </object_component>
      <object_component id="oc-37a">
         <name>.data:_ftable</name>
         <load_address>0x200085c8</load_address>
         <run_address>0x200085c8</run_address>
         <size>0xf0</size>
         <input_file_ref idref="fl-f6"/>
      </object_component>
      <object_component id="oc-5be">
         <name>.data</name>
         <load_address>0x200087f8</load_address>
         <run_address>0x200087f8</run_address>
         <size>0x10</size>
         <input_file_ref idref="fl-f6"/>
      </object_component>
      <object_component id="oc-3f5">
         <name>.data:$O1$$</name>
         <load_address>0x20008834</load_address>
         <run_address>0x20008834</run_address>
         <size>0x8</size>
         <input_file_ref idref="fl-f9"/>
      </object_component>
      <object_component id="oc-4a9">
         <name>.data</name>
         <load_address>0x2000883c</load_address>
         <run_address>0x2000883c</run_address>
         <size>0x4</size>
         <input_file_ref idref="fl-fc"/>
      </object_component>
      <object_component id="oc-5a2">
         <name>.data:_device</name>
         <load_address>0x200086b8</load_address>
         <run_address>0x200086b8</run_address>
         <size>0x78</size>
         <input_file_ref idref="fl-ff"/>
      </object_component>
      <object_component id="oc-578">
         <name>.data:_stream</name>
         <load_address>0x20008730</load_address>
         <run_address>0x20008730</run_address>
         <size>0x50</size>
         <input_file_ref idref="fl-ff"/>
      </object_component>
      <object_component id="oc-2fe">
         <name>.bss:ucHeap</name>
         <uninitialized>true</uninitialized>
         <run_address>0x20000000</run_address>
         <size>0x8000</size>
         <input_file_ref idref="fl-6"/>
      </object_component>
      <object_component id="oc-2fb">
         <name>.bss:xStart</name>
         <uninitialized>true</uninitialized>
         <run_address>0x20008374</run_address>
         <size>0x8</size>
         <input_file_ref idref="fl-6"/>
      </object_component>
      <object_component id="oc-1d1">
         <name>.bss:pxReadyTasksLists</name>
         <uninitialized>true</uninitialized>
         <run_address>0x20008120</run_address>
         <size>0xc8</size>
         <input_file_ref idref="fl-1a"/>
      </object_component>
      <object_component id="oc-1e9">
         <name>.bss:xDelayedTaskList1</name>
         <uninitialized>true</uninitialized>
         <run_address>0x20008300</run_address>
         <size>0x14</size>
         <input_file_ref idref="fl-1a"/>
      </object_component>
      <object_component id="oc-1ec">
         <name>.bss:xDelayedTaskList2</name>
         <uninitialized>true</uninitialized>
         <run_address>0x20008314</run_address>
         <size>0x14</size>
         <input_file_ref idref="fl-1a"/>
      </object_component>
      <object_component id="oc-1d7">
         <name>.bss</name>
         <uninitialized>true</uninitialized>
         <run_address>0x20008364</run_address>
         <size>0x8</size>
         <input_file_ref idref="fl-1a"/>
      </object_component>
      <object_component id="oc-1e3">
         <name>.bss:xPendingReadyList</name>
         <uninitialized>true</uninitialized>
         <run_address>0x20008328</run_address>
         <size>0x14</size>
         <input_file_ref idref="fl-1a"/>
      </object_component>
      <object_component id="oc-1d4">
         <name>.bss:xTasksWaitingTermination</name>
         <uninitialized>true</uninitialized>
         <run_address>0x20008350</run_address>
         <size>0x14</size>
         <input_file_ref idref="fl-1a"/>
      </object_component>
      <object_component id="oc-1da">
         <name>.bss:xSuspendedTaskList</name>
         <uninitialized>true</uninitialized>
         <run_address>0x2000833c</run_address>
         <size>0x14</size>
         <input_file_ref idref="fl-1a"/>
      </object_component>
      <object_component id="oc-312">
         <name>.bss:xActiveTimerList1</name>
         <uninitialized>true</uninitialized>
         <run_address>0x200082d8</run_address>
         <size>0x14</size>
         <input_file_ref idref="fl-1b"/>
      </object_component>
      <object_component id="oc-315">
         <name>.bss:xActiveTimerList2</name>
         <uninitialized>true</uninitialized>
         <run_address>0x200082ec</run_address>
         <size>0x14</size>
         <input_file_ref idref="fl-1b"/>
      </object_component>
      <object_component id="oc-30f">
         <name>.bss</name>
         <uninitialized>true</uninitialized>
         <run_address>0x2000836c</run_address>
         <size>0x8</size>
         <input_file_ref idref="fl-1b"/>
      </object_component>
      <object_component id="oc-633">
         <name>.bss:_CIOBUF_</name>
         <uninitialized>true</uninitialized>
         <run_address>0x20008000</run_address>
         <size>0x120</size>
         <input_file_ref idref="fl-110"/>
      </object_component>
      <object_component id="oc-11f">
         <name>.common:Task_Accelerometer_Handle</name>
         <uninitialized>true</uninitialized>
         <run_address>0x200083a4</run_address>
         <size>0x4</size>
      </object_component>
      <object_component id="oc-149">
         <name>.common:Task_Buzzer_Handle</name>
         <uninitialized>true</uninitialized>
         <run_address>0x200083ac</run_address>
         <size>0x4</size>
      </object_component>
      <object_component id="oc-150">
         <name>.common:Task_Light_Sensor_Handle</name>
         <uninitialized>true</uninitialized>
         <run_address>0x200083b4</run_address>
         <size>0x4</size>
      </object_component>
      <object_component id="oc-157">
         <name>.common:Task_LCD_Handle</name>
         <uninitialized>true</uninitialized>
         <run_address>0x200083b0</run_address>
         <size>0x4</size>
      </object_component>
      <object_component id="oc-16c">
         <name>.common:Task_Accelerometer_Timer_Handle</name>
         <uninitialized>true</uninitialized>
         <run_address>0x200083a8</run_address>
         <size>0x4</size>
      </object_component>
      <object_component id="oc-15e">
         <name>.common:TaskHandle_MKII_S1</name>
         <uninitialized>true</uninitialized>
         <run_address>0x2000839c</run_address>
         <size>0x4</size>
      </object_component>
      <object_component id="oc-165">
         <name>.common:TaskHandle_MKII_S2</name>
         <uninitialized>true</uninitialized>
         <run_address>0x200083a0</run_address>
         <size>0x4</size>
      </object_component>
      <object_component id="oc-10d">
         <name>.common:Queue_Task_Accelerometer</name>
         <uninitialized>true</uninitialized>
         <run_address>0x20008384</run_address>
         <size>0x4</size>
      </object_component>
      <object_component id="oc-144">
         <name>.common:Queue_Task_Light_Sensor</name>
         <uninitialized>true</uninitialized>
         <run_address>0x20008388</run_address>
         <size>0x4</size>
      </object_component>
      <object_component id="oc-145">
         <name>.common:Sem_Light_Sensor</name>
         <uninitialized>true</uninitialized>
         <run_address>0x20008390</run_address>
         <size>0x4</size>
      </object_component>
      <object_component id="oc-146">
         <name>.common:Sem_S1</name>
         <uninitialized>true</uninitialized>
         <run_address>0x20008394</run_address>
         <size>0x4</size>
      </object_component>
      <object_component id="oc-147">
         <name>.common:Sem_S2</name>
         <uninitialized>true</uninitialized>
         <run_address>0x20008398</run_address>
         <size>0x4</size>
      </object_component>
      <object_component id="oc-148">
         <name>.common:Sem_Buzzer</name>
         <uninitialized>true</uninitialized>
         <run_address>0x2000838c</run_address>
         <size>0x4</size>
      </object_component>
      <object_component id="oc-f4">
         <name>.common:Rx_String</name>
         <uninitialized>true</uninitialized>
         <run_address>0x20008288</run_address>
         <size>0x50</size>
      </object_component>
      <object_component id="oc-f1">
         <name>.common:Tx_Buffer</name>
         <uninitialized>true</uninitialized>
         <run_address>0x200083b8</run_address>
         <size>0x4</size>
      </object_component>
      <object_component id="oc-10c">
         <name>.common:direction</name>
         <uninitialized>true</uninitialized>
         <run_address>0x200083bc</run_address>
         <size>0x4</size>
      </object_component>
      <object_component id="oc-109">
         <name>.common:cycle</name>
         <uninitialized>true</uninitialized>
         <run_address>0x200083c4</run_address>
         <size>0x1</size>
      </object_component>
      <object_component id="oc-2b4">
         <name>.common:word</name>
         <uninitialized>true</uninitialized>
         <run_address>0x200083c0</run_address>
         <size>0x4</size>
      </object_component>
      <object_component id="oc-600">
         <name>.common:__TI_tmpnams</name>
         <uninitialized>true</uninitialized>
         <run_address>0x200081e8</run_address>
         <size>0xa0</size>
      </object_component>
      <object_component id="oc-611">
         <name>.common:parmbuf</name>
         <uninitialized>true</uninitialized>
         <run_address>0x2000837c</run_address>
         <size>0x8</size>
      </object_component>
      <object_component id="oc-29">
         <name>.sysmem</name>
         <uninitialized>true</uninitialized>
         <run_address>0x20008848</run_address>
         <size>0x10</size>
         <input_file_ref idref="fl-f9"/>
      </object_component>
      <object_component id="oc-6ac">
         <name>.sysmem</name>
         <uninitialized>true</uninitialized>
         <run_address>0x20008848</run_address>
         <size>0x0</size>
      </object_component>
      <object_component id="oc-2c">
         <name>.stack</name>
         <uninitialized>true</uninitialized>
         <run_address>0x2000fe00</run_address>
         <size>0x4</size>
         <input_file_ref idref="fl-fd"/>
      </object_component>
      <object_component id="oc-6ab">
         <name>.stack</name>
         <uninitialized>true</uninitialized>
         <run_address>0x2000fe00</run_address>
         <size>0x0</size>
      </object_component>
      <object_component id="oc-21b">
         <name>.debug_info</name>
         <load_address>0x0</load_address>
         <run_address>0x0</run_address>
         <size>0x2ef</size>
         <input_file_ref idref="fl-2"/>
      </object_component>
      <object_component id="oc-ef">
         <name>.debug_info</name>
         <load_address>0x2ef</load_address>
         <run_address>0x2ef</run_address>
         <size>0x76a</size>
         <input_file_ref idref="fl-2"/>
      </object_component>
      <object_component id="oc-21e">
         <name>.debug_info</name>
         <load_address>0xa59</load_address>
         <run_address>0xa59</run_address>
         <size>0x86</size>
         <input_file_ref idref="fl-2"/>
      </object_component>
      <object_component id="oc-123">
         <name>.debug_info</name>
         <load_address>0xadf</load_address>
         <run_address>0xadf</run_address>
         <size>0x26b</size>
         <input_file_ref idref="fl-2"/>
      </object_component>
      <object_component id="oc-23c">
         <name>.debug_info</name>
         <load_address>0xd4a</load_address>
         <run_address>0xd4a</run_address>
         <size>0x110</size>
         <input_file_ref idref="fl-2"/>
      </object_component>
      <object_component id="oc-f9">
         <name>.debug_info</name>
         <load_address>0xe5a</load_address>
         <run_address>0xe5a</run_address>
         <size>0x8b</size>
         <input_file_ref idref="fl-2"/>
      </object_component>
      <object_component id="oc-204">
         <name>.debug_info</name>
         <load_address>0xee5</load_address>
         <run_address>0xee5</run_address>
         <size>0x2a4</size>
         <input_file_ref idref="fl-2"/>
      </object_component>
      <object_component id="oc-e6">
         <name>.debug_info</name>
         <load_address>0x1189</load_address>
         <run_address>0x1189</run_address>
         <size>0xbb</size>
         <input_file_ref idref="fl-2"/>
      </object_component>
      <object_component id="oc-234">
         <name>.debug_info</name>
         <load_address>0x1244</load_address>
         <run_address>0x1244</run_address>
         <size>0x532</size>
         <input_file_ref idref="fl-3"/>
      </object_component>
      <object_component id="oc-28b">
         <name>.debug_info</name>
         <load_address>0x1776</load_address>
         <run_address>0x1776</run_address>
         <size>0x22a</size>
         <input_file_ref idref="fl-3"/>
      </object_component>
      <object_component id="oc-fe">
         <name>.debug_info</name>
         <load_address>0x19a0</load_address>
         <run_address>0x19a0</run_address>
         <size>0x37e2</size>
         <input_file_ref idref="fl-3"/>
      </object_component>
      <object_component id="oc-223">
         <name>.debug_info</name>
         <load_address>0x5182</load_address>
         <run_address>0x5182</run_address>
         <size>0x1055</size>
         <input_file_ref idref="fl-3"/>
      </object_component>
      <object_component id="oc-393">
         <name>.debug_info</name>
         <load_address>0x61d7</load_address>
         <run_address>0x61d7</run_address>
         <size>0x146</size>
         <input_file_ref idref="fl-5"/>
      </object_component>
      <object_component id="oc-2af">
         <name>.debug_info</name>
         <load_address>0x631d</load_address>
         <run_address>0x631d</run_address>
         <size>0xe8</size>
         <input_file_ref idref="fl-5"/>
      </object_component>
      <object_component id="oc-291">
         <name>.debug_info</name>
         <load_address>0x6405</load_address>
         <run_address>0x6405</run_address>
         <size>0xed</size>
         <input_file_ref idref="fl-5"/>
      </object_component>
      <object_component id="oc-2b2">
         <name>.debug_info</name>
         <load_address>0x64f2</load_address>
         <run_address>0x64f2</run_address>
         <size>0xe7</size>
         <input_file_ref idref="fl-5"/>
      </object_component>
      <object_component id="oc-29d">
         <name>.debug_info</name>
         <load_address>0x65d9</load_address>
         <run_address>0x65d9</run_address>
         <size>0xf3</size>
         <input_file_ref idref="fl-5"/>
      </object_component>
      <object_component id="oc-294">
         <name>.debug_info</name>
         <load_address>0x66cc</load_address>
         <run_address>0x66cc</run_address>
         <size>0x4f3</size>
         <input_file_ref idref="fl-5"/>
      </object_component>
      <object_component id="oc-2a0">
         <name>.debug_info</name>
         <load_address>0x6bbf</load_address>
         <run_address>0x6bbf</run_address>
         <size>0xf3</size>
         <input_file_ref idref="fl-5"/>
      </object_component>
      <object_component id="oc-2a3">
         <name>.debug_info</name>
         <load_address>0x6cb2</load_address>
         <run_address>0x6cb2</run_address>
         <size>0xf3</size>
         <input_file_ref idref="fl-5"/>
      </object_component>
      <object_component id="oc-2a6">
         <name>.debug_info</name>
         <load_address>0x6da5</load_address>
         <run_address>0x6da5</run_address>
         <size>0xf3</size>
         <input_file_ref idref="fl-5"/>
      </object_component>
      <object_component id="oc-2a9">
         <name>.debug_info</name>
         <load_address>0x6e98</load_address>
         <run_address>0x6e98</run_address>
         <size>0xf3</size>
         <input_file_ref idref="fl-5"/>
      </object_component>
      <object_component id="oc-2ac">
         <name>.debug_info</name>
         <load_address>0x6f8b</load_address>
         <run_address>0x6f8b</run_address>
         <size>0xf3</size>
         <input_file_ref idref="fl-5"/>
      </object_component>
      <object_component id="oc-2bc">
         <name>.debug_info</name>
         <load_address>0x707e</load_address>
         <run_address>0x707e</run_address>
         <size>0xf3</size>
         <input_file_ref idref="fl-5"/>
      </object_component>
      <object_component id="oc-2b9">
         <name>.debug_info</name>
         <load_address>0x7171</load_address>
         <run_address>0x7171</run_address>
         <size>0xf3</size>
         <input_file_ref idref="fl-5"/>
      </object_component>
      <object_component id="oc-297">
         <name>.debug_info</name>
         <load_address>0x7264</load_address>
         <run_address>0x7264</run_address>
         <size>0xf9</size>
         <input_file_ref idref="fl-5"/>
      </object_component>
      <object_component id="oc-35">
         <name>.debug_info</name>
         <load_address>0x735d</load_address>
         <run_address>0x735d</run_address>
         <size>0x84</size>
         <input_file_ref idref="fl-5"/>
      </object_component>
      <object_component id="oc-203">
         <name>.debug_info</name>
         <load_address>0x73e1</load_address>
         <run_address>0x73e1</run_address>
         <size>0x515</size>
         <input_file_ref idref="fl-6"/>
      </object_component>
      <object_component id="oc-2ff">
         <name>.debug_info</name>
         <load_address>0x78f6</load_address>
         <run_address>0x78f6</run_address>
         <size>0x12e</size>
         <input_file_ref idref="fl-6"/>
      </object_component>
      <object_component id="oc-2fc">
         <name>.debug_info</name>
         <load_address>0x7a24</load_address>
         <run_address>0x7a24</run_address>
         <size>0x12e</size>
         <input_file_ref idref="fl-6"/>
      </object_component>
      <object_component id="oc-2f9">
         <name>.debug_info</name>
         <load_address>0x7b52</load_address>
         <run_address>0x7b52</run_address>
         <size>0x26e</size>
         <input_file_ref idref="fl-6"/>
      </object_component>
      <object_component id="oc-1c6">
         <name>.debug_info</name>
         <load_address>0x7dc0</load_address>
         <run_address>0x7dc0</run_address>
         <size>0xd73</size>
         <input_file_ref idref="fl-6"/>
      </object_component>
      <object_component id="oc-174">
         <name>.debug_info</name>
         <load_address>0x8b33</load_address>
         <run_address>0x8b33</run_address>
         <size>0x315</size>
         <input_file_ref idref="fl-6"/>
      </object_component>
      <object_component id="oc-2f3">
         <name>.debug_info</name>
         <load_address>0x8e48</load_address>
         <run_address>0x8e48</run_address>
         <size>0x48b</size>
         <input_file_ref idref="fl-6"/>
      </object_component>
      <object_component id="oc-32f">
         <name>.debug_info</name>
         <load_address>0x92d3</load_address>
         <run_address>0x92d3</run_address>
         <size>0x62</size>
         <input_file_ref idref="fl-6"/>
      </object_component>
      <object_component id="oc-334">
         <name>.debug_info</name>
         <load_address>0x9335</load_address>
         <run_address>0x9335</run_address>
         <size>0x109</size>
         <input_file_ref idref="fl-6"/>
      </object_component>
      <object_component id="oc-dc">
         <name>.debug_info</name>
         <load_address>0x943e</load_address>
         <run_address>0x943e</run_address>
         <size>0x2c</size>
         <input_file_ref idref="fl-6"/>
      </object_component>
      <object_component id="oc-e1">
         <name>.debug_info</name>
         <load_address>0x946a</load_address>
         <run_address>0x946a</run_address>
         <size>0x53</size>
         <input_file_ref idref="fl-6"/>
      </object_component>
      <object_component id="oc-1f9">
         <name>.debug_info</name>
         <load_address>0x94bd</load_address>
         <run_address>0x94bd</run_address>
         <size>0x14c</size>
         <input_file_ref idref="fl-6"/>
      </object_component>
      <object_component id="oc-279">
         <name>.debug_info</name>
         <load_address>0x9609</load_address>
         <run_address>0x9609</run_address>
         <size>0x962</size>
         <input_file_ref idref="fl-7"/>
      </object_component>
      <object_component id="oc-10e">
         <name>.debug_info</name>
         <load_address>0x9f6b</load_address>
         <run_address>0x9f6b</run_address>
         <size>0xbae</size>
         <input_file_ref idref="fl-8"/>
      </object_component>
      <object_component id="oc-b4">
         <name>.debug_info</name>
         <load_address>0xab19</load_address>
         <run_address>0xab19</run_address>
         <size>0x372</size>
         <input_file_ref idref="fl-8"/>
      </object_component>
      <object_component id="oc-248">
         <name>.debug_info</name>
         <load_address>0xae8b</load_address>
         <run_address>0xae8b</run_address>
         <size>0x48b</size>
         <input_file_ref idref="fl-8"/>
      </object_component>
      <object_component id="oc-243">
         <name>.debug_info</name>
         <load_address>0xb316</load_address>
         <run_address>0xb316</run_address>
         <size>0x4f</size>
         <input_file_ref idref="fl-8"/>
      </object_component>
      <object_component id="oc-24d">
         <name>.debug_info</name>
         <load_address>0xb365</load_address>
         <run_address>0xb365</run_address>
         <size>0x2c</size>
         <input_file_ref idref="fl-8"/>
[...]
         <object_component_ref idref="oc-41a"/>
      </symbol>
      <symbol id="sm-e63">
         <name>__aeabi_ddiv</name>
         <value>0x8405</value>
         <object_component_ref idref="oc-3fc"/>
      </symbol>
      <symbol id="sm-e6e">
         <name>__aeabi_dmul</name>
         <value>0x8aad</value>
         <object_component_ref idref="oc-267"/>
      </symbol>
      <symbol id="sm-e78">
         <name>__aeabi_d2iz</name>
         <value>0x9cad</value>
         <object_component_ref idref="oc-271"/>
      </symbol>
      <symbol id="sm-e84">
         <name>__aeabi_d2f</name>
         <value>0x957b</value>
         <object_component_ref idref="oc-36e"/>
      </symbol>
      <symbol id="sm-e8f">
         <name>__aeabi_f2d</name>
         <value>0x9f01</value>
         <object_component_ref idref="oc-369"/>
      </symbol>
      <symbol id="sm-e99">
         <name>__aeabi_i2d</name>
         <value>0xa03d</value>
         <object_component_ref idref="oc-40d"/>
      </symbol>
      <symbol id="sm-eb4">
         <name>memcpy</name>
         <value>0x9171</value>
         <object_component_ref idref="oc-3a"/>
      </symbol>
      <symbol id="sm-eb5">
         <name>__aeabi_memcpy</name>
         <value>0x9171</value>
         <object_component_ref idref="oc-3a"/>
      </symbol>
      <symbol id="sm-eb6">
         <name>__aeabi_memcpy8</name>
         <value>0x9171</value>
         <object_component_ref idref="oc-3a"/>
      </symbol>
      <symbol id="sm-eb7">
         <name>__aeabi_memcpy4</name>
         <value>0x9171</value>
         <object_component_ref idref="oc-3a"/>
      </symbol>
      <symbol id="sm-ec1">
         <name>__aeabi_ui2d</name>
         <value>0xa131</value>
         <object_component_ref idref="oc-262"/>
      </symbol>
      <symbol id="sm-ed0">
         <name>__aeabi_uidivmod</name>
         <value>0x9e49</value>
         <object_component_ref idref="oc-215"/>
      </symbol>
      <symbol id="sm-ed1">
         <name>__aeabi_uidiv</name>
         <value>0x9e49</value>
         <object_component_ref idref="oc-215"/>
      </symbol>
      <symbol id="sm-ede">
         <name>__aeabi_uldivmod</name>
         <value>0x920d</value>
         <object_component_ref idref="oc-4ce"/>
      </symbol>
      <symbol id="sm-eed">
         <name>__aeabi_memset</name>
         <value>0x93b1</value>
         <object_component_ref idref="oc-a5"/>
      </symbol>
      <symbol id="sm-eee">
         <name>memset</name>
         <value>0x93b7</value>
         <object_component_ref idref="oc-a5"/>
      </symbol>
      <symbol id="sm-eef">
         <name>__aeabi_memset8</name>
         <value>0x93b1</value>
         <object_component_ref idref="oc-a5"/>
      </symbol>
      <symbol id="sm-ef0">
         <name>__aeabi_memset4</name>
         <value>0x93b1</value>
         <object_component_ref idref="oc-a5"/>
      </symbol>
      <symbol id="sm-ef1">
         <name>__aeabi_memclr8</name>
         <value>0x93af</value>
         <object_component_ref idref="oc-a5"/>
      </symbol>
      <symbol id="sm-ef2">
         <name>__aeabi_memclr4</name>
         <value>0x93af</value>
         <object_component_ref idref="oc-a5"/>
      </symbol>
      <symbol id="sm-ef3">
         <name>__aeabi_memclr</name>
         <value>0x93af</value>
         <object_component_ref idref="oc-a5"/>
      </symbol>
      <symbol id="sm-f05">
         <name>__TI_zero_init</name>
         <value>0xa243</value>
         <object_component_ref idref="oc-4c"/>
      </symbol>
      <symbol id="sm-f1c">
         <name>__TI_decompress_none</name>
         <value>0xa227</value>
         <object_component_ref idref="oc-1d"/>
      </symbol>
      <symbol id="sm-f3f">
         <name>__TI_decompress_lzss</name>
         <value>0x96bd</value>
         <object_component_ref idref="oc-17"/>
      </symbol>
      <symbol id="sm-f65">
         <name>C$$EXIT</name>
         <value>0xa26d</value>
         <object_component_ref idref="oc-179"/>
      </symbol>
      <symbol id="sm-f66">
         <name>abort</name>
         <value>0xa26d</value>
         <object_component_ref idref="oc-179"/>
      </symbol>
      <symbol id="sm-f67">
         <name>__TI_dtors_ptr</name>
         <value>0x2000880c</value>
         <object_component_ref idref="oc-2c6"/>
      </symbol>
      <symbol id="sm-f68">
         <name>__TI_cleanup_ptr</name>
         <value>0x20008808</value>
         <object_component_ref idref="oc-2c6"/>
      </symbol>
      <symbol id="sm-f69">
         <name>__TI_enable_exit_profile_output</name>
         <value>0x20008810</value>
         <object_component_ref idref="oc-2c6"/>
      </symbol>
      <symbol id="sm-f6a">
         <name>exit</name>
         <value>0x9c65</value>
         <object_component_ref idref="oc-17f"/>
      </symbol>
      <symbol id="sm-f7f">
         <name>_nop</name>
         <value>0x5557</value>
         <object_component_ref idref="oc-3b6"/>
      </symbol>
      <symbol id="sm-f80">
         <name>_lock</name>
         <value>0x2000882c</value>
         <object_component_ref idref="oc-2c9"/>
      </symbol>
      <symbol id="sm-f81">
         <name>_unlock</name>
         <value>0x20008830</value>
         <object_component_ref idref="oc-2c9"/>
      </symbol>
      <symbol id="sm-f90">
         <name>__TI_ltoa</name>
         <value>0x9a7b</value>
         <object_component_ref idref="oc-4d4"/>
      </symbol>
      <symbol id="sm-fa6">
         <name>atoi</name>
         <value>0x9c19</value>
         <object_component_ref idref="oc-435"/>
      </symbol>
      <symbol id="sm-fb1">
         <name>_ctypes_</name>
         <value>0xdb21</value>
         <object_component_ref idref="oc-4c9"/>
      </symbol>
      <symbol id="sm-fc6">
         <name>__TI_tmpnams</name>
         <value>0x200081e8</value>
      </symbol>
      <symbol id="sm-fc7">
         <name>__aeabi_stdout</name>
         <value>0x20008800</value>
         <object_component_ref idref="oc-5be"/>
      </symbol>
      <symbol id="sm-fc8">
         <name>__aeabi_stderr</name>
         <value>0x20008804</value>
         <object_component_ref idref="oc-5be"/>
      </symbol>
      <symbol id="sm-fc9">
         <name>__aeabi_stdin</name>
         <value>0x200087fc</value>
         <object_component_ref idref="oc-5be"/>
      </symbol>
      <symbol id="sm-fca">
         <name>_ftable</name>
         <value>0x200085c8</value>
         <object_component_ref idref="oc-37a"/>
      </symbol>
      <symbol id="sm-fcb">
         <name>__TI_ft_end</name>
         <value>0x200087f8</value>
         <object_component_ref idref="oc-5be"/>
      </symbol>
      <symbol id="sm-fdb">
         <name>memccpy</name>
         <value>0xa16d</value>
         <object_component_ref idref="oc-459"/>
      </symbol>
      <symbol id="sm-feb">
         <name>memchr</name>
         <value>0xa111</value>
         <object_component_ref idref="oc-524"/>
      </symbol>
      <symbol id="sm-1074">
         <name>_sys_memory</name>
         <value>0x20008848</value>
         <object_component_ref idref="oc-29"/>
      </symbol>
      <symbol id="sm-1075">
         <name>free</name>
         <value>0x8ca1</value>
         <object_component_ref idref="oc-20f"/>
      </symbol>
      <symbol id="sm-1076">
         <name>memalign</name>
         <value>0x89ad</value>
         <object_component_ref idref="oc-339"/>
      </symbol>
      <symbol id="sm-1077">
         <name>malloc</name>
         <value>0xa259</value>
         <object_component_ref idref="oc-209"/>
      </symbol>
      <symbol id="sm-1078">
         <name>aligned_alloc</name>
         <value>0x89ad</value>
         <object_component_ref idref="oc-339"/>
      </symbol>
      <symbol id="sm-1088">
         <name>strchr</name>
         <value>0xa1d7</value>
         <object_component_ref idref="oc-4fb"/>
      </symbol>
      <symbol id="sm-1096">
         <name>strlen</name>
         <value>0xa201</value>
         <object_component_ref idref="oc-42f"/>
      </symbol>
      <symbol id="sm-10ac">
         <name>__aeabi_errno_addr</name>
         <value>0xa251</value>
         <object_component_ref idref="oc-407"/>
      </symbol>
      <symbol id="sm-10ad">
         <name>errno</name>
         <value>0x2000883c</value>
         <object_component_ref idref="oc-4a9"/>
      </symbol>
      <symbol id="sm-10c0">
         <name>__stack</name>
         <value>0x2000fe00</value>
         <object_component_ref idref="oc-2c"/>
      </symbol>
      <symbol id="sm-10c1">
         <name>_c_int00_noargs</name>
         <value>0x9fd9</value>
         <object_component_ref idref="oc-58"/>
      </symbol>
      <symbol id="sm-10db">
         <name>write</name>
         <value>0xa0e9</value>
         <object_component_ref idref="oc-530"/>
      </symbol>
      <symbol id="sm-10ec">
         <name>_stream</name>
         <value>0x20008730</value>
         <object_component_ref idref="oc-578"/>
      </symbol>
      <symbol id="sm-10ed">
         <name>_device</name>
         <value>0x200086b8</value>
         <object_component_ref idref="oc-5a2"/>
      </symbol>
      <symbol id="sm-10fd">
         <name>__TI_doflush</name>
         <value>0x9bcb</value>
         <object_component_ref idref="oc-52a"/>
      </symbol>
      <symbol id="sm-110d">
         <name>__TI_cleanup</name>
         <value>0x9f71</value>
         <object_component_ref idref="oc-58f"/>
      </symbol>
      <symbol id="sm-111f">
         <name>fseek</name>
         <value>0x97f1</value>
         <object_component_ref idref="oc-566"/>
      </symbol>
      <symbol id="sm-1129">
         <name>copysign</name>
         <value>0xa1a5</value>
         <object_component_ref idref="oc-4b3"/>
      </symbol>
      <symbol id="sm-112a">
         <name>copysignl</name>
         <value>0xa1a5</value>
         <object_component_ref idref="oc-4b3"/>
      </symbol>
      <symbol id="sm-1134">
         <name>__aeabi_idiv0</name>
         <value>0x7a7f</value>
         <object_component_ref idref="oc-34d"/>
      </symbol>
      <symbol id="sm-1135">
         <name>__aeabi_ldiv0</name>
         <value>0x7a7f</value>
         <object_component_ref idref="oc-34d"/>
      </symbol>
      <symbol id="sm-115d">
         <name>__TI_auto_init_nobinit_nopinit</name>
         <value>0x9d7d</value>
         <object_component_ref idref="oc-185"/>
      </symbol>
      <symbol id="sm-1167">
         <name>_system_pre_init</name>
         <value>0xa269</value>
         <object_component_ref idref="oc-ab"/>
      </symbol>
      <symbol id="sm-117a">
         <name>HOSTclose</name>
         <value>0x9cf5</value>
         <object_component_ref idref="oc-5ca"/>
      </symbol>
      <symbol id="sm-118b">
         <name>HOSTlseek</name>
         <value>0x9655</value>
         <object_component_ref idref="oc-5dc"/>
      </symbol>
      <symbol id="sm-119d">
         <name>parmbuf</name>
         <value>0x2000837c</value>
      </symbol>
      <symbol id="sm-119e">
         <name>HOSTopen</name>
         <value>0x98b9</value>
         <object_component_ref idref="oc-5c4"/>
      </symbol>
      <symbol id="sm-11af">
         <name>HOSTread</name>
         <value>0x9975</value>
         <object_component_ref idref="oc-5d0"/>
      </symbol>
      <symbol id="sm-11c0">
         <name>HOSTrename</name>
         <value>0x95e9</value>
         <object_component_ref idref="oc-5e8"/>
      </symbol>
      <symbol id="sm-11d1">
         <name>HOSTunlink</name>
         <value>0x9d39</value>
         <object_component_ref idref="oc-5e2"/>
      </symbol>
      <symbol id="sm-11e2">
         <name>HOSTwrite</name>
         <value>0x99cd</value>
         <object_component_ref idref="oc-5d6"/>
      </symbol>
      <symbol id="sm-1206">
         <name>__TI_readmsg</name>
         <value>0x9fa5</value>
         <object_component_ref idref="oc-60b"/>
      </symbol>
      <symbol id="sm-1207">
         <name>C$$IO$$</name>
         <value>0x9ef7</value>
         <object_component_ref idref="oc-605"/>
      </symbol>
      <symbol id="sm-1208">
         <name>__CIOBUF_</name>
         <value>0x20008000</value>
         <object_component_ref idref="oc-633"/>
      </symbol>
      <symbol id="sm-1209">
         <name>__TI_writemsg</name>
         <value>0x9ec9</value>
         <object_component_ref idref="oc-605"/>
      </symbol>
      <symbol id="sm-121a">
         <name>lseek</name>
         <value>0xa0c1</value>
         <object_component_ref idref="oc-587"/>
      </symbol>
      <symbol id="sm-122f">
         <name>__TI_closefile</name>
         <value>0x9429</value>
         <object_component_ref idref="oc-5b8"/>
      </symbol>
      <symbol id="sm-1252">
         <name>finddevice</name>
         <value>0xa00d</value>
         <object_component_ref idref="oc-651"/>
      </symbol>
      <symbol id="sm-1253">
         <name>getdevice</name>
         <value>0x9e05</value>
         <object_component_ref idref="oc-629"/>
      </symbol>
      <symbol id="sm-1262">
         <name>strcmp</name>
         <value>0xa1bf</value>
         <object_component_ref idref="oc-668"/>
      </symbol>
      <symbol id="sm-1270">
         <name>strcpy</name>
         <value>0xa1ed</value>
         <object_component_ref idref="oc-61f"/>
      </symbol>
      <symbol id="sm-1280">
         <name>strncpy</name>
         <value>0x9f39</value>
         <object_component_ref idref="oc-64b"/>
      </symbol>
      <symbol id="sm-1295">
         <name>close</name>
         <value>0x9919</value>
         <object_component_ref idref="oc-5f4"/>
      </symbol>
      <symbol id="sm-12a5">
         <name>unlink</name>
         <value>0xa06d</value>
         <object_component_ref idref="oc-5fa"/>
      </symbol>
      <symbol id="sm-12a6">
         <name>__TI_static_base__</name>
         <value>0x0</value>
      </symbol>
      <symbol id="sm-12a9">
         <name>__mpu_init</name>
         <value>0x0</value>
      </symbol>
      <symbol id="sm-12aa">
         <name>_system_post_cinit</name>
         <value>0x0</value>
      </symbol>
      <symbol id="sm-12ab">
         <name>NMI_Handler</name>
         <value>0xa241</value>
      </symbol>
      <symbol id="sm-12ac">
         <name>HardFault_Handler</name>
         <value>0xa241</value>
      </symbol>
      <symbol id="sm-12ad">
         <name>MemManage_Handler</name>
         <value>0xa241</value>
      </symbol>
      <symbol id="sm-12ae">
         <name>BusFault_Handler</name>
         <value>0xa241</value>
      </symbol>
      <symbol id="sm-12af">
         <name>UsageFault_Handler</name>
         <value>0xa241</value>
      </symbol>
      <symbol id="sm-12b0">
         <name>SVC_Handler</name>
         <value>0xa241</value>
      </symbol>
      <symbol id="sm-12b1">
         <name>DebugMon_Handler</name>
         <value>0xa241</value>
      </symbol>
      <symbol id="sm-12b2">
         <name>PendSV_Handler</name>
         <value>0xa241</value>
      </symbol>
      <symbol id="sm-12b3">
         <name>SysTick_Handler</name>
         <value>0xa241</value>
      </symbol>
      <symbol id="sm-12b4">
         <name>PSS_IRQHandler</name>
         <value>0xa241</value>
      </symbol>
      <symbol id="sm-12b5">
         <name>CS_IRQHandler</name>
         <value>0xa241</value>
      </symbol>
      <symbol id="sm-12b6">
         <name>PCM_IRQHandler</name>
         <value>0xa241</value>
      </symbol>
      <symbol id="sm-12b7">
         <name>WDT_A_IRQHandler</name>
         <value>0xa241</value>
      </symbol>
      <symbol id="sm-12b8">
         <name>FPU_IRQHandler</name>
         <value>0xa241</value>
      </symbol>
      <symbol id="sm-12b9">
         <name>FLCTL_IRQHandler</name>
         <value>0xa241</value>
      </symbol>
      <symbol id="sm-12ba">
         <name>COMP_E0_IRQHandler</name>
         <value>0xa241</value>
      </symbol>
      <symbol id="sm-12bb">
         <name>COMP_E1_IRQHandler</name>
         <value>0xa241</value>
      </symbol>
      <symbol id="sm-12bc">
         <name>TA0_0_IRQHandler</name>
         <value>0xa241</value>
      </symbol>
      <symbol id="sm-12bd">
         <name>TA0_N_IRQHandler</name>
         <value>0xa241</value>
      </symbol>
      <symbol id="sm-12be">
         <name>TA1_0_IRQHandler</name>
         <value>0xa241</value>
      </symbol>
      <symbol id="sm-12bf">
         <name>TA1_N_IRQHandler</name>
         <value>0xa241</value>
      </symbol>
      <symbol id="sm-12c0">
         <name>TA2_0_IRQHandler</name>
         <value>0xa241</value>
      </symbol>
      <symbol id="sm-12c1">
         <name>TA2_N_IRQHandler</name>
         <value>0xa241</value>
      </symbol>
      <symbol id="sm-12c2">
         <name>TA3_0_IRQHandler</name>
         <value>0xa241</value>
      </symbol>
      <symbol id="sm-12c3">
         <name>TA3_N_IRQHandler</name>
         <value>0xa241</value>
      </symbol>
      <symbol id="sm-12c4">
         <name>EUSCIA0_IRQHandler</name>
         <value>0x80cb</value>
      </symbol>
      <symbol id="sm-12c5">
         <name>EUSCIA1_IRQHandler</name>
         <value>0xa241</value>
      </symbol>
      <symbol id="sm-12c6">
         <name>EUSCIA2_IRQHandler</name>
         <value>0xa241</value>
      </symbol>
      <symbol id="sm-12c7">
         <name>EUSCIA3_IRQHandler</name>
         <value>0xa241</value>
      </symbol>
      <symbol id="sm-12c8">
         <name>EUSCIB0_IRQHandler</name>
         <value>0xa241</value>
      </symbol>
      <symbol id="sm-12c9">
         <name>EUSCIB1_IRQHandler</name>
         <value>0xa241</value>
      </symbol>
      <symbol id="sm-12ca">
         <name>EUSCIB2_IRQHandler</name>
         <value>0xa241</value>
      </symbol>
      <symbol id="sm-12cb">
         <name>EUSCIB3_IRQHandler</name>
         <value>0xa241</value>
      </symbol>
      <symbol id="sm-12cc">
         <name>ADC14_IRQHandler</name>
         <value>0x75d9</value>
      </symbol>
      <symbol id="sm-12cd">
         <name>T32_INT1_IRQHandler</name>
         <value>0xa241</value>
      </symbol>
      <symbol id="sm-12ce">
         <name>T32_INT2_IRQHandler</name>
         <value>0xa241</value>
      </symbol>
      <symbol id="sm-12cf">
         <name>T32_INTC_IRQHandler</name>
         <value>0xa241</value>
      </symbol>
      <symbol id="sm-12d0">
         <name>AES256_IRQHandler</name>
         <value>0xa241</value>
      </symbol>
      <symbol id="sm-12d1">
         <name>RTC_C_IRQHandler</name>
         <value>0xa241</value>
      </symbol>
      <symbol id="sm-12d2">
         <name>DMA_ERR_IRQHandler</name>
         <value>0xa241</value>
      </symbol>
      <symbol id="sm-12d3">
         <name>DMA_INT3_IRQHandler</name>
         <value>0xa241</value>
      </symbol>
      <symbol id="sm-12d4">
         <name>DMA_INT2_IRQHandler</name>
         <value>0xa241</value>
      </symbol>
      <symbol id="sm-12d5">
         <name>DMA_INT1_IRQHandler</name>
         <value>0xa241</value>
      </symbol>
      <symbol id="sm-12d6">
         <name>DMA_INT0_IRQHandler</name>
         <value>0xa241</value>
      </symbol>
      <symbol id="sm-12d7">
         <name>PORT1_IRQHandler</name>
         <value>0xa241</value>
      </symbol>
      <symbol id="sm-12d8">
         <name>PORT2_IRQHandler</name>
         <value>0xa241</value>
      </symbol>
      <symbol id="sm-12d9">
         <name>PORT3_IRQHandler</name>
         <value>0xa241</value>
      </symbol>
      <symbol id="sm-12da">
         <name>PORT4_IRQHandler</name>
         <value>0xa241</value>
      </symbol>
      <symbol id="sm-12db">
         <name>PORT5_IRQHandler</name>
         <value>0xa241</value>
      </symbol>
      <symbol id="sm-12dc">
         <name>PORT6_IRQHandler</name>
         <value>0xa241</value>
      </symbol>
      <symbol id="sm-12dd">
         <name>remove</name>
         <value>0xa06d</value>
      </symbol>
   </symbol_table>
   <title>Link successful</title>
</link_info>
