******************************************************************************
                  TI ARM Linker PC v20.2.5                     
******************************************************************************
>> Linked Mon May  2 16:41:18 2022

OUTPUT FILE NAME:   <Hangman.out>
ENTRY POINT SYMBOL: "_c_int00_noargs"  address: 00009aa5


MEMORY CONFIGURATION

         name            origin    length      used     unused   attr    fill
----------------------  --------  ---------  --------  --------  ----  --------
  MAIN                  00000000   00040000  00009f0c  000360f4  R  X
  INFO                  00200000   00004000  00000000  00004000  R  X
  SRAM_CODE             01000000   00010000  00008c38  000073c8  RW X
  SRAM_DATA             20000000   00010000  00008c38  000073c8  RW  


SEGMENT ALLOCATION MAP

run origin  load origin   length   init length attrs members
----------  ----------- ---------- ----------- ----- -------
00000000    00000000    00009f10   00009f10    r-x
  00000000    00000000    000000e4   000000e4    r-- .intvecs
  000000e4    000000e4    00009c3c   00009c3c    r-x .text
  00009d20    00009d20    0000015c   0000015c    r-- .const
  00009e80    00009e80    00000090   00000090    r-- .cinit
20000000    20000000    00008a3f   00000000    rw-
  20000000    20000000    000083b1   00000000    rw- .bss
  200083b8    200083b8    00000400   00000000    rw- .sysmem
  200087b8    200087b8    00000287   00000000    rw- .data
2000fe00    2000fe00    00000200   00000000    rw-
  2000fe00    2000fe00    00000200   00000000    rw- .stack


SECTION ALLOCATION MAP

 output                                  attributes/
section   page    origin      length       input sections
--------  ----  ----------  ----------   ----------------
.intvecs   0    00000000    000000e4     
                  00000000    000000e4     startup_msp432p401r_ccs.obj (.intvecs:retain)

.text      0    000000e4    00009c3c     
                  000000e4    00002810     tasks.obj (.text)
                  000028f4    00001124     queue.obj (.text)
                  00003a18    00000a4e     rtsv7M4_T_le_v4SPD16_eabi.lib : _printfi.c.obj (.text:__TI_printfi)
                  00004466    00000002                                   : _lock.c.obj (.text:_nop)
                  00004468    000009d0                                   : e_pow.c.obj (.text:pow)
                  00004e38    000007b4     task_lcd.obj (.text)
                  000055ec    00000720     timers.obj (.text)
                  00005d0c    000004d0     ece353.obj (.text)
                  000061dc    00000454     heap_4.obj (.text)
                  00006630    00000438     port.obj (.text)
                  00006a68    00000354     system_msp432p401r.obj (.text)
                  00006dbc    00000270     rtsv7M4_T_le_v4SPD16_eabi.lib : _printfi.c.obj (.text:_pconv_a)
                  0000702c    000001de     circular_buffer.obj (.text)
                  0000720a    00000002     rtsv7M4_T_le_v4SPD16_eabi.lib : div0.asm.obj (.text)
                  0000720c    000001d0                                   : _printfi.c.obj (.text:_pconv_g)
                  000073dc    000001cc     i2c.obj (.text)
                  000075a8    000001c0     task_accelerometer.obj (.text)
                  00007768    000001b6     rtsv7M4_T_le_v4SPD16_eabi.lib : fd_add_t2.asm.obj (.text)
                  0000791e    00000002     --HOLE-- [fill = 0]
                  00007920    0000019c     serial_debug.obj (.text)
                  00007abc    00000158     rtsv7M4_T_le_v4SPD16_eabi.lib : e_sqrt.c.obj (.text:sqrt)
                  00007c14    0000013c                                   : _printfi.c.obj (.text:_pconv_e)
                  00007d50    00000136                                   : fd_div_t2.asm.obj (.text)
                  00007e86    00000002     --HOLE-- [fill = 0]
                  00007e88    00000130     task_light_sensor.obj (.text)
                  00007fb8    0000012a     list.obj (.text)
                  000080e2    00000002     --HOLE-- [fill = 0]
                  000080e4    00000124     rtsv7M4_T_le_v4SPD16_eabi.lib : _printfi.c.obj (.text:fcvt)
                  00008208    00000114                                   : fputs.c.obj (.text:fputs)
                  0000831c    00000114     main.obj (.text)
                  00008430    00000110     rtsv7M4_T_le_v4SPD16_eabi.lib : s_scalbn.c.obj (.text:scalbn)
                  00008540    00000108     timer32.obj (.text)
                  00008648    00000100     rtsv7M4_T_le_v4SPD16_eabi.lib : memory.c.obj (.text:aligned_alloc)
                  00008748    000000fc                                   : fd_mul_t2.asm.obj (.text)
                  00008844    000000f4     task_buzzer.obj (.text)
                  00008938    000000e4     rtsv7M4_T_le_v4SPD16_eabi.lib : memory.c.obj (.text:free)
                  00008a1c    000000dc                                   : setvbuf.c.obj (.text:setvbuf)
                  00008af8    000000da     portasm.obj (.text)
                  00008bd2    00000002     --HOLE-- [fill = 0]
                  00008bd4    000000b1     rtsv7M4_T_le_v4SPD16_eabi.lib : _printfi.c.obj (.text:_ltostr)
                  00008c85    00000003     --HOLE-- [fill = 0]
                  00008c88    000000a4     opt3001.obj (.text)
                  00008d2c    0000009c     rtsv7M4_T_le_v4SPD16_eabi.lib : memcpy_t2.asm.obj (.text)
                  00008dc8    00000096                                   : ull_div_t2.asm.obj (.text)
                  00008e5e    00000086                                   : fd_cmp_t2.asm.obj (.text:__aeabi_cdcmple)
                  00008ee4    00000086                                   : fd_cmp_t2.asm.obj (.text:__aeabi_cdrcmple)
                  00008f6a    0000007a                                   : memset_t2.asm.obj (.text)
                  00008fe4    00000074                                   : fclose.c.obj (.text:__TI_closefile)
                  00009058    00000070                                   : memory.c.obj (.text:split)
                  000090c8    0000006e                                   : _printfi.c.obj (.text:_mcpy)
                  00009136    0000006e                                   : fd_tos_t2.asm.obj (.text)
                  000091a4    0000006c                                   : hostrename.c.obj (.text:HOSTrename)
                  00009210    00000068                                   : hostlseek.c.obj (.text:HOSTlseek)
                  00009278    00000068                                   : copy_decompress_lzss.c.obj (.text:decompress:lzss:__TI_decompress_lzss)
                  000092e0    00000068                                   : printf.c.obj (.text:printf)
                  00009348    00000064                                   : s_frexp.c.obj (.text:frexp)
                  000093ac    00000064                                   : fseek.c.obj (.text:fseek)
                  00009410    00000062                                   : _io_perm.c.obj (.text:__TI_wrt_ok)
                  00009472    00000002     --HOLE-- [fill = 0]
                  00009474    00000060                                   : hostopen.c.obj (.text:HOSTopen)
                  000094d4    0000005c                                   : close.c.obj (.text:close)
                  00009530    00000058                                   : hostread.c.obj (.text:HOSTread)
                  00009588    00000058                                   : hostwrite.c.obj (.text:HOSTwrite)
                  000095e0    00000056                                   : _printfi.c.obj (.text:_pconv_f)
                  00009636    00000054                                   : _ltoa.c.obj (.text:__TI_ltoa)
                  0000968a    00000052                                   : _printfi.c.obj (.text:_ecpy)
                  000096dc    0000004c                                   : fflush.c.obj (.text:__TI_doflush)
                  00009728    0000004c                                   : atoi.c.obj (.text:atoi)
                  00009774    00000048                                   : exit.c.obj (.text:exit)
                  000097bc    00000048                                   : fd_toi_t2.asm.obj (.text)
                  00009804    00000044                                   : hostclose.c.obj (.text:HOSTclose)
                  00009848    00000044                                   : hostunlink.c.obj (.text:HOSTunlink)
                  0000988c    00000044                                   : autoinit.c.obj (.text:__TI_auto_init_nobinit_nopinit:__TI_auto_init_nobinit_nopinit)
                  000098d0    00000044                                   : getdevice.c.obj (.text:getdevice)
                  00009914    00000040                                   : u_divt2.asm.obj (.text)
                  00009954    0000003e                                   : _printfi.c.obj (.text:_fcpy)
                  00009992    00000002     --HOLE-- [fill = 0]
                  00009994    00000038                                   : trgmsg.c.obj (.text:__TI_writemsg)
                  000099cc    00000038                                   : fs_tod_t2.asm.obj (.text)
                  00009a04    00000036                                   : strncpy.c.obj (.text:strncpy)
                  00009a3a    00000002     --HOLE-- [fill = 0]
                  00009a3c    00000034                                   : fopen.c.obj (.text:__TI_cleanup)
                  00009a70    00000034                                   : trgmsg.c.obj (.text:__TI_readmsg)
                  00009aa4    00000034                                   : boot_cortex_m.c.obj (.text:_c_int00_noargs:_c_int00_noargs)
                  00009ad8    00000030                                   : getdevice.c.obj (.text:finddevice)
                  00009b08    0000002e                                   : i_tofd_t2.asm.obj (.text)
                  00009b36    00000002     --HOLE-- [fill = 0]
                  00009b38    0000002c                                   : unlink.c.obj (.text:unlink)
                  00009b64    00000028                                   : memory.c.obj (.text:free_list_insert)
                  00009b8c    00000028                                   : lseek.c.obj (.text:lseek)
                  00009bb4    00000028                                   : write.c.obj (.text:write)
                  00009bdc    00000020                                   : memchr.c.obj (.text:memchr)
                  00009bfc    00000020                                   : u_tofd_t2.asm.obj (.text)
                  00009c1c    0000001c                                   : memory.c.obj (.text:free_list_remove)
                  00009c38    0000001c                                   : memccpy.c.obj (.text:memccpy)
                  00009c54    0000001a                                   : s_copysign.c.obj (.text:copysign)
                  00009c6e    00000018                                   : strcmp.c.obj (.text:strcmp)
                  00009c86    00000016                                   : strchr.c.obj (.text:strchr)
                  00009c9c    00000014                                   : strcpy.c.obj (.text:strcpy)
                  00009cb0    00000014                                   : strlen.c.obj (.text:strlen)
                  00009cc4    00000012                                   : wcslen.c.obj (.text:wcslen)
                  00009cd6    0000000e                                   : copy_decompress_none.c.obj (.text:decompress:none:__TI_decompress_none)
                  00009ce4    0000000e     startup_msp432p401r_ccs.obj (.text)
                  00009cf2    0000000c     rtsv7M4_T_le_v4SPD16_eabi.lib : copy_zero_init.c.obj (.text:decompress:ZI:__TI_zero_init)
                  00009cfe    00000002     --HOLE-- [fill = 0]
                  00009d00    00000008                                   : errno.c.obj (.text:__aeabi_errno_addr)
                  00009d08    00000008                                   : memory.c.obj (.text:malloc)
                  00009d10    00000004                                   : printf.c.obj (.text:_outc)
                  00009d14    00000004                                   : printf.c.obj (.text:_outs)
                  00009d18    00000004                                   : pre_init.c.obj (.text:_system_pre_init)
                  00009d1c    00000004                                   : exit.c.obj (.text:abort:abort)

.const     0    00009d20    0000015c     
                  00009d20    00000101     rtsv7M4_T_le_v4SPD16_eabi.lib : ctype.c.obj (.const:.string:_ctypes_)
                  00009e21    00000003     --HOLE-- [fill = 0]
                  00009e24    00000004     tasks.obj (.const)
                  00009e28    00000030     rtsv7M4_T_le_v4SPD16_eabi.lib : e_pow.c.obj (.const:$O1$$)
                  00009e58    0000001a     task_lcd.obj (.const:.string:$P$T0$1)
                  00009e72    00000002     --HOLE-- [fill = 0]
                  00009e74    00000008     port.obj (.const)

.cinit     0    00009e80    00000090     
                  00009e80    00000068     (.cinit..data.load) [load image, compression = lzss]
                  00009ee8    0000000c     (__TI_handler_table)
                  00009ef4    00000004     --HOLE-- [fill = 0]
                  00009ef8    00000008     (.cinit..bss.load) [load image, compression = zero_init]
                  00009f00    00000010     (__TI_cinit_table)

.init_array 
*          0    00000000    00000000     UNINITIALIZED

.binit     0    00000000    00000000     

.bss       0    20000000    000083b1     UNINITIALIZED
                  20000000    00008000     heap_4.obj (.bss:ucHeap)
                  20008000    00000120     rtsv7M4_T_le_v4SPD16_eabi.lib : trgmsg.c.obj (.bss:_CIOBUF_)
                  20008120    000000c8     tasks.obj (.bss:pxReadyTasksLists)
                  200081e8    000000a0     (.common:__TI_tmpnams)
                  20008288    00000050     (.common:Rx_String)
                  200082d8    00000014     timers.obj (.bss:xActiveTimerList1)
                  200082ec    00000014     timers.obj (.bss:xActiveTimerList2)
                  20008300    00000014     tasks.obj (.bss:xDelayedTaskList1)
                  20008314    00000014     tasks.obj (.bss:xDelayedTaskList2)
                  20008328    00000014     tasks.obj (.bss:xPendingReadyList)
                  2000833c    00000014     tasks.obj (.bss:xSuspendedTaskList)
                  20008350    00000014     tasks.obj (.bss:xTasksWaitingTermination)
                  20008364    00000008     tasks.obj (.bss)
                  2000836c    00000008     timers.obj (.bss)
                  20008374    00000008     heap_4.obj (.bss:xStart)
                  2000837c    00000008     (.common:parmbuf)
                  20008384    00000004     (.common:Queue_Task_Accelerometer)
                  20008388    00000004     (.common:Queue_Task_Light_Sensor)
                  2000838c    00000004     (.common:Sem_Accelerometer)
                  20008390    00000004     (.common:Sem_Light_Sensor)
                  20008394    00000004     (.common:Task_Accelerometer_Handle)
                  20008398    00000004     (.common:Task_Buzzer_Handle)
                  2000839c    00000004     (.common:Task_LCD_Handle)
                  200083a0    00000004     (.common:Task_Light_Sensor_Handle)
                  200083a4    00000004     (.common:Tx_Buffer)
                  200083a8    00000004     (.common:direction)
                  200083ac    00000004     (.common:word)
                  200083b0    00000001     (.common:cycle)

.sysmem    0    200083b8    00000400     UNINITIALIZED
                  200083b8    00000010     rtsv7M4_T_le_v4SPD16_eabi.lib : memory.c.obj (.sysmem)
                  200083c8    000003f0     --HOLE--

.data      0    200087b8    00000287     UNINITIALIZED
                  200087b8    000000f0     rtsv7M4_T_le_v4SPD16_eabi.lib : defs.c.obj (.data:_ftable)
                  200088a8    00000078                                   : host_device.c.obj (.data:_device)
                  20008920    00000050                                   : host_device.c.obj (.data:_stream)
                  20008970    00000034     tasks.obj (.data)
                  200089a4    0000001a     word_list.obj (.data:letters_list)
                  200089be    00000002     --HOLE--
                  200089c0    00000018     heap_4.obj (.data)
                  200089d8    00000018     port.obj (.data)
                  200089f0    00000010     rtsv7M4_T_le_v4SPD16_eabi.lib : defs.c.obj (.data)
                  20008a00    0000000c                                   : exit.c.obj (.data:$O1$$)
                  20008a0c    0000000c     task_accelerometer.obj (.data)
                  20008a18    0000000c     timers.obj (.data)
                  20008a24    00000008     rtsv7M4_T_le_v4SPD16_eabi.lib : _lock.c.obj (.data:$O1$$)
                  20008a2c    00000008                                   : memory.c.obj (.data:$O1$$)
                  20008a34    00000004                                   : errno.c.obj (.data)
                  20008a38    00000004     system_msp432p401r.obj (.data)
                  20008a3c    00000003     serial_debug.obj (.data)

.stack     0    2000fe00    00000200     UNINITIALIZED
                  2000fe00    00000004     rtsv7M4_T_le_v4SPD16_eabi.lib : boot_cortex_m.c.obj (.stack)
                  2000fe04    000001fc     --HOLE--

__llvm_prf_cnts 
*          0    20000000    00000000     UNINITIALIZED

MODULE SUMMARY

       Module                        code    ro data   rw data
       ------                        ----    -------   -------
    .\
       task_lcd.obj                  1972    26        0      
       ece353.obj                    1232    0         0      
       system_msp432p401r.obj        852     0         8      
       serial_debug.obj              412     0         174    
       task_accelerometer.obj        448     0         34     
       circular_buffer.obj           478     0         0      
       i2c.obj                       460     0         0      
       main.obj                      276     0         72     
       task_light_sensor.obj         304     0         0      
       timer32.obj                   264     0         0      
       task_buzzer.obj               244     0         0      
       startup_msp432p401r_ccs.obj   14      228       0      
       opt3001.obj                   164     0         0      
       word_list.obj                 0       0         52     
    +--+-----------------------------+-------+---------+---------+
       Total:                        7120    254       340    
                                                              
    .\FreeRTOS\
       heap_4.obj                    1108    0         65600  
       tasks.obj                     10256   4         720    
       queue.obj                     4388    0         0      
       timers.obj                    1824    0         120    
       list.obj                      298     0         0      
    +--+-----------------------------+-------+---------+---------+
       Total:                        17874   4         66440  
                                                              
    .\FreeRTOS\portable\
       port.obj                      1080    8         48     
       portasm.obj                   218     0         0      
    +--+-----------------------------+-------+---------+---------+
       Total:                        1298    8         48     
                                                              
    C:\ti\ccs1110\ccs\tools\compiler\ti-cgt-arm_20.2.5.LTS\lib\rtsv7M4_T_le_v4SPD16_eabi.lib
       _printfi.c.obj                4851    0         0      
       e_pow.c.obj                   2512    48        0      
       defs.c.obj                    0       0         832    
       memory.c.obj                  672     0         16     
       trgmsg.c.obj                  108     0         576    
       fd_add_t2.asm.obj             438     0         0      
       host_device.c.obj             0       0         400    
       e_sqrt.c.obj                  344     0         0      
       fd_div_t2.asm.obj             310     0         0      
       fputs.c.obj                   276     0         0      
       s_scalbn.c.obj                272     0         0      
       fd_cmp_t2.asm.obj             268     0         0      
       ctype.c.obj                   0       257       0      
       fd_mul_t2.asm.obj             252     0         0      
       setvbuf.c.obj                 220     0         0      
       memcpy_t2.asm.obj             156     0         0      
       ull_div_t2.asm.obj            150     0         0      
       memset_t2.asm.obj             122     0         0      
       fclose.c.obj                  116     0         0      
       getdevice.c.obj               116     0         0      
       hostopen.c.obj                96      0         16     
       printf.c.obj                  112     0         0      
       fd_tos_t2.asm.obj             110     0         0      
       hostrename.c.obj              108     0         0      
       copy_decompress_lzss.c.obj    104     0         0      
       hostlseek.c.obj               104     0         0      
       exit.c.obj                    76      0         24     
       fseek.c.obj                   100     0         0      
       s_frexp.c.obj                 100     0         0      
       _io_perm.c.obj                98      0         0      
       close.c.obj                   92      0         0      
       hostread.c.obj                88      0         0      
       hostwrite.c.obj               88      0         0      
       _ltoa.c.obj                   84      0         0      
       atoi.c.obj                    76      0         0      
       fflush.c.obj                  76      0         0      
       fd_toi_t2.asm.obj             72      0         0      
       autoinit.c.obj                68      0         0      
       hostclose.c.obj               68      0         0      
       hostunlink.c.obj              68      0         0      
       u_divt2.asm.obj               64      0         0      
       fs_tod_t2.asm.obj             56      0         0      
       strncpy.c.obj                 54      0         0      
       boot_cortex_m.c.obj           52      0         0      
       fopen.c.obj                   52      0         0      
       i_tofd_t2.asm.obj             46      0         0      
       unlink.c.obj                  44      0         0      
       lseek.c.obj                   40      0         0      
       write.c.obj                   40      0         0      
       memchr.c.obj                  32      0         0      
       u_tofd_t2.asm.obj             32      0         0      
       memccpy.c.obj                 28      0         0      
       s_copysign.c.obj              26      0         0      
       strcmp.c.obj                  24      0         0      
       strchr.c.obj                  22      0         0      
       strcpy.c.obj                  20      0         0      
       strlen.c.obj                  20      0         0      
       _lock.c.obj                   2       0         16     
       wcslen.c.obj                  18      0         0      
       errno.c.obj                   8       0         8      
       copy_decompress_none.c.obj    14      0         0      
       copy_zero_init.c.obj          12      0         0      
       pre_init.c.obj                4       0         0      
       div0.asm.obj                  2       0         0      
    +--+-----------------------------+-------+---------+---------+
       Total:                        13683   305       1888   
                                                              
       Heap:                         0       0         2048   
       Stack:                        0       0         1024   
       Linker Generated:             0       140       0      
    +--+-----------------------------+-------+---------+---------+
       Grand Total:                  39975   711       71788  


LINKER GENERATED COPY TABLES

__TI_cinit_table @ 00009f00 records: 2, size/record: 8, table size: 16
	.data: load addr=00009e80, load size=00000068 bytes, run addr=200087b8, run size=00000287 bytes, compression=lzss
	.bss: load addr=00009ef8, load size=00000008 bytes, run addr=20000000, run size=000083b1 bytes, compression=zero_init


LINKER GENERATED HANDLER TABLE

__TI_handler_table @ 00009ee8 records: 3, size/record: 4, table size: 12
	index: 0, handler: __TI_decompress_lzss
	index: 1, handler: __TI_decompress_none
	index: 2, handler: __TI_zero_init


GLOBAL SYMBOLS: SORTED ALPHABETICALLY BY Name 

address   name                               
-------   ----                               
20008a0c  ACC_X_VAL                          
20008a10  ACC_Y_VAL                          
20008a14  ACC_Z_VAL                          
000076b1  ADC14_IRQHandler                   
000076b1  ADC14_IRQHandler                   
00009cf1  AES256_IRQHandler                  
20008a3e  ALERT_STRING                       
00007627  Accelerometer_XYZ                  
00009cf1  BusFault_Handler                   
0000886d  Buzzer_init                        
00009d1d  C$$EXIT                            
000099c3  C$$IO$$                            
00009cf1  COMP_E0_IRQHandler                 
00009cf1  COMP_E1_IRQHandler                 
00009cf1  CS_IRQHandler                      
00005211  Crystalfontz128x128_Init           
00005159  Crystalfontz128x128_SetDrawFrame   
00009cf1  DMA_ERR_IRQHandler                 
00009cf1  DMA_INT0_IRQHandler                
00009cf1  DMA_INT1_IRQHandler                
00009cf1  DMA_INT2_IRQHandler                
00009cf1  DMA_INT3_IRQHandler                
00009cf1  DebugMon_Handler                   
00009cf1  Default_Handler                    
00007a17  EUSCIA0_IRQHandler                 
00007a17  EUSCIA0_IRQHandler                 
00009cf1  EUSCIA1_IRQHandler                 
00009cf1  EUSCIA2_IRQHandler                 
00009cf1  EUSCIA3_IRQHandler                 
00009cf1  EUSCIB0_IRQHandler                 
00009cf1  EUSCIB1_IRQHandler                 
00009cf1  EUSCIB2_IRQHandler                 
00009cf1  EUSCIB3_IRQHandler                 
00009cf1  FLCTL_IRQHandler                   
00009cf1  FPU_IRQHandler                     
0000506f  HAL_LCD_PortInit                   
000050b7  HAL_LCD_SpiInit                    
000050eb  HAL_LCD_writeCommand               
00005123  HAL_LCD_writeData                  
00009805  HOSTclose                          
00009211  HOSTlseek                          
00009475  HOSTopen                           
00009531  HOSTread                           
000091a5  HOSTrename                         
00009849  HOSTunlink                         
00009589  HOSTwrite                          
00009cf1  HardFault_Handler                  
00009cf1  MemManage_Handler                  
00009cf1  NMI_Handler                        
00009cf1  PCM_IRQHandler                     
00009cf1  PORT1_IRQHandler                   
00009cf1  PORT2_IRQHandler                   
00009cf1  PORT3_IRQHandler                   
00009cf1  PORT4_IRQHandler                   
00009cf1  PORT5_IRQHandler                   
00009cf1  PORT6_IRQHandler                   
00009cf1  PSS_IRQHandler                     
00009cf1  PendSV_Handler                     
20008384  Queue_Task_Accelerometer           
20008388  Queue_Task_Light_Sensor            
00009cf1  RTC_C_IRQHandler                   
00009ce5  Reset_Handler                      
20008a3c  Rx_Char_Count                      
20008288  Rx_String                          
00009cf1  SVC_Handler                        
2000838c  Sem_Accelerometer                  
20008390  Sem_Light_Sensor                   
00009cf1  SysTick_Handler                    
20008a38  SystemCoreClock                    
00006a69  SystemCoreClockUpdate              
00006ce1  SystemInit                         
000085eb  T32_INT1_IRQHandler                
000085eb  T32_INT1_IRQHandler                
00009cf1  T32_INT2_IRQHandler                
00009cf1  T32_INTC_IRQHandler                
00009cf1  TA0_0_IRQHandler                   
00009cf1  TA0_N_IRQHandler                   
00009cf1  TA1_0_IRQHandler                   
00009cf1  TA1_N_IRQHandler                   
00009cf1  TA2_0_IRQHandler                   
00009cf1  TA2_N_IRQHandler                   
00009cf1  TA3_0_IRQHandler                   
00009cf1  TA3_N_IRQHandler                   
000075d5  Task_Accelerometer                 
20008394  Task_Accelerometer_Handle          
00008845  Task_Buzzer                        
20008398  Task_Buzzer_Handle                 
00004e39  Task_LCD                           
2000839c  Task_LCD_Handle                    
00007e89  Task_Light_Sensor                  
200083a0  Task_Light_Sensor_Handle           
200083a4  Tx_Buffer                          
00009cf1  UsageFault_Handler                 
4000480c  WDTCTL_SYM                         
00009cf1  WDT_A_IRQHandler                   
20008000  __CIOBUF_                          
20010000  __STACK_END                        
00000200  __STACK_SIZE                       
00000400  __SYSMEM_SIZE                      
00009f00  __TI_CINIT_Base                    
00009f10  __TI_CINIT_Limit                   
00009ee8  __TI_Handler_Table_Base            
00009ef4  __TI_Handler_Table_Limit           
0000988d  __TI_auto_init_nobinit_nopinit     
00009a3d  __TI_cleanup                       
20008a00  __TI_cleanup_ptr                   
00008fe5  __TI_closefile                     
00009279  __TI_decompress_lzss               
00009cd7  __TI_decompress_none               
000096dd  __TI_doflush                       
20008a04  __TI_dtors_ptr                     
20008a08  __TI_enable_exit_profile_output    
200089f0  __TI_ft_end                        
00009637  __TI_ltoa                          
ffffffff  __TI_pprof_out_hndl                
00003a19  __TI_printfi                       
ffffffff  __TI_prof_data_size                
ffffffff  __TI_prof_data_start               
00009a71  __TI_readmsg                       
00000000  __TI_static_base__                 
200081e8  __TI_tmpnams                       
00009995  __TI_writemsg                      
00009411  __TI_wrt_ok                        
00009cf3  __TI_zero_init                     
00008e5f  __aeabi_cdcmpeq                    
00008e5f  __aeabi_cdcmple                    
00008ee5  __aeabi_cdrcmple                   
00009137  __aeabi_d2f                        
000097bd  __aeabi_d2iz                       
00007773  __aeabi_dadd                       
00007d51  __aeabi_ddiv                       
00008749  __aeabi_dmul                       
00007769  __aeabi_dsub                       
00009d01  __aeabi_errno_addr                 
000099cd  __aeabi_f2d                        
00009b09  __aeabi_i2d                        
0000720b  __aeabi_idiv0                      
0000720b  __aeabi_ldiv0                      
00008f6b  __aeabi_memclr                     
00008f6b  __aeabi_memclr4                    
00008f6b  __aeabi_memclr8                    
00008d2d  __aeabi_memcpy                     
00008d2d  __aeabi_memcpy4                    
00008d2d  __aeabi_memcpy8                    
00008f6d  __aeabi_memset                     
00008f6d  __aeabi_memset4                    
00008f6d  __aeabi_memset8                    
200089fc  __aeabi_stderr                     
200089f4  __aeabi_stdin                      
200089f8  __aeabi_stdout                     
00009bfd  __aeabi_ui2d                       
00009915  __aeabi_uidiv                      
00009915  __aeabi_uidivmod                   
00008dc9  __aeabi_uldivmod                   
ffffffff  __binit__                          
ffffffff  __c_args__                         
UNDEFED   __mpu_init                         
2000fe00  __stack                            
20000000  __start___llvm_prf_cnts            
20000000  __stop___llvm_prf_cnts             
00009aa5  _c_int00_noargs                    
00009d20  _ctypes_                           
200088a8  _device                            
200087b8  _ftable                            
20008a24  _lock                              
00004467  _nop                               
20008920  _stream                            
200083b8  _sys_memory                        
UNDEFED   _system_post_cinit                 
00009d19  _system_pre_init                   
20008a28  _unlock                            
00009d1d  abort                              
00008649  aligned_alloc                      
00009729  atoi                               
ffffffff  binit                              
000088fd  buzzer_off                         
000088e3  buzzer_on                          
00004fad  calculate_color                    
UNDEFED   change_letter                      
00007073  circular_buffer_add                
0000705f  circular_buffer_delete             
000070ff  circular_buffer_empty              
0000711f  circular_buffer_full               
0000702d  circular_buffer_init               
000070b3  circular_buffer_remove             
00007145  circular_buffer_test_0             
000094d5  close                              
00009c55  copysign                           
00009c55  copysignl                          
200083b0  cycle                              
200083a8  direction                          
00007f11  display_lux                        
0000186b  eTaskConfirmSleepModeStatus        
000005a1  eTaskGetState                      
0000608d  ece353_ADC14_PS2_X                 
00005e87  ece353_MKII_Buzzer_Init            
00005f0d  ece353_MKII_Buzzer_Off             
00005ef3  ece353_MKII_Buzzer_On              
00005f1b  ece353_MKII_Buzzer_Run_Status      
00005f2f  ece353_MKII_RGB_IO_Init            
000060f9  ece353_MKII_RGB_LED                
000060d5  ece353_MKII_RGB_LED_Init           
00005f9b  ece353_MKII_RGB_PWM                
00005e67  ece353_MKII_S1                     
00005e4f  ece353_MKII_S1_Init                
00005e77  ece353_MKII_S2                     
00005e5b  ece353_MKII_S2_Init                
000085ab  ece353_T32_1_Interrupt_Ms          
00005da7  ece353_T32_1_wait                  
00005dd5  ece353_T32_1_wait_100mS            
00005d97  ece353_button1                     
00005e0d  ece353_button1_wait_for_press      
00005d4f  ece353_init_button1                
00005d39  ece353_init_led1                   
00005d6f  ece353_led1                        
20008a34  errno                              
00009775  exit                               
00009ad9  finddevice                         
000079e7  fputc                              
00008209  fputs                              
00008939  free                               
00009349  frexp                              
00009349  frexpl                             
000093ad  fseek                              
000098d1  getdevice                          
00007475  i2c_init                           
00007511  i2c_read_16                        
000074b5  i2c_write_16                       
00000000  interruptVectors                   
0000546d  lcd_draw_image                     
00005359  lcd_draw_rectangle                 
00008431  ldexp                              
00008431  ldexpl                             
00004f73  letter_correct                     
200089a4  letters_list                       
00009b8d  lseek                              
0000831d  main                               
00009d09  malloc                             
00008649  memalign                           
00009c39  memccpy                            
00009bdd  memchr                             
00008d2d  memcpy                             
00008f73  memset                             
00008c89  opt3001_init                       
00008c99  opt3001_read_lux                   
00008d0f  opt3001_read_sensor_value          
2000837c  parmbuf                            
00000d95  pcTaskGetName                      
00005843  pcTimerGetName                     
00005057  pick_word                          
00004469  pow                                
00004469  powl                               
000092e1  printf                             
000061dd  pvPortMalloc                       
00001907  pvTaskGetThreadLocalStoragePointer 
00001fa9  pvTaskIncrementMutexHeldCount      
00005c7d  pvTimerGetTimerID                  
20008970  pxCurrentTCB                       
00006631  pxPortInitialiseStack              
00009b39  remove                             
00008431  scalbn                             
00008431  scalbnl                            
000079ab  serial_debug_init                  
000079bd  serial_debug_put_string            
00008a1d  setvbuf                            
00007abd  sqrt                               
00007abd  sqrtl                              
00009c87  strchr                             
00009c6f  strcmp                             
00009c9d  strcpy                             
00009cb1  strlen                             
00009a05  strncpy                            
0000372f  ucQueueGetQueueType                
00009e74  ulMaxSyscallInterruptPriority      
00008b09  ulPortGetIPSR                      
00001fc1  ulTaskGenericNotifyTake            
000027b9  ulTaskGenericNotifyValueClear      
00009b39  unlink                             
0000809b  uxListRemove                       
0000370f  uxQueueGetQueueNumber              
0000365d  uxQueueMessagesWaiting             
000036c1  uxQueueMessagesWaitingFromISR      
0000368d  uxQueueSpacesAvailable             
00000d85  uxTaskGetNumberOfTasks             
00000dd9  uxTaskGetSystemState               
000017d1  uxTaskGetTaskNumber                
0000067d  uxTaskPriorityGet                  
000006a5  uxTaskPriorityGetFromISR           
00001f83  uxTaskResetEventItemValue          
000057dd  uxTimerGetReloadMode               
00005cd9  uxTimerGetTimerNumber              
00009e24  uxTopUsedPriority                  
000083b5  vApplicationMallocFailedHook       
000083b7  vApplicationStackOverflowHook      
00007fb9  vListInitialise                    
00007fe9  vListInitialiseItem                
00008035  vListInsert                        
00007ff9  vListInsertEnd                     
00008bc5  vPortEnableVFP                     
00006775  vPortEndScheduler                  
00006799  vPortEnterCritical                 
000067db  vPortExitCritical                  
0000636f  vPortFree                          
00006571  vPortGetHeapStats                  
00006415  vPortInitialiseBlocks              
00008b81  vPortSVCHandler                    
0000698d  vPortSetupTimerInterrupt           
00008ba1  vPortStartFirstTask                
00006835  vPortSuppressTicksAndSleep         
000069d5  vPortValidateInterruptPriority     
000036eb  vQueueDelete                       
0000371d  vQueueSetQueueNumber               
000039bd  vQueueWaitForMessageRestricted     
00000541  vTaskDelay                         
0000037d  vTaskDelete                        
00000b23  vTaskEndScheduler                  
000025a1  vTaskGenericNotifyGiveFromISR      
000019e1  vTaskGetInfo                       
000016f3  vTaskInternalSetTimeOutState       
000017c5  vTaskMissedYield                   
000012bf  vTaskPlaceOnEventList              
0000139d  vTaskPlaceOnEventListRestricted    
000012fd  vTaskPlaceOnUnorderedEventList     
00001e39  vTaskPriorityDisinheritAfterTimeout
000006e9  vTaskPrioritySet                   
00001581  vTaskRemoveFromUnorderedEventList  
000009c5  vTaskResume                        
00001129  vTaskSetApplicationTaskTag         
000017f5  vTaskSetTaskNumber                 
000018bf  vTaskSetThreadLocalStoragePointer  
000016c1  vTaskSetTimeOutState               
00000aa9  vTaskStartScheduler                
00000eb3  vTaskStepTick                      
00000869  vTaskSuspend                       
00000b3f  vTaskSuspendAll                    
000011f9  vTaskSwitchContext                 
00005793  vTimerSetReloadMode                
00005cab  vTimerSetTimerID                   
00005ce7  vTimerSetTimerNumber               
00009cc5  wcslen                             
200083ac  word                               
00009bb5  write                              
00006409  xPortGetFreeHeapSize               
0000640f  xPortGetMinimumEverFreeHeapSize    
00008b21  xPortPendSVHandler                 
000066bd  xPortStartScheduler                
00006807  xPortSysTickHandler                
00002bb9  xQueueCreateCountingSemaphore      
00002ae5  xQueueCreateMutex                  
000029f5  xQueueGenericCreate                
000028f5  xQueueGenericReset                 
00002c05  xQueueGenericSend                  
00002db9  xQueueGenericSendFromISR           
00002ee5  xQueueGiveFromISR                  
00002b11  xQueueGiveMutexRecursive           
00003929  xQueueIsQueueEmptyFromISR          
00003983  xQueueIsQueueFullFromISR           
0000333d  xQueuePeek                         
000035b1  xQueuePeekFromISR                  
00002ff3  xQueueReceive                      
000034bb  xQueueReceiveFromISR               
0000316b  xQueueSemaphoreTake                
00002b61  xQueueTakeMutexRecursive           
000011bb  xTaskCallApplicationTaskHook       
00000ef1  xTaskCatchUpTicks                  
00001719  xTaskCheckForTimeOut               
000000e5  xTaskCreate                        
00000451  xTaskDelayUntil                    
00002161  xTaskGenericNotify                 
0000234b  xTaskGenericNotifyFromISR          
00002751  xTaskGenericNotifyStateClear       
00002079  xTaskGenericNotifyWait             
00001159  xTaskGetApplicationTaskTag         
00001181  xTaskGetApplicationTaskTagFromISR  
00001bb9  xTaskGetCurrentTaskHandle          
00001bc9  xTaskGetSchedulerState             
00000d61  xTaskGetTickCount                  
00000d71  xTaskGetTickCountFromISR           
00000f3d  xTaskIncrementTick                 
00001d27  xTaskPriorityDisinherit            
00001c11  xTaskPriorityInherit               
00001411  xTaskRemoveFromEventList           
00000bad  xTaskResumeAll                     
0000562d  xTimerCreate                       
000055ed  xTimerCreateTimerTask              
000056cb  xTimerGenericCommand               
00005819  xTimerGetExpiryTime                
0000576d  xTimerGetPeriod                    
0000574b  xTimerGetTimerDaemonTaskHandle     
00005c3d  xTimerIsTimerActive                


GLOBAL SYMBOLS: SORTED BY Symbol Address 

address   name                               
-------   ----                               
00000000  __TI_static_base__                 
00000000  interruptVectors                   
000000e5  xTaskCreate                        
00000200  __STACK_SIZE                       
0000037d  vTaskDelete                        
00000400  __SYSMEM_SIZE                      
00000451  xTaskDelayUntil                    
00000541  vTaskDelay                         
000005a1  eTaskGetState                      
0000067d  uxTaskPriorityGet                  
000006a5  uxTaskPriorityGetFromISR           
000006e9  vTaskPrioritySet                   
00000869  vTaskSuspend                       
000009c5  vTaskResume                        
00000aa9  vTaskStartScheduler                
00000b23  vTaskEndScheduler                  
00000b3f  vTaskSuspendAll                    
00000bad  xTaskResumeAll                     
00000d61  xTaskGetTickCount                  
00000d71  xTaskGetTickCountFromISR           
00000d85  uxTaskGetNumberOfTasks             
00000d95  pcTaskGetName                      
00000dd9  uxTaskGetSystemState               
00000eb3  vTaskStepTick                      
00000ef1  xTaskCatchUpTicks                  
00000f3d  xTaskIncrementTick                 
00001129  vTaskSetApplicationTaskTag         
00001159  xTaskGetApplicationTaskTag         
00001181  xTaskGetApplicationTaskTagFromISR  
000011bb  xTaskCallApplicationTaskHook       
000011f9  vTaskSwitchContext                 
000012bf  vTaskPlaceOnEventList              
000012fd  vTaskPlaceOnUnorderedEventList     
0000139d  vTaskPlaceOnEventListRestricted    
00001411  xTaskRemoveFromEventList           
00001581  vTaskRemoveFromUnorderedEventList  
000016c1  vTaskSetTimeOutState               
000016f3  vTaskInternalSetTimeOutState       
00001719  xTaskCheckForTimeOut               
000017c5  vTaskMissedYield                   
000017d1  uxTaskGetTaskNumber                
000017f5  vTaskSetTaskNumber                 
0000186b  eTaskConfirmSleepModeStatus        
000018bf  vTaskSetThreadLocalStoragePointer  
00001907  pvTaskGetThreadLocalStoragePointer 
000019e1  vTaskGetInfo                       
00001bb9  xTaskGetCurrentTaskHandle          
00001bc9  xTaskGetSchedulerState             
00001c11  xTaskPriorityInherit               
00001d27  xTaskPriorityDisinherit            
00001e39  vTaskPriorityDisinheritAfterTimeout
00001f83  uxTaskResetEventItemValue          
00001fa9  pvTaskIncrementMutexHeldCount      
00001fc1  ulTaskGenericNotifyTake            
00002079  xTaskGenericNotifyWait             
00002161  xTaskGenericNotify                 
0000234b  xTaskGenericNotifyFromISR          
000025a1  vTaskGenericNotifyGiveFromISR      
00002751  xTaskGenericNotifyStateClear       
000027b9  ulTaskGenericNotifyValueClear      
000028f5  xQueueGenericReset                 
000029f5  xQueueGenericCreate                
00002ae5  xQueueCreateMutex                  
00002b11  xQueueGiveMutexRecursive           
00002b61  xQueueTakeMutexRecursive           
00002bb9  xQueueCreateCountingSemaphore      
00002c05  xQueueGenericSend                  
00002db9  xQueueGenericSendFromISR           
00002ee5  xQueueGiveFromISR                  
00002ff3  xQueueReceive                      
0000316b  xQueueSemaphoreTake                
0000333d  xQueuePeek                         
000034bb  xQueueReceiveFromISR               
000035b1  xQueuePeekFromISR                  
0000365d  uxQueueMessagesWaiting             
0000368d  uxQueueSpacesAvailable             
000036c1  uxQueueMessagesWaitingFromISR      
000036eb  vQueueDelete                       
0000370f  uxQueueGetQueueNumber              
0000371d  vQueueSetQueueNumber               
0000372f  ucQueueGetQueueType                
00003929  xQueueIsQueueEmptyFromISR          
00003983  xQueueIsQueueFullFromISR           
000039bd  vQueueWaitForMessageRestricted     
00003a19  __TI_printfi                       
00004467  _nop                               
00004469  pow                                
00004469  powl                               
00004e39  Task_LCD                           
00004f73  letter_correct                     
00004fad  calculate_color                    
00005057  pick_word                          
0000506f  HAL_LCD_PortInit                   
000050b7  HAL_LCD_SpiInit                    
000050eb  HAL_LCD_writeCommand               
00005123  HAL_LCD_writeData                  
00005159  Crystalfontz128x128_SetDrawFrame   
00005211  Crystalfontz128x128_Init           
00005359  lcd_draw_rectangle                 
0000546d  lcd_draw_image                     
000055ed  xTimerCreateTimerTask              
0000562d  xTimerCreate                       
000056cb  xTimerGenericCommand               
0000574b  xTimerGetTimerDaemonTaskHandle     
0000576d  xTimerGetPeriod                    
00005793  vTimerSetReloadMode                
000057dd  uxTimerGetReloadMode               
00005819  xTimerGetExpiryTime                
00005843  pcTimerGetName                     
00005c3d  xTimerIsTimerActive                
00005c7d  pvTimerGetTimerID                  
00005cab  vTimerSetTimerID                   
00005cd9  uxTimerGetTimerNumber              
00005ce7  vTimerSetTimerNumber               
00005d39  ece353_init_led1                   
00005d4f  ece353_init_button1                
00005d6f  ece353_led1                        
00005d97  ece353_button1                     
00005da7  ece353_T32_1_wait                  
00005dd5  ece353_T32_1_wait_100mS            
00005e0d  ece353_button1_wait_for_press      
00005e4f  ece353_MKII_S1_Init                
00005e5b  ece353_MKII_S2_Init                
00005e67  ece353_MKII_S1                     
00005e77  ece353_MKII_S2                     
00005e87  ece353_MKII_Buzzer_Init            
00005ef3  ece353_MKII_Buzzer_On              
00005f0d  ece353_MKII_Buzzer_Off             
00005f1b  ece353_MKII_Buzzer_Run_Status      
00005f2f  ece353_MKII_RGB_IO_Init            
00005f9b  ece353_MKII_RGB_PWM                
0000608d  ece353_ADC14_PS2_X                 
000060d5  ece353_MKII_RGB_LED_Init           
000060f9  ece353_MKII_RGB_LED                
000061dd  pvPortMalloc                       
0000636f  vPortFree                          
00006409  xPortGetFreeHeapSize               
0000640f  xPortGetMinimumEverFreeHeapSize    
00006415  vPortInitialiseBlocks              
00006571  vPortGetHeapStats                  
00006631  pxPortInitialiseStack              
000066bd  xPortStartScheduler                
00006775  vPortEndScheduler                  
00006799  vPortEnterCritical                 
000067db  vPortExitCritical                  
00006807  xPortSysTickHandler                
00006835  vPortSuppressTicksAndSleep         
0000698d  vPortSetupTimerInterrupt           
000069d5  vPortValidateInterruptPriority     
00006a69  SystemCoreClockUpdate              
00006ce1  SystemInit                         
0000702d  circular_buffer_init               
0000705f  circular_buffer_delete             
00007073  circular_buffer_add                
000070b3  circular_buffer_remove             
000070ff  circular_buffer_empty              
0000711f  circular_buffer_full               
00007145  circular_buffer_test_0             
0000720b  __aeabi_idiv0                      
0000720b  __aeabi_ldiv0                      
00007475  i2c_init                           
000074b5  i2c_write_16                       
00007511  i2c_read_16                        
000075d5  Task_Accelerometer                 
00007627  Accelerometer_XYZ                  
000076b1  ADC14_IRQHandler                   
000076b1  ADC14_IRQHandler                   
00007769  __aeabi_dsub                       
00007773  __aeabi_dadd                       
000079ab  serial_debug_init                  
000079bd  serial_debug_put_string            
000079e7  fputc                              
00007a17  EUSCIA0_IRQHandler                 
00007a17  EUSCIA0_IRQHandler                 
00007abd  sqrt                               
00007abd  sqrtl                              
00007d51  __aeabi_ddiv                       
00007e89  Task_Light_Sensor                  
00007f11  display_lux                        
00007fb9  vListInitialise                    
00007fe9  vListInitialiseItem                
00007ff9  vListInsertEnd                     
00008035  vListInsert                        
0000809b  uxListRemove                       
00008209  fputs                              
0000831d  main                               
000083b5  vApplicationMallocFailedHook       
000083b7  vApplicationStackOverflowHook      
00008431  ldexp                              
00008431  ldexpl                             
00008431  scalbn                             
00008431  scalbnl                            
000085ab  ece353_T32_1_Interrupt_Ms          
000085eb  T32_INT1_IRQHandler                
000085eb  T32_INT1_IRQHandler                
00008649  aligned_alloc                      
00008649  memalign                           
00008749  __aeabi_dmul                       
00008845  Task_Buzzer                        
0000886d  Buzzer_init                        
000088e3  buzzer_on                          
000088fd  buzzer_off                         
00008939  free                               
00008a1d  setvbuf                            
00008b09  ulPortGetIPSR                      
00008b21  xPortPendSVHandler                 
00008b81  vPortSVCHandler                    
00008ba1  vPortStartFirstTask                
00008bc5  vPortEnableVFP                     
00008c89  opt3001_init                       
00008c99  opt3001_read_lux                   
00008d0f  opt3001_read_sensor_value          
00008d2d  __aeabi_memcpy                     
00008d2d  __aeabi_memcpy4                    
00008d2d  __aeabi_memcpy8                    
00008d2d  memcpy                             
00008dc9  __aeabi_uldivmod                   
00008e5f  __aeabi_cdcmpeq                    
00008e5f  __aeabi_cdcmple                    
00008ee5  __aeabi_cdrcmple                   
00008f6b  __aeabi_memclr                     
00008f6b  __aeabi_memclr4                    
00008f6b  __aeabi_memclr8                    
00008f6d  __aeabi_memset                     
00008f6d  __aeabi_memset4                    
00008f6d  __aeabi_memset8                    
00008f73  memset                             
00008fe5  __TI_closefile                     
00009137  __aeabi_d2f                        
000091a5  HOSTrename                         
00009211  HOSTlseek                          
00009279  __TI_decompress_lzss               
000092e1  printf                             
00009349  frexp                              
00009349  frexpl                             
000093ad  fseek                              
00009411  __TI_wrt_ok                        
00009475  HOSTopen                           
000094d5  close                              
00009531  HOSTread                           
00009589  HOSTwrite                          
00009637  __TI_ltoa                          
000096dd  __TI_doflush                       
00009729  atoi                               
00009775  exit                               
000097bd  __aeabi_d2iz                       
00009805  HOSTclose                          
00009849  HOSTunlink                         
0000988d  __TI_auto_init_nobinit_nopinit     
000098d1  getdevice                          
00009915  __aeabi_uidiv                      
00009915  __aeabi_uidivmod                   
00009995  __TI_writemsg                      
000099c3  C$$IO$$                            
000099cd  __aeabi_f2d                        
00009a05  strncpy                            
00009a3d  __TI_cleanup                       
00009a71  __TI_readmsg                       
00009aa5  _c_int00_noargs                    
00009ad9  finddevice                         
00009b09  __aeabi_i2d                        
00009b39  remove                             
00009b39  unlink                             
00009b8d  lseek                              
00009bb5  write                              
00009bdd  memchr                             
00009bfd  __aeabi_ui2d                       
00009c39  memccpy                            
00009c55  copysign                           
00009c55  copysignl                          
00009c6f  strcmp                             
00009c87  strchr                             
00009c9d  strcpy                             
00009cb1  strlen                             
00009cc5  wcslen                             
00009cd7  __TI_decompress_none               
00009ce5  Reset_Handler                      
00009cf1  AES256_IRQHandler                  
00009cf1  BusFault_Handler                   
00009cf1  COMP_E0_IRQHandler                 
00009cf1  COMP_E1_IRQHandler                 
00009cf1  CS_IRQHandler                      
00009cf1  DMA_ERR_IRQHandler                 
00009cf1  DMA_INT0_IRQHandler                
00009cf1  DMA_INT1_IRQHandler                
00009cf1  DMA_INT2_IRQHandler                
00009cf1  DMA_INT3_IRQHandler                
00009cf1  DebugMon_Handler                   
00009cf1  Default_Handler                    
00009cf1  EUSCIA1_IRQHandler                 
00009cf1  EUSCIA2_IRQHandler                 
00009cf1  EUSCIA3_IRQHandler                 
00009cf1  EUSCIB0_IRQHandler                 
00009cf1  EUSCIB1_IRQHandler                 
00009cf1  EUSCIB2_IRQHandler                 
00009cf1  EUSCIB3_IRQHandler                 
00009cf1  FLCTL_IRQHandler                   
00009cf1  FPU_IRQHandler                     
00009cf1  HardFault_Handler                  
00009cf1  MemManage_Handler                  
00009cf1  NMI_Handler                        
00009cf1  PCM_IRQHandler                     
00009cf1  PORT1_IRQHandler                   
00009cf1  PORT2_IRQHandler                   
00009cf1  PORT3_IRQHandler                   
00009cf1  PORT4_IRQHandler                   
00009cf1  PORT5_IRQHandler                   
00009cf1  PORT6_IRQHandler                   
00009cf1  PSS_IRQHandler                     
00009cf1  PendSV_Handler                     
00009cf1  RTC_C_IRQHandler                   
00009cf1  SVC_Handler                        
00009cf1  SysTick_Handler                    
00009cf1  T32_INT2_IRQHandler                
00009cf1  T32_INTC_IRQHandler                
00009cf1  TA0_0_IRQHandler                   
00009cf1  TA0_N_IRQHandler                   
00009cf1  TA1_0_IRQHandler                   
00009cf1  TA1_N_IRQHandler                   
00009cf1  TA2_0_IRQHandler                   
00009cf1  TA2_N_IRQHandler                   
00009cf1  TA3_0_IRQHandler                   
00009cf1  TA3_N_IRQHandler                   
00009cf1  UsageFault_Handler                 
00009cf1  WDT_A_IRQHandler                   
00009cf3  __TI_zero_init                     
00009d01  __aeabi_errno_addr                 
00009d09  malloc                             
00009d19  _system_pre_init                   
00009d1d  C$$EXIT                            
00009d1d  abort                              
00009d20  _ctypes_                           
00009e24  uxTopUsedPriority                  
00009e74  ulMaxSyscallInterruptPriority      
00009ee8  __TI_Handler_Table_Base            
00009ef4  __TI_Handler_Table_Limit           
00009f00  __TI_CINIT_Base                    
00009f10  __TI_CINIT_Limit                   
20000000  __start___llvm_prf_cnts            
20000000  __stop___llvm_prf_cnts             
20008000  __CIOBUF_                          
200081e8  __TI_tmpnams                       
20008288  Rx_String                          
2000837c  parmbuf                            
20008384  Queue_Task_Accelerometer           
20008388  Queue_Task_Light_Sensor            
2000838c  Sem_Accelerometer                  
20008390  Sem_Light_Sensor                   
20008394  Task_Accelerometer_Handle          
20008398  Task_Buzzer_Handle                 
2000839c  Task_LCD_Handle                    
200083a0  Task_Light_Sensor_Handle           
200083a4  Tx_Buffer                          
200083a8  direction                          
200083ac  word                               
200083b0  cycle                              
200083b8  _sys_memory                        
200087b8  _ftable                            
200088a8  _device                            
20008920  _stream                            
20008970  pxCurrentTCB                       
200089a4  letters_list                       
200089f0  __TI_ft_end                        
200089f4  __aeabi_stdin                      
200089f8  __aeabi_stdout                     
200089fc  __aeabi_stderr                     
20008a00  __TI_cleanup_ptr                   
20008a04  __TI_dtors_ptr                     
20008a08  __TI_enable_exit_profile_output    
20008a0c  ACC_X_VAL                          
20008a10  ACC_Y_VAL                          
20008a14  ACC_Z_VAL                          
20008a24  _lock                              
20008a28  _unlock                            
20008a34  errno                              
20008a38  SystemCoreClock                    
20008a3c  Rx_Char_Count                      
20008a3e  ALERT_STRING                       
2000fe00  __stack                            
20010000  __STACK_END                        
4000480c  WDTCTL_SYM                         
ffffffff  __TI_pprof_out_hndl                
ffffffff  __TI_prof_data_size                
ffffffff  __TI_prof_data_start               
ffffffff  __binit__                          
ffffffff  __c_args__                         
ffffffff  binit                              
UNDEFED   __mpu_init                         
UNDEFED   _system_post_cinit                 
UNDEFED   change_letter                      

[390 symbols]
