<?xml version="1.0" encoding="ISO-8859-1" ?>
<link_info>
   <banner>TI ARM Linker PC v20.2.5.LTS</banner>
   <copyright>Copyright (c) 1996-2018 Texas Instruments Incorporated</copyright>
   <link_time>0x62704ffe</link_time>
   <link_errors>0x2</link_errors>
   <output_file>Hangman.out</output_file>
   <entry_point>
      <name>_c_int00_noargs</name>
      <address>0x9aa5</address>
   </entry_point>
   <input_file_list>
      <input_file id="fl-2">
         <path>.\</path>
         <kind>object</kind>
         <file>circular_buffer.obj</file>
         <name>circular_buffer.obj</name>
      </input_file>
      <input_file id="fl-3">
         <path>.\</path>
         <kind>object</kind>
         <file>ece353.obj</file>
         <name>ece353.obj</name>
      </input_file>
      <input_file id="fl-4">
         <path>.\</path>
         <kind>object</kind>
         <file>hangman.obj</file>
         <name>hangman.obj</name>
      </input_file>
      <input_file id="fl-5">
         <path>.\</path>
         <kind>object</kind>
         <file>hangman_Image.obj</file>
         <name>hangman_Image.obj</name>
      </input_file>
      <input_file id="fl-6">
         <path>.\</path>
         <kind>object</kind>
         <file>i2c.obj</file>
         <name>i2c.obj</name>
      </input_file>
      <input_file id="fl-7">
         <path>.\</path>
         <kind>object</kind>
         <file>main.obj</file>
         <name>main.obj</name>
      </input_file>
      <input_file id="fl-8">
         <path>.\</path>
         <kind>object</kind>
         <file>opt3001.obj</file>
         <name>opt3001.obj</name>
      </input_file>
      <input_file id="fl-9">
         <path>.\</path>
         <kind>object</kind>
         <file>serial_debug.obj</file>
         <name>serial_debug.obj</name>
      </input_file>
      <input_file id="fl-a">
         <path>.\</path>
         <kind>object</kind>
         <file>startup_msp432p401r_ccs.obj</file>
         <name>startup_msp432p401r_ccs.obj</name>
      </input_file>
      <input_file id="fl-b">
         <path>.\</path>
         <kind>object</kind>
         <file>system_msp432p401r.obj</file>
         <name>system_msp432p401r.obj</name>
      </input_file>
      <input_file id="fl-c">
         <path>.\</path>
         <kind>object</kind>
         <file>task_accelerometer.obj</file>
         <name>task_accelerometer.obj</name>
      </input_file>
      <input_file id="fl-d">
         <path>.\</path>
         <kind>object</kind>
         <file>task_buzzer.obj</file>
         <name>task_buzzer.obj</name>
      </input_file>
      <input_file id="fl-e">
         <path>.\</path>
         <kind>object</kind>
         <file>task_lcd.obj</file>
         <name>task_lcd.obj</name>
      </input_file>
      <input_file id="fl-f">
         <path>.\</path>
         <kind>object</kind>
         <file>task_light_sensor.obj</file>
         <name>task_light_sensor.obj</name>
      </input_file>
      <input_file id="fl-10">
         <path>.\</path>
         <kind>object</kind>
         <file>timer32.obj</file>
         <name>timer32.obj</name>
      </input_file>
      <input_file id="fl-11">
         <path>.\</path>
         <kind>object</kind>
         <file>word_list.obj</file>
         <name>word_list.obj</name>
      </input_file>
      <input_file id="fl-12">
         <path>.\FreeRTOS\</path>
         <kind>object</kind>
         <file>croutine.obj</file>
         <name>croutine.obj</name>
      </input_file>
      <input_file id="fl-13">
         <path>.\FreeRTOS\</path>
         <kind>object</kind>
         <file>event_groups.obj</file>
         <name>event_groups.obj</name>
      </input_file>
      <input_file id="fl-14">
         <path>.\FreeRTOS\</path>
         <kind>object</kind>
         <file>heap_4.obj</file>
         <name>heap_4.obj</name>
      </input_file>
      <input_file id="fl-15">
         <path>.\FreeRTOS\</path>
         <kind>object</kind>
         <file>list.obj</file>
         <name>list.obj</name>
      </input_file>
      <input_file id="fl-16">
         <path>.\FreeRTOS\</path>
         <kind>object</kind>
         <file>queue.obj</file>
         <name>queue.obj</name>
      </input_file>
      <input_file id="fl-17">
         <path>.\FreeRTOS\</path>
         <kind>object</kind>
         <file>stream_buffer.obj</file>
         <name>stream_buffer.obj</name>
      </input_file>
      <input_file id="fl-18">
         <path>.\FreeRTOS\</path>
         <kind>object</kind>
         <file>tasks.obj</file>
         <name>tasks.obj</name>
      </input_file>
      <input_file id="fl-19">
         <path>.\FreeRTOS\</path>
         <kind>object</kind>
         <file>timers.obj</file>
         <name>timers.obj</name>
      </input_file>
      <input_file id="fl-1a">
         <path>.\FreeRTOS\portable\</path>
         <kind>object</kind>
         <file>port.obj</file>
         <name>port.obj</name>
      </input_file>
      <input_file id="fl-1b">
         <path>.\FreeRTOS\portable\</path>
         <kind>object</kind>
         <file>portasm.obj</file>
         <name>portasm.obj</name>
      </input_file>
      <input_file id="fl-1f">
         <kind>object</kind>
         <file>&lt;internal&gt;</file>
         <name>&lt;internal&gt;</name>
      </input_file>
      <input_file id="fl-d5">
         <path>C:\ti\ccs1110\ccs\tools\compiler\ti-cgt-arm_20.2.5.LTS\lib\</path>
         <kind>archive</kind>
         <file>rtsv7M4_T_le_v4SPD16_eabi.lib</file>
         <name>printf.c.obj</name>
      </input_file>
      <input_file id="fl-d6">
         <path>C:\ti\ccs1110\ccs\tools\compiler\ti-cgt-arm_20.2.5.LTS\lib\</path>
         <kind>archive</kind>
         <file>rtsv7M4_T_le_v4SPD16_eabi.lib</file>
         <name>_printfi.c.obj</name>
      </input_file>
      <input_file id="fl-d7">
         <path>C:\ti\ccs1110\ccs\tools\compiler\ti-cgt-arm_20.2.5.LTS\lib\</path>
         <kind>archive</kind>
         <file>rtsv7M4_T_le_v4SPD16_eabi.lib</file>
         <name>fputs.c.obj</name>
      </input_file>
      <input_file id="fl-d8">
         <path>C:\ti\ccs1110\ccs\tools\compiler\ti-cgt-arm_20.2.5.LTS\lib\</path>
         <kind>archive</kind>
         <file>rtsv7M4_T_le_v4SPD16_eabi.lib</file>
         <name>_io_perm.c.obj</name>
      </input_file>
      <input_file id="fl-d9">
         <path>C:\ti\ccs1110\ccs\tools\compiler\ti-cgt-arm_20.2.5.LTS\lib\</path>
         <kind>archive</kind>
         <file>rtsv7M4_T_le_v4SPD16_eabi.lib</file>
         <name>setvbuf.c.obj</name>
      </input_file>
      <input_file id="fl-da">
         <path>C:\ti\ccs1110\ccs\tools\compiler\ti-cgt-arm_20.2.5.LTS\lib\</path>
         <kind>archive</kind>
         <file>rtsv7M4_T_le_v4SPD16_eabi.lib</file>
         <name>e_pow.c.obj</name>
      </input_file>
      <input_file id="fl-db">
         <path>C:\ti\ccs1110\ccs\tools\compiler\ti-cgt-arm_20.2.5.LTS\lib\</path>
         <kind>archive</kind>
         <file>rtsv7M4_T_le_v4SPD16_eabi.lib</file>
         <name>e_sqrt.c.obj</name>
      </input_file>
      <input_file id="fl-dc">
         <path>C:\ti\ccs1110\ccs\tools\compiler\ti-cgt-arm_20.2.5.LTS\lib\</path>
         <kind>archive</kind>
         <file>rtsv7M4_T_le_v4SPD16_eabi.lib</file>
         <name>s_frexp.c.obj</name>
      </input_file>
      <input_file id="fl-dd">
         <path>C:\ti\ccs1110\ccs\tools\compiler\ti-cgt-arm_20.2.5.LTS\lib\</path>
         <kind>archive</kind>
         <file>rtsv7M4_T_le_v4SPD16_eabi.lib</file>
         <name>s_scalbn.c.obj</name>
      </input_file>
      <input_file id="fl-de">
         <path>C:\ti\ccs1110\ccs\tools\compiler\ti-cgt-arm_20.2.5.LTS\lib\</path>
         <kind>archive</kind>
         <file>rtsv7M4_T_le_v4SPD16_eabi.lib</file>
         <name>wcslen.c.obj</name>
      </input_file>
      <input_file id="fl-df">
         <path>C:\ti\ccs1110\ccs\tools\compiler\ti-cgt-arm_20.2.5.LTS\lib\</path>
         <kind>archive</kind>
         <file>rtsv7M4_T_le_v4SPD16_eabi.lib</file>
         <name>fd_add_t2.asm.obj</name>
      </input_file>
      <input_file id="fl-e0">
         <path>C:\ti\ccs1110\ccs\tools\compiler\ti-cgt-arm_20.2.5.LTS\lib\</path>
         <kind>archive</kind>
         <file>rtsv7M4_T_le_v4SPD16_eabi.lib</file>
         <name>fd_cmp_t2.asm.obj</name>
      </input_file>
      <input_file id="fl-e1">
         <path>C:\ti\ccs1110\ccs\tools\compiler\ti-cgt-arm_20.2.5.LTS\lib\</path>
         <kind>archive</kind>
         <file>rtsv7M4_T_le_v4SPD16_eabi.lib</file>
         <name>fd_div_t2.asm.obj</name>
      </input_file>
      <input_file id="fl-e2">
         <path>C:\ti\ccs1110\ccs\tools\compiler\ti-cgt-arm_20.2.5.LTS\lib\</path>
         <kind>archive</kind>
         <file>rtsv7M4_T_le_v4SPD16_eabi.lib</file>
         <name>fd_mul_t2.asm.obj</name>
      </input_file>
      <input_file id="fl-e3">
         <path>C:\ti\ccs1110\ccs\tools\compiler\ti-cgt-arm_20.2.5.LTS\lib\</path>
         <kind>archive</kind>
         <file>rtsv7M4_T_le_v4SPD16_eabi.lib</file>
         <name>fd_toi_t2.asm.obj</name>
      </input_file>
      <input_file id="fl-e4">
         <path>C:\ti\ccs1110\ccs\tools\compiler\ti-cgt-arm_20.2.5.LTS\lib\</path>
         <kind>archive</kind>
         <file>rtsv7M4_T_le_v4SPD16_eabi.lib</file>
         <name>fd_tos_t2.asm.obj</name>
      </input_file>
      <input_file id="fl-e5">
         <path>C:\ti\ccs1110\ccs\tools\compiler\ti-cgt-arm_20.2.5.LTS\lib\</path>
         <kind>archive</kind>
         <file>rtsv7M4_T_le_v4SPD16_eabi.lib</file>
         <name>fs_tod_t2.asm.obj</name>
      </input_file>
      <input_file id="fl-e6">
         <path>C:\ti\ccs1110\ccs\tools\compiler\ti-cgt-arm_20.2.5.LTS\lib\</path>
         <kind>archive</kind>
         <file>rtsv7M4_T_le_v4SPD16_eabi.lib</file>
         <name>i_tofd_t2.asm.obj</name>
      </input_file>
      <input_file id="fl-e7">
         <path>C:\ti\ccs1110\ccs\tools\compiler\ti-cgt-arm_20.2.5.LTS\lib\</path>
         <kind>archive</kind>
         <file>rtsv7M4_T_le_v4SPD16_eabi.lib</file>
         <name>memcpy_t2.asm.obj</name>
      </input_file>
      <input_file id="fl-e8">
         <path>C:\ti\ccs1110\ccs\tools\compiler\ti-cgt-arm_20.2.5.LTS\lib\</path>
         <kind>archive</kind>
         <file>rtsv7M4_T_le_v4SPD16_eabi.lib</file>
         <name>u_tofd_t2.asm.obj</name>
      </input_file>
      <input_file id="fl-e9">
         <path>C:\ti\ccs1110\ccs\tools\compiler\ti-cgt-arm_20.2.5.LTS\lib\</path>
         <kind>archive</kind>
         <file>rtsv7M4_T_le_v4SPD16_eabi.lib</file>
         <name>u_divt2.asm.obj</name>
      </input_file>
      <input_file id="fl-ea">
         <path>C:\ti\ccs1110\ccs\tools\compiler\ti-cgt-arm_20.2.5.LTS\lib\</path>
         <kind>archive</kind>
         <file>rtsv7M4_T_le_v4SPD16_eabi.lib</file>
         <name>ull_div_t2.asm.obj</name>
      </input_file>
      <input_file id="fl-eb">
         <path>C:\ti\ccs1110\ccs\tools\compiler\ti-cgt-arm_20.2.5.LTS\lib\</path>
         <kind>archive</kind>
         <file>rtsv7M4_T_le_v4SPD16_eabi.lib</file>
         <name>memset_t2.asm.obj</name>
      </input_file>
      <input_file id="fl-ec">
         <path>C:\ti\ccs1110\ccs\tools\compiler\ti-cgt-arm_20.2.5.LTS\lib\</path>
         <kind>archive</kind>
         <file>rtsv7M4_T_le_v4SPD16_eabi.lib</file>
         <name>copy_zero_init.c.obj</name>
      </input_file>
      <input_file id="fl-ed">
         <path>C:\ti\ccs1110\ccs\tools\compiler\ti-cgt-arm_20.2.5.LTS\lib\</path>
         <kind>archive</kind>
         <file>rtsv7M4_T_le_v4SPD16_eabi.lib</file>
         <name>copy_decompress_none.c.obj</name>
      </input_file>
      <input_file id="fl-ee">
         <path>C:\ti\ccs1110\ccs\tools\compiler\ti-cgt-arm_20.2.5.LTS\lib\</path>
         <kind>archive</kind>
         <file>rtsv7M4_T_le_v4SPD16_eabi.lib</file>
         <name>copy_decompress_lzss.c.obj</name>
      </input_file>
      <input_file id="fl-ef">
         <path>C:\ti\ccs1110\ccs\tools\compiler\ti-cgt-arm_20.2.5.LTS\lib\</path>
         <kind>archive</kind>
         <file>rtsv7M4_T_le_v4SPD16_eabi.lib</file>
         <name>exit.c.obj</name>
      </input_file>
      <input_file id="fl-f0">
         <path>C:\ti\ccs1110\ccs\tools\compiler\ti-cgt-arm_20.2.5.LTS\lib\</path>
         <kind>archive</kind>
         <file>rtsv7M4_T_le_v4SPD16_eabi.lib</file>
         <name>_lock.c.obj</name>
      </input_file>
      <input_file id="fl-f1">
         <path>C:\ti\ccs1110\ccs\tools\compiler\ti-cgt-arm_20.2.5.LTS\lib\</path>
         <kind>archive</kind>
         <file>rtsv7M4_T_le_v4SPD16_eabi.lib</file>
         <name>_ltoa.c.obj</name>
      </input_file>
      <input_file id="fl-f2">
         <path>C:\ti\ccs1110\ccs\tools\compiler\ti-cgt-arm_20.2.5.LTS\lib\</path>
         <kind>archive</kind>
         <file>rtsv7M4_T_le_v4SPD16_eabi.lib</file>
         <name>atoi.c.obj</name>
      </input_file>
      <input_file id="fl-f3">
         <path>C:\ti\ccs1110\ccs\tools\compiler\ti-cgt-arm_20.2.5.LTS\lib\</path>
         <kind>archive</kind>
         <file>rtsv7M4_T_le_v4SPD16_eabi.lib</file>
         <name>ctype.c.obj</name>
      </input_file>
      <input_file id="fl-f4">
         <path>C:\ti\ccs1110\ccs\tools\compiler\ti-cgt-arm_20.2.5.LTS\lib\</path>
         <kind>archive</kind>
         <file>rtsv7M4_T_le_v4SPD16_eabi.lib</file>
         <name>defs.c.obj</name>
      </input_file>
      <input_file id="fl-f5">
         <path>C:\ti\ccs1110\ccs\tools\compiler\ti-cgt-arm_20.2.5.LTS\lib\</path>
         <kind>archive</kind>
         <file>rtsv7M4_T_le_v4SPD16_eabi.lib</file>
         <name>memccpy.c.obj</name>
      </input_file>
      <input_file id="fl-f6">
         <path>C:\ti\ccs1110\ccs\tools\compiler\ti-cgt-arm_20.2.5.LTS\lib\</path>
         <kind>archive</kind>
         <file>rtsv7M4_T_le_v4SPD16_eabi.lib</file>
         <name>memchr.c.obj</name>
      </input_file>
      <input_file id="fl-f7">
         <path>C:\ti\ccs1110\ccs\tools\compiler\ti-cgt-arm_20.2.5.LTS\lib\</path>
         <kind>archive</kind>
         <file>rtsv7M4_T_le_v4SPD16_eabi.lib</file>
         <name>memory.c.obj</name>
      </input_file>
      <input_file id="fl-f8">
         <path>C:\ti\ccs1110\ccs\tools\compiler\ti-cgt-arm_20.2.5.LTS\lib\</path>
         <kind>archive</kind>
         <file>rtsv7M4_T_le_v4SPD16_eabi.lib</file>
         <name>strchr.c.obj</name>
      </input_file>
      <input_file id="fl-f9">
         <path>C:\ti\ccs1110\ccs\tools\compiler\ti-cgt-arm_20.2.5.LTS\lib\</path>
         <kind>archive</kind>
         <file>rtsv7M4_T_le_v4SPD16_eabi.lib</file>
         <name>strlen.c.obj</name>
      </input_file>
      <input_file id="fl-fa">
         <path>C:\ti\ccs1110\ccs\tools\compiler\ti-cgt-arm_20.2.5.LTS\lib\</path>
         <kind>archive</kind>
         <file>rtsv7M4_T_le_v4SPD16_eabi.lib</file>
         <name>errno.c.obj</name>
      </input_file>
      <input_file id="fl-fb">
         <path>C:\ti\ccs1110\ccs\tools\compiler\ti-cgt-arm_20.2.5.LTS\lib\</path>
         <kind>archive</kind>
         <file>rtsv7M4_T_le_v4SPD16_eabi.lib</file>
         <name>boot_cortex_m.c.obj</name>
      </input_file>
      <input_file id="fl-fc">
         <path>C:\ti\ccs1110\ccs\tools\compiler\ti-cgt-arm_20.2.5.LTS\lib\</path>
         <kind>archive</kind>
         <file>rtsv7M4_T_le_v4SPD16_eabi.lib</file>
         <name>write.c.obj</name>
      </input_file>
      <input_file id="fl-fd">
         <path>C:\ti\ccs1110\ccs\tools\compiler\ti-cgt-arm_20.2.5.LTS\lib\</path>
         <kind>archive</kind>
         <file>rtsv7M4_T_le_v4SPD16_eabi.lib</file>
         <name>host_device.c.obj</name>
      </input_file>
      <input_file id="fl-fe">
         <path>C:\ti\ccs1110\ccs\tools\compiler\ti-cgt-arm_20.2.5.LTS\lib\</path>
         <kind>archive</kind>
         <file>rtsv7M4_T_le_v4SPD16_eabi.lib</file>
         <name>fflush.c.obj</name>
      </input_file>
      <input_file id="fl-ff">
         <path>C:\ti\ccs1110\ccs\tools\compiler\ti-cgt-arm_20.2.5.LTS\lib\</path>
         <kind>archive</kind>
         <file>rtsv7M4_T_le_v4SPD16_eabi.lib</file>
         <name>fopen.c.obj</name>
      </input_file>
      <input_file id="fl-100">
         <path>C:\ti\ccs1110\ccs\tools\compiler\ti-cgt-arm_20.2.5.LTS\lib\</path>
         <kind>archive</kind>
         <file>rtsv7M4_T_le_v4SPD16_eabi.lib</file>
         <name>fseek.c.obj</name>
      </input_file>
      <input_file id="fl-101">
         <path>C:\ti\ccs1110\ccs\tools\compiler\ti-cgt-arm_20.2.5.LTS\lib\</path>
         <kind>archive</kind>
         <file>rtsv7M4_T_le_v4SPD16_eabi.lib</file>
         <name>s_copysign.c.obj</name>
      </input_file>
      <input_file id="fl-102">
         <path>C:\ti\ccs1110\ccs\tools\compiler\ti-cgt-arm_20.2.5.LTS\lib\</path>
         <kind>archive</kind>
         <file>rtsv7M4_T_le_v4SPD16_eabi.lib</file>
         <name>div0.asm.obj</name>
      </input_file>
      <input_file id="fl-103">
         <path>C:\ti\ccs1110\ccs\tools\compiler\ti-cgt-arm_20.2.5.LTS\lib\</path>
         <kind>archive</kind>
         <file>rtsv7M4_T_le_v4SPD16_eabi.lib</file>
         <name>autoinit.c.obj</name>
      </input_file>
      <input_file id="fl-104">
         <path>C:\ti\ccs1110\ccs\tools\compiler\ti-cgt-arm_20.2.5.LTS\lib\</path>
         <kind>archive</kind>
         <file>rtsv7M4_T_le_v4SPD16_eabi.lib</file>
         <name>pre_init.c.obj</name>
      </input_file>
      <input_file id="fl-105">
         <path>C:\ti\ccs1110\ccs\tools\compiler\ti-cgt-arm_20.2.5.LTS\lib\</path>
         <kind>archive</kind>
         <file>rtsv7M4_T_le_v4SPD16_eabi.lib</file>
         <name>cpy_tbl.c.obj</name>
      </input_file>
      <input_file id="fl-106">
         <path>C:\ti\ccs1110\ccs\tools\compiler\ti-cgt-arm_20.2.5.LTS\lib\</path>
         <kind>archive</kind>
         <file>rtsv7M4_T_le_v4SPD16_eabi.lib</file>
         <name>args_main.c.obj</name>
      </input_file>
      <input_file id="fl-107">
         <path>C:\ti\ccs1110\ccs\tools\compiler\ti-cgt-arm_20.2.5.LTS\lib\</path>
         <kind>archive</kind>
         <file>rtsv7M4_T_le_v4SPD16_eabi.lib</file>
         <name>hostclose.c.obj</name>
      </input_file>
      <input_file id="fl-108">
         <path>C:\ti\ccs1110\ccs\tools\compiler\ti-cgt-arm_20.2.5.LTS\lib\</path>
         <kind>archive</kind>
         <file>rtsv7M4_T_le_v4SPD16_eabi.lib</file>
         <name>hostlseek.c.obj</name>
      </input_file>
      <input_file id="fl-109">
         <path>C:\ti\ccs1110\ccs\tools\compiler\ti-cgt-arm_20.2.5.LTS\lib\</path>
         <kind>archive</kind>
         <file>rtsv7M4_T_le_v4SPD16_eabi.lib</file>
         <name>hostopen.c.obj</name>
      </input_file>
      <input_file id="fl-10a">
         <path>C:\ti\ccs1110\ccs\tools\compiler\ti-cgt-arm_20.2.5.LTS\lib\</path>
         <kind>archive</kind>
         <file>rtsv7M4_T_le_v4SPD16_eabi.lib</file>
         <name>hostread.c.obj</name>
      </input_file>
      <input_file id="fl-10b">
         <path>C:\ti\ccs1110\ccs\tools\compiler\ti-cgt-arm_20.2.5.LTS\lib\</path>
         <kind>archive</kind>
         <file>rtsv7M4_T_le_v4SPD16_eabi.lib</file>
         <name>hostrename.c.obj</name>
      </input_file>
      <input_file id="fl-10c">
         <path>C:\ti\ccs1110\ccs\tools\compiler\ti-cgt-arm_20.2.5.LTS\lib\</path>
         <kind>archive</kind>
         <file>rtsv7M4_T_le_v4SPD16_eabi.lib</file>
         <name>hostunlink.c.obj</name>
      </input_file>
      <input_file id="fl-10d">
         <path>C:\ti\ccs1110\ccs\tools\compiler\ti-cgt-arm_20.2.5.LTS\lib\</path>
         <kind>archive</kind>
         <file>rtsv7M4_T_le_v4SPD16_eabi.lib</file>
         <name>hostwrite.c.obj</name>
      </input_file>
      <input_file id="fl-10e">
         <path>C:\ti\ccs1110\ccs\tools\compiler\ti-cgt-arm_20.2.5.LTS\lib\</path>
         <kind>archive</kind>
         <file>rtsv7M4_T_le_v4SPD16_eabi.lib</file>
         <name>trgmsg.c.obj</name>
      </input_file>
      <input_file id="fl-10f">
         <path>C:\ti\ccs1110\ccs\tools\compiler\ti-cgt-arm_20.2.5.LTS\lib\</path>
         <kind>archive</kind>
         <file>rtsv7M4_T_le_v4SPD16_eabi.lib</file>
         <name>open.c.obj</name>
      </input_file>
      <input_file id="fl-110">
         <path>C:\ti\ccs1110\ccs\tools\compiler\ti-cgt-arm_20.2.5.LTS\lib\</path>
         <kind>archive</kind>
         <file>rtsv7M4_T_le_v4SPD16_eabi.lib</file>
         <name>lseek.c.obj</name>
      </input_file>
      <input_file id="fl-111">
         <path>C:\ti\ccs1110\ccs\tools\compiler\ti-cgt-arm_20.2.5.LTS\lib\</path>
         <kind>archive</kind>
         <file>rtsv7M4_T_le_v4SPD16_eabi.lib</file>
         <name>fclose.c.obj</name>
      </input_file>
      <input_file id="fl-112">
         <path>C:\ti\ccs1110\ccs\tools\compiler\ti-cgt-arm_20.2.5.LTS\lib\</path>
         <kind>archive</kind>
         <file>rtsv7M4_T_le_v4SPD16_eabi.lib</file>
         <name>getdevice.c.obj</name>
      </input_file>
      <input_file id="fl-113">
         <path>C:\ti\ccs1110\ccs\tools\compiler\ti-cgt-arm_20.2.5.LTS\lib\</path>
         <kind>archive</kind>
         <file>rtsv7M4_T_le_v4SPD16_eabi.lib</file>
         <name>strcmp.c.obj</name>
      </input_file>
      <input_file id="fl-114">
         <path>C:\ti\ccs1110\ccs\tools\compiler\ti-cgt-arm_20.2.5.LTS\lib\</path>
         <kind>archive</kind>
         <file>rtsv7M4_T_le_v4SPD16_eabi.lib</file>
         <name>strcpy.c.obj</name>
      </input_file>
      <input_file id="fl-115">
         <path>C:\ti\ccs1110\ccs\tools\compiler\ti-cgt-arm_20.2.5.LTS\lib\</path>
         <kind>archive</kind>
         <file>rtsv7M4_T_le_v4SPD16_eabi.lib</file>
         <name>strncpy.c.obj</name>
      </input_file>
      <input_file id="fl-116">
         <path>C:\ti\ccs1110\ccs\tools\compiler\ti-cgt-arm_20.2.5.LTS\lib\</path>
         <kind>archive</kind>
         <file>rtsv7M4_T_le_v4SPD16_eabi.lib</file>
         <name>remove.c.obj</name>
      </input_file>
      <input_file id="fl-117">
         <path>C:\ti\ccs1110\ccs\tools\compiler\ti-cgt-arm_20.2.5.LTS\lib\</path>
         <kind>archive</kind>
         <file>rtsv7M4_T_le_v4SPD16_eabi.lib</file>
         <name>close.c.obj</name>
      </input_file>
      <input_file id="fl-118">
         <path>C:\ti\ccs1110\ccs\tools\compiler\ti-cgt-arm_20.2.5.LTS\lib\</path>
         <kind>archive</kind>
         <file>rtsv7M4_T_le_v4SPD16_eabi.lib</file>
         <name>unlink.c.obj</name>
      </input_file>
   </input_file_list>
   <object_component_list>
      <object_component id="oc-26">
         <name>.intvecs:retain</name>
         <load_address>0x0</load_address>
         <run_address>0x0</run_address>
         <size>0xe4</size>
         <input_file_ref idref="fl-a"/>
      </object_component>
      <object_component id="oc-d6">
         <name>.text</name>
         <load_address>0xe4</load_address>
         <run_address>0xe4</run_address>
         <size>0x2810</size>
         <input_file_ref idref="fl-18"/>
      </object_component>
      <object_component id="oc-109">
         <name>.text</name>
         <load_address>0x28f4</load_address>
         <run_address>0x28f4</run_address>
         <size>0x1124</size>
         <input_file_ref idref="fl-16"/>
      </object_component>
      <object_component id="oc-329">
         <name>.text:__TI_printfi</name>
         <load_address>0x3a18</load_address>
         <run_address>0x3a18</run_address>
         <size>0xa4e</size>
         <input_file_ref idref="fl-d6"/>
      </object_component>
      <object_component id="oc-34c">
         <name>.text:_nop</name>
         <load_address>0x4466</load_address>
         <run_address>0x4466</run_address>
         <size>0x2</size>
         <input_file_ref idref="fl-f0"/>
      </object_component>
      <object_component id="oc-318">
         <name>.text:pow</name>
         <load_address>0x4468</load_address>
         <run_address>0x4468</run_address>
         <size>0x9d0</size>
         <input_file_ref idref="fl-da"/>
      </object_component>
      <object_component id="oc-15b">
         <name>.text</name>
         <load_address>0x4e38</load_address>
         <run_address>0x4e38</run_address>
         <size>0x7b4</size>
         <input_file_ref idref="fl-e"/>
      </object_component>
      <object_component id="oc-1c8">
         <name>.text</name>
         <load_address>0x55ec</load_address>
         <run_address>0x55ec</run_address>
         <size>0x720</size>
         <input_file_ref idref="fl-19"/>
      </object_component>
      <object_component id="oc-264">
         <name>.text</name>
         <load_address>0x5d0c</load_address>
         <run_address>0x5d0c</run_address>
         <size>0x4d0</size>
         <input_file_ref idref="fl-3"/>
      </object_component>
      <object_component id="oc-1b0">
         <name>.text</name>
         <load_address>0x61dc</load_address>
         <run_address>0x61dc</run_address>
         <size>0x454</size>
         <input_file_ref idref="fl-14"/>
      </object_component>
      <object_component id="oc-75">
         <name>.text</name>
         <load_address>0x6630</load_address>
         <run_address>0x6630</run_address>
         <size>0x438</size>
         <input_file_ref idref="fl-1a"/>
      </object_component>
      <object_component id="oc-c9">
         <name>.text</name>
         <load_address>0x6a68</load_address>
         <run_address>0x6a68</run_address>
         <size>0x354</size>
         <input_file_ref idref="fl-b"/>
      </object_component>
      <object_component id="oc-3f5">
         <name>.text:_pconv_a</name>
         <load_address>0x6dbc</load_address>
         <run_address>0x6dbc</run_address>
         <size>0x270</size>
         <input_file_ref idref="fl-d6"/>
      </object_component>
      <object_component id="oc-f1">
         <name>.text</name>
         <load_address>0x702c</load_address>
         <run_address>0x702c</run_address>
         <size>0x1de</size>
         <input_file_ref idref="fl-2"/>
      </object_component>
      <object_component id="oc-301">
         <name>.text</name>
         <load_address>0x720a</load_address>
         <run_address>0x720a</run_address>
         <size>0x2</size>
         <input_file_ref idref="fl-102"/>
      </object_component>
      <object_component id="oc-3e3">
         <name>.text:_pconv_g</name>
         <load_address>0x720c</load_address>
         <run_address>0x720c</run_address>
         <size>0x1d0</size>
         <input_file_ref idref="fl-d6"/>
      </object_component>
      <object_component id="oc-26a">
         <name>.text</name>
         <load_address>0x73dc</load_address>
         <run_address>0x73dc</run_address>
         <size>0x1cc</size>
         <input_file_ref idref="fl-6"/>
      </object_component>
      <object_component id="oc-81">
         <name>.text</name>
         <load_address>0x75a8</load_address>
         <run_address>0x75a8</run_address>
         <size>0x1c0</size>
         <input_file_ref idref="fl-c"/>
      </object_component>
      <object_component id="oc-259">
         <name>.text</name>
         <load_address>0x7768</load_address>
         <run_address>0x7768</run_address>
         <size>0x1b6</size>
         <input_file_ref idref="fl-df"/>
      </object_component>
      <object_component id="oc-7b">
         <name>.text</name>
         <load_address>0x7920</load_address>
         <run_address>0x7920</run_address>
         <size>0x19c</size>
         <input_file_ref idref="fl-9"/>
      </object_component>
      <object_component id="oc-3a3">
         <name>.text:sqrt</name>
         <load_address>0x7abc</load_address>
         <run_address>0x7abc</run_address>
         <size>0x158</size>
         <input_file_ref idref="fl-db"/>
      </object_component>
      <object_component id="oc-3ef">
         <name>.text:_pconv_e</name>
         <load_address>0x7c14</load_address>
         <run_address>0x7c14</run_address>
         <size>0x13c</size>
         <input_file_ref idref="fl-d6"/>
      </object_component>
      <object_component id="oc-39e">
         <name>.text</name>
         <load_address>0x7d50</load_address>
         <run_address>0x7d50</run_address>
         <size>0x136</size>
         <input_file_ref idref="fl-e1"/>
      </object_component>
      <object_component id="oc-154">
         <name>.text</name>
         <load_address>0x7e88</load_address>
         <run_address>0x7e88</run_address>
         <size>0x130</size>
         <input_file_ref idref="fl-f"/>
      </object_component>
      <object_component id="oc-1b6">
         <name>.text</name>
         <load_address>0x7fb8</load_address>
         <run_address>0x7fb8</run_address>
         <size>0x12a</size>
         <input_file_ref idref="fl-15"/>
      </object_component>
      <object_component id="oc-487">
         <name>.text:fcvt</name>
         <load_address>0x80e4</load_address>
         <run_address>0x80e4</run_address>
         <size>0x124</size>
         <input_file_ref idref="fl-d6"/>
      </object_component>
      <object_component id="oc-417">
         <name>.text:fputs</name>
         <load_address>0x8208</load_address>
         <run_address>0x8208</run_address>
         <size>0x114</size>
         <input_file_ref idref="fl-d7"/>
      </object_component>
      <object_component id="oc-b7">
         <name>.text</name>
         <load_address>0x831c</load_address>
         <run_address>0x831c</run_address>
         <size>0x114</size>
         <input_file_ref idref="fl-7"/>
      </object_component>
      <object_component id="oc-3c1">
         <name>.text:scalbn</name>
         <load_address>0x8430</load_address>
         <run_address>0x8430</run_address>
         <size>0x110</size>
         <input_file_ref idref="fl-dd"/>
      </object_component>
      <object_component id="oc-87">
         <name>.text</name>
         <load_address>0x8540</load_address>
         <run_address>0x8540</run_address>
         <size>0x108</size>
         <input_file_ref idref="fl-10"/>
      </object_component>
      <object_component id="oc-2ed">
         <name>.text:aligned_alloc</name>
         <load_address>0x8648</load_address>
         <run_address>0x8648</run_address>
         <size>0x100</size>
         <input_file_ref idref="fl-f7"/>
      </object_component>
      <object_component id="oc-254">
         <name>.text</name>
         <load_address>0x8748</load_address>
         <run_address>0x8748</run_address>
         <size>0xfc</size>
         <input_file_ref idref="fl-e2"/>
      </object_component>
      <object_component id="oc-14d">
         <name>.text</name>
         <load_address>0x8844</load_address>
         <run_address>0x8844</run_address>
         <size>0xf4</size>
         <input_file_ref idref="fl-d"/>
      </object_component>
      <object_component id="oc-1f9">
         <name>.text:free</name>
         <load_address>0x8938</load_address>
         <run_address>0x8938</run_address>
         <size>0xe4</size>
         <input_file_ref idref="fl-f7"/>
      </object_component>
      <object_component id="oc-50c">
         <name>.text:setvbuf</name>
         <load_address>0x8a1c</load_address>
         <run_address>0x8a1c</run_address>
         <size>0xdc</size>
         <input_file_ref idref="fl-d9"/>
      </object_component>
      <object_component id="oc-70">
         <name>.text</name>
         <load_address>0x8af8</load_address>
         <run_address>0x8af8</run_address>
         <size>0xda</size>
         <input_file_ref idref="fl-1b"/>
      </object_component>
      <object_component id="oc-3dd">
         <name>.text:_ltostr</name>
         <load_address>0x8bd4</load_address>
         <run_address>0x8bd4</run_address>
         <size>0xb1</size>
         <input_file_ref idref="fl-d6"/>
      </object_component>
      <object_component id="oc-270">
         <name>.text</name>
         <load_address>0x8c88</load_address>
         <run_address>0x8c88</run_address>
         <size>0xa4</size>
         <input_file_ref idref="fl-8"/>
      </object_component>
      <object_component id="oc-3a">
         <name>.text</name>
         <load_address>0x8d2c</load_address>
         <run_address>0x8d2c</run_address>
         <size>0x9c</size>
         <input_file_ref idref="fl-e7"/>
      </object_component>
      <object_component id="oc-46e">
         <name>.text</name>
         <load_address>0x8dc8</load_address>
         <run_address>0x8dc8</run_address>
         <size>0x96</size>
         <input_file_ref idref="fl-ea"/>
      </object_component>
      <object_component id="oc-3b7">
         <name>.text:__aeabi_cdcmple</name>
         <load_address>0x8e5e</load_address>
         <run_address>0x8e5e</run_address>
         <size>0x86</size>
         <input_file_ref idref="fl-e0"/>
      </object_component>
      <object_component id="oc-3bc">
         <name>.text:__aeabi_cdrcmple</name>
         <load_address>0x8ee4</load_address>
         <run_address>0x8ee4</run_address>
         <size>0x86</size>
         <input_file_ref idref="fl-e0"/>
      </object_component>
      <object_component id="oc-ab">
         <name>.text</name>
         <load_address>0x8f6a</load_address>
         <run_address>0x8f6a</run_address>
         <size>0x7a</size>
         <input_file_ref idref="fl-eb"/>
      </object_component>
      <object_component id="oc-558">
         <name>.text:__TI_closefile</name>
         <load_address>0x8fe4</load_address>
         <run_address>0x8fe4</run_address>
         <size>0x74</size>
         <input_file_ref idref="fl-111"/>
      </object_component>
      <object_component id="oc-391">
         <name>.text:split</name>
         <load_address>0x9058</load_address>
         <run_address>0x9058</run_address>
         <size>0x70</size>
         <input_file_ref idref="fl-f7"/>
      </object_component>
      <object_component id="oc-480">
         <name>.text:_mcpy</name>
         <load_address>0x90c8</load_address>
         <run_address>0x90c8</run_address>
         <size>0x6e</size>
         <input_file_ref idref="fl-d6"/>
      </object_component>
      <object_component id="oc-323">
         <name>.text</name>
         <load_address>0x9136</load_address>
         <run_address>0x9136</run_address>
         <size>0x6e</size>
         <input_file_ref idref="fl-e4"/>
      </object_component>
      <object_component id="oc-588">
         <name>.text:HOSTrename</name>
         <load_address>0x91a4</load_address>
         <run_address>0x91a4</run_address>
         <size>0x6c</size>
         <input_file_ref idref="fl-10b"/>
      </object_component>
      <object_component id="oc-57c">
         <name>.text:HOSTlseek</name>
         <load_address>0x9210</load_address>
         <run_address>0x9210</run_address>
         <size>0x68</size>
         <input_file_ref idref="fl-108"/>
      </object_component>
      <object_component id="oc-17">
         <name>.text:decompress:lzss:__TI_decompress_lzss</name>
         <load_address>0x9278</load_address>
         <run_address>0x9278</run_address>
         <size>0x68</size>
         <input_file_ref idref="fl-ee"/>
      </object_component>
      <object_component id="oc-276">
         <name>.text:printf</name>
         <load_address>0x92e0</load_address>
         <run_address>0x92e0</run_address>
         <size>0x68</size>
         <input_file_ref idref="fl-d5"/>
      </object_component>
      <object_component id="oc-495">
         <name>.text:frexp</name>
         <load_address>0x9348</load_address>
         <run_address>0x9348</run_address>
         <size>0x64</size>
         <input_file_ref idref="fl-dc"/>
      </object_component>
      <object_component id="oc-506">
         <name>.text:fseek</name>
         <load_address>0x93ac</load_address>
         <run_address>0x93ac</run_address>
         <size>0x64</size>
         <input_file_ref idref="fl-100"/>
      </object_component>
      <object_component id="oc-4be">
         <name>.text:__TI_wrt_ok</name>
         <load_address>0x9410</load_address>
         <run_address>0x9410</run_address>
         <size>0x62</size>
         <input_file_ref idref="fl-d8"/>
      </object_component>
      <object_component id="oc-564">
         <name>.text:HOSTopen</name>
         <load_address>0x9474</load_address>
         <run_address>0x9474</run_address>
         <size>0x60</size>
         <input_file_ref idref="fl-109"/>
      </object_component>
      <object_component id="oc-594">
         <name>.text:close</name>
         <load_address>0x94d4</load_address>
         <run_address>0x94d4</run_address>
         <size>0x5c</size>
         <input_file_ref idref="fl-117"/>
      </object_component>
      <object_component id="oc-570">
         <name>.text:HOSTread</name>
         <load_address>0x9530</load_address>
         <run_address>0x9530</run_address>
         <size>0x58</size>
         <input_file_ref idref="fl-10a"/>
      </object_component>
      <object_component id="oc-576">
         <name>.text:HOSTwrite</name>
         <load_address>0x9588</load_address>
         <run_address>0x9588</run_address>
         <size>0x58</size>
         <input_file_ref idref="fl-10d"/>
      </object_component>
      <object_component id="oc-3e9">
         <name>.text:_pconv_f</name>
         <load_address>0x95e0</load_address>
         <run_address>0x95e0</run_address>
         <size>0x56</size>
         <input_file_ref idref="fl-d6"/>
      </object_component>
      <object_component id="oc-474">
         <name>.text:__TI_ltoa</name>
         <load_address>0x9636</load_address>
         <run_address>0x9636</run_address>
         <size>0x54</size>
         <input_file_ref idref="fl-f1"/>
      </object_component>
      <object_component id="oc-47a">
         <name>.text:_ecpy</name>
         <load_address>0x968a</load_address>
         <run_address>0x968a</run_address>
         <size>0x52</size>
         <input_file_ref idref="fl-d6"/>
      </object_component>
      <object_component id="oc-4ca">
         <name>.text:__TI_doflush</name>
         <load_address>0x96dc</load_address>
         <run_address>0x96dc</run_address>
         <size>0x4c</size>
         <input_file_ref idref="fl-fe"/>
      </object_component>
      <object_component id="oc-3d7">
         <name>.text:atoi</name>
         <load_address>0x9728</load_address>
         <run_address>0x9728</run_address>
         <size>0x4c</size>
         <input_file_ref idref="fl-f2"/>
      </object_component>
      <object_component id="oc-16d">
         <name>.text:exit</name>
         <load_address>0x9774</load_address>
         <run_address>0x9774</run_address>
         <size>0x48</size>
         <input_file_ref idref="fl-ef"/>
      </object_component>
      <object_component id="oc-25e">
         <name>.text</name>
         <load_address>0x97bc</load_address>
         <run_address>0x97bc</run_address>
         <size>0x48</size>
         <input_file_ref idref="fl-e3"/>
      </object_component>
      <object_component id="oc-56a">
         <name>.text:HOSTclose</name>
         <load_address>0x9804</load_address>
         <run_address>0x9804</run_address>
         <size>0x44</size>
         <input_file_ref idref="fl-107"/>
      </object_component>
      <object_component id="oc-582">
         <name>.text:HOSTunlink</name>
         <load_address>0x9848</load_address>
         <run_address>0x9848</run_address>
         <size>0x44</size>
         <input_file_ref idref="fl-10c"/>
      </object_component>
      <object_component id="oc-173">
         <name>.text:__TI_auto_init_nobinit_nopinit:__TI_auto_init_nobinit_nopinit</name>
         <load_address>0x988c</load_address>
         <run_address>0x988c</run_address>
         <size>0x44</size>
         <input_file_ref idref="fl-103"/>
      </object_component>
      <object_component id="oc-5c9">
         <name>.text:getdevice</name>
         <load_address>0x98d0</load_address>
         <run_address>0x98d0</run_address>
         <size>0x44</size>
         <input_file_ref idref="fl-112"/>
      </object_component>
      <object_component id="oc-1ff">
         <name>.text</name>
         <load_address>0x9914</load_address>
         <run_address>0x9914</run_address>
         <size>0x40</size>
         <input_file_ref idref="fl-e9"/>
      </object_component>
      <object_component id="oc-48d">
         <name>.text:_fcpy</name>
         <load_address>0x9954</load_address>
         <run_address>0x9954</run_address>
         <size>0x3e</size>
         <input_file_ref idref="fl-d6"/>
      </object_component>
      <object_component id="oc-5a5">
         <name>.text:__TI_writemsg</name>
         <load_address>0x9994</load_address>
         <run_address>0x9994</run_address>
         <size>0x38</size>
         <input_file_ref idref="fl-10e"/>
      </object_component>
      <object_component id="oc-31e">
         <name>.text</name>
         <load_address>0x99cc</load_address>
         <run_address>0x99cc</run_address>
         <size>0x38</size>
         <input_file_ref idref="fl-e5"/>
      </object_component>
      <object_component id="oc-5eb">
         <name>.text:strncpy</name>
         <load_address>0x9a04</load_address>
         <run_address>0x9a04</run_address>
         <size>0x36</size>
         <input_file_ref idref="fl-115"/>
      </object_component>
      <object_component id="oc-52f">
         <name>.text:__TI_cleanup</name>
         <load_address>0x9a3c</load_address>
         <run_address>0x9a3c</run_address>
         <size>0x34</size>
         <input_file_ref idref="fl-ff"/>
      </object_component>
      <object_component id="oc-5ab">
         <name>.text:__TI_readmsg</name>
         <load_address>0x9a70</load_address>
         <run_address>0x9a70</run_address>
         <size>0x34</size>
         <input_file_ref idref="fl-10e"/>
      </object_component>
      <object_component id="oc-58">
         <name>.text:_c_int00_noargs:_c_int00_noargs</name>
         <load_address>0x9aa4</load_address>
         <run_address>0x9aa4</run_address>
         <size>0x34</size>
         <input_file_ref idref="fl-fb"/>
      </object_component>
      <object_component id="oc-5f1">
         <name>.text:finddevice</name>
         <load_address>0x9ad8</load_address>
         <run_address>0x9ad8</run_address>
         <size>0x30</size>
         <input_file_ref idref="fl-112"/>
      </object_component>
      <object_component id="oc-3af">
         <name>.text</name>
         <load_address>0x9b08</load_address>
         <run_address>0x9b08</run_address>
         <size>0x2e</size>
         <input_file_ref idref="fl-e6"/>
      </object_component>
      <object_component id="oc-59a">
         <name>.text:unlink</name>
         <load_address>0x9b38</load_address>
         <run_address>0x9b38</run_address>
         <size>0x2c</size>
         <input_file_ref idref="fl-118"/>
      </object_component>
      <object_component id="oc-2fa">
         <name>.text:free_list_insert</name>
         <load_address>0x9b64</load_address>
         <run_address>0x9b64</run_address>
         <size>0x28</size>
         <input_file_ref idref="fl-f7"/>
      </object_component>
      <object_component id="oc-527">
         <name>.text:lseek</name>
         <load_address>0x9b8c</load_address>
         <run_address>0x9b8c</run_address>
         <size>0x28</size>
         <input_file_ref idref="fl-110"/>
      </object_component>
      <object_component id="oc-4d0">
         <name>.text:write</name>
         <load_address>0x9bb4</load_address>
         <run_address>0x9bb4</run_address>
         <size>0x28</size>
         <input_file_ref idref="fl-fc"/>
      </object_component>
      <object_component id="oc-4c4">
         <name>.text:memchr</name>
         <load_address>0x9bdc</load_address>
         <run_address>0x9bdc</run_address>
         <size>0x20</size>
         <input_file_ref idref="fl-f6"/>
      </object_component>
      <object_component id="oc-24f">
         <name>.text</name>
         <load_address>0x9bfc</load_address>
         <run_address>0x9bfc</run_address>
         <size>0x20</size>
         <input_file_ref idref="fl-e8"/>
      </object_component>
      <object_component id="oc-2f4">
         <name>.text:free_list_remove</name>
         <load_address>0x9c1c</load_address>
         <run_address>0x9c1c</run_address>
         <size>0x1c</size>
         <input_file_ref idref="fl-f7"/>
      </object_component>
      <object_component id="oc-3fb">
         <name>.text:memccpy</name>
         <load_address>0x9c38</load_address>
         <run_address>0x9c38</run_address>
         <size>0x1c</size>
         <input_file_ref idref="fl-f5"/>
      </object_component>
      <object_component id="oc-453">
         <name>.text:copysign</name>
         <load_address>0x9c54</load_address>
         <run_address>0x9c54</run_address>
         <size>0x1a</size>
         <input_file_ref idref="fl-101"/>
      </object_component>
      <object_component id="oc-608">
         <name>.text:strcmp</name>
         <load_address>0x9c6e</load_address>
         <run_address>0x9c6e</run_address>
         <size>0x18</size>
         <input_file_ref idref="fl-113"/>
      </object_component>
      <object_component id="oc-49b">
         <name>.text:strchr</name>
         <load_address>0x9c86</load_address>
         <run_address>0x9c86</run_address>
         <size>0x16</size>
         <input_file_ref idref="fl-f8"/>
      </object_component>
      <object_component id="oc-5bf">
         <name>.text:strcpy</name>
         <load_address>0x9c9c</load_address>
         <run_address>0x9c9c</run_address>
         <size>0x14</size>
         <input_file_ref idref="fl-114"/>
      </object_component>
      <object_component id="oc-3d1">
         <name>.text:strlen</name>
         <load_address>0x9cb0</load_address>
         <run_address>0x9cb0</run_address>
         <size>0x14</size>
         <input_file_ref idref="fl-f9"/>
      </object_component>
      <object_component id="oc-401">
         <name>.text:wcslen</name>
         <load_address>0x9cc4</load_address>
         <run_address>0x9cc4</run_address>
         <size>0x12</size>
         <input_file_ref idref="fl-de"/>
      </object_component>
      <object_component id="oc-1d">
         <name>.text:decompress:none:__TI_decompress_none</name>
         <load_address>0x9cd6</load_address>
         <run_address>0x9cd6</run_address>
         <size>0xe</size>
         <input_file_ref idref="fl-ed"/>
      </object_component>
      <object_component id="oc-6a">
         <name>.text</name>
         <load_address>0x9ce4</load_address>
         <run_address>0x9ce4</run_address>
         <size>0xe</size>
         <input_file_ref idref="fl-a"/>
      </object_component>
      <object_component id="oc-4c">
         <name>.text:decompress:ZI:__TI_zero_init</name>
         <load_address>0x9cf2</load_address>
         <run_address>0x9cf2</run_address>
         <size>0xc</size>
         <input_file_ref idref="fl-ec"/>
      </object_component>
      <object_component id="oc-3a9">
         <name>.text:__aeabi_errno_addr</name>
         <load_address>0x9d00</load_address>
         <run_address>0x9d00</run_address>
         <size>0x8</size>
         <input_file_ref idref="fl-fa"/>
      </object_component>
      <object_component id="oc-1f3">
         <name>.text:malloc</name>
         <load_address>0x9d08</load_address>
         <run_address>0x9d08</run_address>
         <size>0x8</size>
         <input_file_ref idref="fl-f7"/>
      </object_component>
      <object_component id="oc-338">
         <name>.text:_outc</name>
         <load_address>0x9d10</load_address>
         <run_address>0x9d10</run_address>
         <size>0x4</size>
         <input_file_ref idref="fl-d5"/>
      </object_component>
      <object_component id="oc-332">
         <name>.text:_outs</name>
         <load_address>0x9d14</load_address>
         <run_address>0x9d14</run_address>
         <size>0x4</size>
         <input_file_ref idref="fl-d5"/>
      </object_component>
      <object_component id="oc-b1">
         <name>.text:_system_pre_init</name>
         <load_address>0x9d18</load_address>
         <run_address>0x9d18</run_address>
         <size>0x4</size>
         <input_file_ref idref="fl-104"/>
      </object_component>
      <object_component id="oc-167">
         <name>.text:abort:abort</name>
         <load_address>0x9d1c</load_address>
         <run_address>0x9d1c</run_address>
         <size>0x4</size>
         <input_file_ref idref="fl-ef"/>
      </object_component>
      <object_component id="oc-469">
         <name>.const:.string:_ctypes_</name>
         <load_address>0x9d20</load_address>
         <run_address>0x9d20</run_address>
         <size>0x101</size>
         <input_file_ref idref="fl-f3"/>
      </object_component>
      <object_component id="oc-1d1">
         <name>.const</name>
         <load_address>0x9e24</load_address>
         <run_address>0x9e24</run_address>
         <size>0x4</size>
         <input_file_ref idref="fl-18"/>
      </object_component>
      <object_component id="oc-3b4">
         <name>.const:$O1$$</name>
         <load_address>0x9e28</load_address>
         <run_address>0x9e28</run_address>
         <size>0x30</size>
         <input_file_ref idref="fl-da"/>
      </object_component>
      <object_component id="oc-27d">
         <name>.const:.string:$P$T0$1</name>
         <load_address>0x9e58</load_address>
         <run_address>0x9e58</run_address>
         <size>0x1a</size>
         <input_file_ref idref="fl-e"/>
      </object_component>
      <object_component id="oc-d3">
         <name>.const</name>
         <load_address>0x9e74</load_address>
         <run_address>0x9e74</run_address>
         <size>0x8</size>
         <input_file_ref idref="fl-1a"/>
      </object_component>
      <object_component id="oc-648">
         <name>.cinit..data.load</name>
         <load_address>0x9e80</load_address>
         <run_address>0x9e80</run_address>
         <size>0x68</size>
      </object_component>
      <object_component id="oc-646">
         <name>__TI_handler_table</name>
         <load_address>0x9ee8</load_address>
         <run_address>0x9ee8</run_address>
         <size>0xc</size>
      </object_component>
      <object_component id="oc-649">
         <name>.cinit..bss.load</name>
         <load_address>0x9ef8</load_address>
         <run_address>0x9ef8</run_address>
         <size>0x8</size>
      </object_component>
      <object_component id="oc-647">
         <name>__TI_cinit_table</name>
         <load_address>0x9f00</load_address>
         <run_address>0x9f00</run_address>
         <size>0x10</size>
      </object_component>
      <object_component id="oc-61a">
         <name>.binit</name>
         <load_address>0x0</load_address>
         <run_address>0x0</run_address>
         <size>0x0</size>
      </object_component>
      <object_component id="oc-fb">
         <name>.data</name>
         <load_address>0x20008a3c</load_address>
         <run_address>0x20008a3c</run_address>
         <size>0x3</size>
         <input_file_ref idref="fl-9"/>
      </object_component>
      <object_component id="oc-122">
         <name>.data</name>
         <load_address>0x20008a38</load_address>
         <run_address>0x20008a38</run_address>
         <size>0x4</size>
         <input_file_ref idref="fl-b"/>
      </object_component>
      <object_component id="oc-11e">
         <name>.data</name>
         <load_address>0x20008a0c</load_address>
         <run_address>0x20008a0c</run_address>
         <size>0xc</size>
         <input_file_ref idref="fl-c"/>
      </object_component>
      <object_component id="oc-281">
         <name>.data:letters_list</name>
         <load_address>0x200089a4</load_address>
         <run_address>0x200089a4</run_address>
         <size>0x1a</size>
         <input_file_ref idref="fl-11"/>
      </object_component>
      <object_component id="oc-2b7">
         <name>.data</name>
         <load_address>0x200089c0</load_address>
         <run_address>0x200089c0</run_address>
         <size>0x18</size>
         <input_file_ref idref="fl-14"/>
      </object_component>
      <object_component id="oc-d0">
         <name>.data</name>
         <load_address>0x20008970</load_address>
         <run_address>0x20008970</run_address>
         <size>0x34</size>
         <input_file_ref idref="fl-18"/>
      </object_component>
      <object_component id="oc-2cc">
         <name>.data</name>
         <load_address>0x20008a18</load_address>
         <run_address>0x20008a18</run_address>
         <size>0xc</size>
         <input_file_ref idref="fl-19"/>
      </object_component>
      <object_component id="oc-dd">
         <name>.data</name>
         <load_address>0x200089d8</load_address>
         <run_address>0x200089d8</run_address>
         <size>0x18</size>
         <input_file_ref idref="fl-1a"/>
      </object_component>
      <object_component id="oc-287">
         <name>.data:$O1$$</name>
         <load_address>0x20008a00</load_address>
         <run_address>0x20008a00</run_address>
         <size>0xc</size>
         <input_file_ref idref="fl-ef"/>
      </object_component>
      <object_component id="oc-28a">
         <name>.data:$O1$$</name>
         <load_address>0x20008a24</load_address>
         <run_address>0x20008a24</run_address>
         <size>0x8</size>
         <input_file_ref idref="fl-f0"/>
      </object_component>
      <object_component id="oc-32f">
         <name>.data:_ftable</name>
         <load_address>0x200087b8</load_address>
         <run_address>0x200087b8</run_address>
         <size>0xf0</size>
         <input_file_ref idref="fl-f4"/>
      </object_component>
      <object_component id="oc-55e">
         <name>.data</name>
         <load_address>0x200089f0</load_address>
         <run_address>0x200089f0</run_address>
         <size>0x10</size>
         <input_file_ref idref="fl-f4"/>
      </object_component>
      <object_component id="oc-397">
         <name>.data:$O1$$</name>
         <load_address>0x20008a2c</load_address>
         <run_address>0x20008a2c</run_address>
         <size>0x8</size>
         <input_file_ref idref="fl-f7"/>
      </object_component>
      <object_component id="oc-449">
         <name>.data</name>
         <load_address>0x20008a34</load_address>
         <run_address>0x20008a34</run_address>
         <size>0x4</size>
         <input_file_ref idref="fl-fa"/>
      </object_component>
      <object_component id="oc-542">
         <name>.data:_device</name>
         <load_address>0x200088a8</load_address>
         <run_address>0x200088a8</run_address>
         <size>0x78</size>
         <input_file_ref idref="fl-fd"/>
      </object_component>
      <object_component id="oc-518">
         <name>.data:_stream</name>
         <load_address>0x20008920</load_address>
         <run_address>0x20008920</run_address>
         <size>0x50</size>
         <input_file_ref idref="fl-fd"/>
      </object_component>
      <object_component id="oc-2bd">
         <name>.bss:ucHeap</name>
         <uninitialized>true</uninitialized>
         <run_address>0x20000000</run_address>
         <size>0x8000</size>
         <input_file_ref idref="fl-14"/>
      </object_component>
      <object_component id="oc-2ba">
         <name>.bss:xStart</name>
         <uninitialized>true</uninitialized>
         <run_address>0x20008374</run_address>
         <size>0x8</size>
         <input_file_ref idref="fl-14"/>
      </object_component>
      <object_component id="oc-1bc">
         <name>.bss:pxReadyTasksLists</name>
         <uninitialized>true</uninitialized>
         <run_address>0x20008120</run_address>
         <size>0xc8</size>
         <input_file_ref idref="fl-18"/>
      </object_component>
      <object_component id="oc-1d4">
         <name>.bss:xDelayedTaskList1</name>
         <uninitialized>true</uninitialized>
         <run_address>0x20008300</run_address>
         <size>0x14</size>
         <input_file_ref idref="fl-18"/>
      </object_component>
      <object_component id="oc-1d7">
         <name>.bss:xDelayedTaskList2</name>
         <uninitialized>true</uninitialized>
         <run_address>0x20008314</run_address>
         <size>0x14</size>
         <input_file_ref idref="fl-18"/>
      </object_component>
      <object_component id="oc-1c2">
         <name>.bss</name>
         <uninitialized>true</uninitialized>
         <run_address>0x20008364</run_address>
         <size>0x8</size>
         <input_file_ref idref="fl-18"/>
      </object_component>
      <object_component id="oc-1ce">
         <name>.bss:xPendingReadyList</name>
         <uninitialized>true</uninitialized>
         <run_address>0x20008328</run_address>
         <size>0x14</size>
         <input_file_ref idref="fl-18"/>
      </object_component>
      <object_component id="oc-1bf">
         <name>.bss:xTasksWaitingTermination</name>
         <uninitialized>true</uninitialized>
         <run_address>0x20008350</run_address>
         <size>0x14</size>
         <input_file_ref idref="fl-18"/>
      </object_component>
      <object_component id="oc-1c5">
         <name>.bss:xSuspendedTaskList</name>
         <uninitialized>true</uninitialized>
         <run_address>0x2000833c</run_address>
         <size>0x14</size>
         <input_file_ref idref="fl-18"/>
      </object_component>
      <object_component id="oc-2d2">
         <name>.bss:xActiveTimerList1</name>
         <uninitialized>true</uninitialized>
         <run_address>0x200082d8</run_address>
         <size>0x14</size>
         <input_file_ref idref="fl-19"/>
      </object_component>
      <object_component id="oc-2d5">
         <name>.bss:xActiveTimerList2</name>
         <uninitialized>true</uninitialized>
         <run_address>0x200082ec</run_address>
         <size>0x14</size>
         <input_file_ref idref="fl-19"/>
      </object_component>
      <object_component id="oc-2cf">
         <name>.bss</name>
         <uninitialized>true</uninitialized>
         <run_address>0x2000836c</run_address>
         <size>0x8</size>
         <input_file_ref idref="fl-19"/>
      </object_component>
      <object_component id="oc-5d3">
         <name>.bss:_CIOBUF_</name>
         <uninitialized>true</uninitialized>
         <run_address>0x20008000</run_address>
         <size>0x120</size>
         <input_file_ref idref="fl-10e"/>
      </object_component>
      <object_component id="oc-284">
         <name>.common:word</name>
         <uninitialized>true</uninitialized>
         <run_address>0x200083ac</run_address>
         <size>0x4</size>
      </object_component>
      <object_component id="oc-125">
         <name>.common:Task_Accelerometer_Handle</name>
         <uninitialized>true</uninitialized>
         <run_address>0x20008394</run_address>
         <size>0x4</size>
      </object_component>
      <object_component id="oc-14c">
         <name>.common:Task_Buzzer_Handle</name>
         <uninitialized>true</uninitialized>
         <run_address>0x20008398</run_address>
         <size>0x4</size>
      </object_component>
      <object_component id="oc-153">
         <name>.common:Task_Light_Sensor_Handle</name>
         <uninitialized>true</uninitialized>
         <run_address>0x200083a0</run_address>
         <size>0x4</size>
      </object_component>
      <object_component id="oc-15a">
         <name>.common:Task_LCD_Handle</name>
         <uninitialized>true</uninitialized>
         <run_address>0x2000839c</run_address>
         <size>0x4</size>
      </object_component>
      <object_component id="oc-280">
         <name>.common:Queue_Task_Accelerometer</name>
         <uninitialized>true</uninitialized>
         <run_address>0x20008384</run_address>
         <size>0x4</size>
      </object_component>
      <object_component id="oc-14a">
         <name>.common:Queue_Task_Light_Sensor</name>
         <uninitialized>true</uninitialized>
         <run_address>0x20008388</run_address>
         <size>0x4</size>
      </object_component>
      <object_component id="oc-14b">
         <name>.common:Sem_Light_Sensor</name>
         <uninitialized>true</uninitialized>
         <run_address>0x20008390</run_address>
         <size>0x4</size>
      </object_component>
      <object_component id="oc-10f">
         <name>.common:Sem_Accelerometer</name>
         <uninitialized>true</uninitialized>
         <run_address>0x2000838c</run_address>
         <size>0x4</size>
      </object_component>
      <object_component id="oc-fa">
         <name>.common:Rx_String</name>
         <uninitialized>true</uninitialized>
         <run_address>0x20008288</run_address>
         <size>0x50</size>
      </object_component>
      <object_component id="oc-f7">
         <name>.common:Tx_Buffer</name>
         <uninitialized>true</uninitialized>
         <run_address>0x200083a4</run_address>
         <size>0x4</size>
      </object_component>
      <object_component id="oc-11d">
         <name>.common:direction</name>
         <uninitialized>true</uninitialized>
         <run_address>0x200083a8</run_address>
         <size>0x4</size>
      </object_component>
      <object_component id="oc-11c">
         <name>.common:cycle</name>
         <uninitialized>true</uninitialized>
         <run_address>0x200083b0</run_address>
         <size>0x1</size>
      </object_component>
      <object_component id="oc-5a0">
         <name>.common:__TI_tmpnams</name>
         <uninitialized>true</uninitialized>
         <run_address>0x200081e8</run_address>
         <size>0xa0</size>
      </object_component>
      <object_component id="oc-5b1">
         <name>.common:parmbuf</name>
         <uninitialized>true</uninitialized>
         <run_address>0x2000837c</run_address>
         <size>0x8</size>
      </object_component>
      <object_component id="oc-29">
         <name>.sysmem</name>
         <uninitialized>true</uninitialized>
         <run_address>0x200083b8</run_address>
         <size>0x10</size>
         <input_file_ref idref="fl-f7"/>
      </object_component>
      <object_component id="oc-64c">
         <name>.sysmem</name>
         <uninitialized>true</uninitialized>
         <run_address>0x200083b8</run_address>
         <size>0x0</size>
      </object_component>
      <object_component id="oc-2c">
         <name>.stack</name>
         <uninitialized>true</uninitialized>
         <run_address>0x2000fe00</run_address>
         <size>0x4</size>
         <input_file_ref idref="fl-fb"/>
      </object_component>
      <object_component id="oc-64b">
         <name>.stack</name>
         <uninitialized>true</uninitialized>
         <run_address>0x2000fe00</run_address>
         <size>0x0</size>
      </object_component>
      <object_component id="oc-205">
         <name>.debug_info</name>
         <load_address>0x0</load_address>
         <run_address>0x0</run_address>
         <size>0x2e0</size>
         <input_file_ref idref="fl-2"/>
      </object_component>
      <object_component id="oc-f2">
         <name>.debug_info</name>
         <load_address>0x2e0</load_address>
         <run_address>0x2e0</run_address>
         <size>0x75b</size>
         <input_file_ref idref="fl-2"/>
      </object_component>
      <object_component id="oc-208">
         <name>.debug_info</name>
         <load_address>0xa3b</load_address>
         <run_address>0xa3b</run_address>
         <size>0x86</size>
         <input_file_ref idref="fl-2"/>
      </object_component>
      <object_component id="oc-129">
         <name>.debug_info</name>
         <load_address>0xac1</load_address>
         <run_address>0xac1</run_address>
         <size>0x26b</size>
         <input_file_ref idref="fl-2"/>
      </object_component>
      <object_component id="oc-226">
         <name>.debug_info</name>
         <load_address>0xd2c</load_address>
         <run_address>0xd2c</run_address>
         <size>0x110</size>
         <input_file_ref idref="fl-2"/>
      </object_component>
      <object_component id="oc-ff">
         <name>.debug_info</name>
         <load_address>0xe3c</load_address>
         <run_address>0xe3c</run_address>
         <size>0x8b</size>
         <input_file_ref idref="fl-2"/>
      </object_component>
      <object_component id="oc-1ee">
         <name>.debug_info</name>
         <load_address>0xec7</load_address>
         <run_address>0xec7</run_address>
         <size>0x2a4</size>
         <input_file_ref idref="fl-2"/>
      </object_component>
      <object_component id="oc-ec">
         <name>.debug_info</name>
         <load_address>0x116b</load_address>
         <run_address>0x116b</run_address>
         <size>0xbb</size>
         <input_file_ref idref="fl-2"/>
      </object_component>
      <object_component id="oc-21e">
         <name>.debug_info</name>
         <load_address>0x1226</load_address>
         <run_address>0x1226</run_address>
         <size>0x523</size>
         <input_file_ref idref="fl-3"/>
      </object_component>
      <object_component id="oc-265">
         <name>.debug_info</name>
         <load_address>0x1749</load_address>
         <run_address>0x1749</run_address>
         <size>0xc87</size>
         <input_file_ref idref="fl-3"/>
      </object_component>
      <object_component id="oc-20d">
         <name>.debug_info</name>
         <load_address>0x23d0</load_address>
         <run_address>0x23d0</run_address>
         <size>0x1055</size>
         <input_file_ref idref="fl-3"/>
      </object_component>
      <object_component id="oc-104">
         <name>.debug_info</name>
         <load_address>0x3425</load_address>
         <run_address>0x3425</run_address>
         <size>0x37e2</size>
         <input_file_ref idref="fl-3"/>
      </object_component>
      <object_component id="oc-26d">
         <name>.debug_info</name>
         <load_address>0x6c07</load_address>
         <run_address>0x6c07</run_address>
         <size>0x953</size>
         <input_file_ref idref="fl-6"/>
      </object_component>
      <object_component id="oc-35">
         <name>.debug_info</name>
         <load_address>0x755a</load_address>
         <run_address>0x755a</run_address>
         <size>0x84</size>
         <input_file_ref idref="fl-6"/>
      </object_component>
      <object_component id="oc-110">
         <name>.debug_info</name>
         <load_address>0x75de</load_address>
         <run_address>0x75de</run_address>
         <size>0xa35</size>
         <input_file_ref idref="fl-7"/>
      </object_component>
      <object_component id="oc-b9">
         <name>.debug_info</name>
         <load_address>0x8013</load_address>
         <run_address>0x8013</run_address>
         <size>0x2df</size>
         <input_file_ref idref="fl-7"/>
      </object_component>
      <object_component id="oc-162">
         <name>.debug_info</name>
         <load_address>0x82f2</load_address>
         <run_address>0x82f2</run_address>
         <size>0x315</size>
         <input_file_ref idref="fl-7"/>
      </object_component>
      <object_component id="oc-232">
         <name>.debug_info</name>
         <load_address>0x8607</load_address>
         <run_address>0x8607</run_address>
         <size>0x48b</size>
         <input_file_ref idref="fl-7"/>
      </object_component>
      <object_component id="oc-22d">
         <name>.debug_info</name>
         <load_address>0x8a92</load_address>
         <run_address>0x8a92</run_address>
         <size>0x4f</size>
         <input_file_ref idref="fl-7"/>
      </object_component>
      <object_component id="oc-237">
         <name>.debug_info</name>
         <load_address>0x8ae1</load_address>
         <run_address>0x8ae1</run_address>
         <size>0x2c</size>
         <input_file_ref idref="fl-7"/>
      </object_component>
      <object_component id="oc-e2">
         <name>.debug_info</name>
         <load_address>0x8b0d</load_address>
         <run_address>0x8b0d</run_address>
         <size>0x2c</size>
         <input_file_ref idref="fl-7"/>
      </object_component>
      <object_component id="oc-e7">
         <name>.debug_info</name>
         <load_address>0x8b39</load_address>
         <run_address>0x8b39</run_address>
         <size>0x53</size>
         <input_file_ref idref="fl-7"/>
      </object_component>
      <object_component id="oc-212">
         <name>.debug_info</name>
         <load_address>0x8b8c</load_address>
         <run_address>0x8b8c</run_address>
         <size>0xcc</size>
         <input_file_ref idref="fl-7"/>
      </object_component>
      <object_component id="oc-340">
         <name>.debug_info</name>
         <load_address>0x8c58</load_address>
         <run_address>0x8c58</run_address>
         <size>0x2c</size>
         <input_file_ref idref="fl-7"/>
      </object_component>
      <object_component id="oc-217">
         <name>.debug_info</name>
         <load_address>0x8c84</load_address>
         <run_address>0x8c84</run_address>
         <size>0x35</size>
         <input_file_ref idref="fl-7"/>
      </object_component>
      <object_component id="oc-1e4">
         <name>.debug_info</name>
         <load_address>0x8cb9</load_address>
         <run_address>0x8cb9</run_address>
         <size>0x14c</size>
         <input_file_ref idref="fl-7"/>
      </object_component>
      <object_component id="oc-271">
         <name>.debug_info</name>
         <load_address>0x8e05</load_address>
         <run_address>0x8e05</run_address>
         <size>0x2bb</size>
         <input_file_ref idref="fl-8"/>
      </object_component>
      <object_component id="oc-f8">
         <name>.debug_info</name>
         <load_address>0x90c0</load_address>
         <run_address>0x90c0</run_address>
         <size>0x718</size>
         <input_file_ref idref="fl-9"/>
      </object_component>
      <object_component id="oc-fc">
         <name>.debug_info</name>
         <load_address>0x97d8</load_address>
         <run_address>0x97d8</run_address>
         <size>0x105</size>
         <input_file_ref idref="fl-9"/>
      </object_component>
      <object_component id="oc-7f">
         <name>.debug_info</name>
         <load_address>0x98dd</load_address>
         <run_address>0x98dd</run_address>
         <size>0x4ab</size>
         <input_file_ref idref="fl-9"/>
      </object_component>
      <object_component id="oc-8f">
         <name>.debug_info</name>
         <load_address>0x9d88</load_address>
         <run_address>0x9d88</run_address>
         <size>0x341</size>
         <input_file_ref idref="fl-a"/>
      </object_component>
      <object_component id="oc-27">
         <name>.debug_info</name>
         <load_address>0xa0c9</load_address>
         <run_address>0xa0c9</run_address>
         <size>0xed</size>
         <input_file_ref idref="fl-a"/>
      </object_component>
      <object_component id="oc-6e">
         <name>.debug_info</name>
         <load_address>0xa1b6</load_address>
         <run_address>0xa1b6</run_address>
         <size>0x1b4</size>
         <input_file_ref idref="fl-a"/>
      </object_component>
      <object_component id="oc-123">
         <name>.debug_info</name>
         <load_address>0xa36a</load_address>
         <run_address>0xa36a</run_address>
         <size>0xe6</size>
         <input_file_ref idref="fl-b"/>
      </object_component>
      <object_component id="oc-cb">
         <name>.debug_info</name>
         <load_address>0xa450</load_address>
         <run_address>0xa450</run_address>
         <size>0x258</size>
         <input_file_ref idref="fl-b"/>
      </object_component>
      <object_component id="oc-112">
         <name>.debug_info</name>
         <load_address>0xa6a8</load_address>
         <run_address>0xa6a8</run_address>
         <size>0xa1a</size>
         <input_file_ref idref="fl-c"/>
      </object_component>
      <object_component id="oc-11f">
         <name>.debug_info</name>
         <load_address>0xb0c2</load_address>
         <run_address>0xb0c2</run_address>
         <size>0x120</size>
         <input_file_ref idref="fl-c"/>
      </object_component>
      <object_component id="oc-84">
         <name>.debug_info</name>
         <load_address>0xb1e2</load_address>
         <run_address>0xb1e2</run_address>
         <size>0x3e9</size>
         <input_file_ref idref="fl-c"/>
      </object_component>
      <object_component id="oc-116">
         <name>.debug_info</name>
         <load_address>0xb5cb</load_address>
         <run_address>0xb5cb</run_address>
         <size>0x8ce</size>
         <input_file_ref idref="fl-d"/>
      </object_component>
      <object_component id="oc-14f">
         <name>.debug_info</name>
         <load_address>0xbe99</load_address>
         <run_address>0xbe99</run_address>
         <size>0x2ea</size>
         <input_file_ref idref="fl-d"/>
      </object_component>
      <object_component id="oc-114">
         <name>.debug_info</name>
         <load_address>0xc183</load_address>
         <run_address>0xc183</run_address>
         <size>0xa5c</size>
         <input_file_ref idref="fl-e"/>
      </object_component>
      <object_component id="oc-27e">
         <name>.debug_info</name>
         <load_address>0xcbdf</load_address>
         <run_address>0xcbdf</run_address>
         <size>0xcb</size>
         <input_file_ref idref="fl-e"/>
      </object_component>
      <object_component id="oc-15c">
         <name>.debug_info</name>
         <load_address>0xccaa</load_address>
         <run_address>0xccaa</run_address>
         <size>0x10fa</size>
         <input_file_ref idref="fl-e"/>
      </object_component>
      <object_component id="oc-240">
         <name>.debug_info</name>
         <load_address>0xdda4</load_address>
         <run_address>0xdda4</run_address>
         <size>0x37e2</size>
         <input_file_ref idref="fl-e"/>
      </object_component>
      <object_component id="oc-118">
         <name>.debug_info</name>
         <load_address>0x11586</load_address>
         <run_address>0x11586</run_address>
         <size>0xa4c</size>
         <input_file_ref idref="fl-f"/>
      </object_component>
      <object_component id="oc-155">
         <name>.debug_info</name>
         <load_address>0x11fd2</load_address>
         <run_address>0x11fd2</run_address>
         <size>0x366</size>
         <input_file_ref idref="fl-f"/>
      </object_component>
      <object_component id="oc-11a">
         <name>.debug_info</name>
         <load_address>0x12338</load_address>
         <run_address>0x12338</run_address>
         <size>0x8fb</size>
         <input_file_ref idref="fl-10"/>
      </object_component>
      <object_component id="oc-89">
         <name>.debug_info</name>
         <load_address>0x12c33</load_address>
         <run_address>0x12c33</run_address>
         <size>0x41a</size>
         <input_file_ref idref="fl-10"/>
      </object_component>
      <object_component id="oc-349">
         <name>.debug_info</name>
         <load_address>0x1304d</load_address>
         <run_address>0x1304d</run_address>
         <size>0xda</size>
         <input_file_ref idref="fl-11"/>
      </object_component>
      <object_component id="oc-282">
         <name>.debug_info</name>
         <load_address>0x13127</load_address>
         <run_address>0x13127</run_address>
         <size>0xd7</size>
         <input_file_ref idref="fl-11"/>
      </object_component>
      <object_component id="oc-2ec">
         <name>.debug_info</name>
         <load_address>0x131fe</load_address>
         <run_address>0x131fe</run_address>
         <size>0x22d</size>
         <input_file_ref idref="fl-12"/>
      </object_component>
      <object_component id="oc-1e9">
         <name>.debug_info</name>
         <load_address>0x1342b</load_address>
         <run_address>0x1342b</run_address>
         <size>0x48b</size>
         <input_file_ref idref="fl-12"/>
      </object_component>
      <object_component id="oc-38c">
         <name>.debug_info</name>
         <load_address>0x138b6</load_address>
         <run_address>0x138b6</run_address>
         <size>0xcc</size>
         <input_file_ref idref="fl-12"/>
      </object_component>
      <object_component id="oc-1df">
         <name>.debug_info</name>
         <load_address>0x13982</load_address>
         <run_address>0x13982</run_address>
         <size>0x53</size>
         <input_file_ref idref="fl-12"/>
      </object_component>
      <object_component id="oc-36b">
         <name>.debug_info</name>
         <load_address>0x139d5</load_address>
         <run_address>0x139d5</run_address>
         <size>0x688</size>
         <input_file_ref idref="fl-13"/>
      </object_component>
      <object_component id="oc-2b2">
         <name>.debug_info</name>
         <load_address>0x1405d</load_address>
         <run_address>0x1405d</run_address>
         <size>0x48b</size>
         <input_file_ref idref="fl-13"/>
      </object_component>
      <object_component id="oc-439">
         <name>.debug_info</name>
         <load_address>0x144e8</load_address>
         <run_address>0x144e8</run_address>
         <size>0x76</size>
         <input_file_ref idref="fl-13"/>
      </object_component>
      <object_component id="oc-43e">
         <name>.debug_info</name>
         <load_address>0x1455e</load_address>
         <run_address>0x1455e</run_address>
         <size>0x39</size>
         <input_file_ref idref="fl-13"/>
      </object_component>
      <object_component id="oc-379">
         <name>.debug_info</name>
         <load_address>0x14597</load_address>
         <run_address>0x14597</run_address>
         <size>0x109</size>
         <input_file_ref idref="fl-13"/>
      </object_component>
      <object_component id="oc-2a8">
         <name>.debug_info</name>
         <load_address>0x146a0</load_address>
         <run_address>0x146a0</run_address>
         <size>0x4f</size>
         <input_file_ref idref="fl-13"/>
      </object_component>
      <object_component id="oc-2c1">
         <name>.debug_info</name>
         <load_address>0x146ef</load_address>
         <run_address>0x146ef</run_address>
         <size>0x4fc</size>
         <input_file_ref idref="fl-14"/>
      </object_component>
      <object_component id="oc-2be">
         <name>.debug_info</name>
         <load_address>0x14beb</load_address>
         <run_address>0x14beb</run_address>
         <size>0x115</size>
         <input_file_ref idref="fl-14"/>
      </object_component>
      <object_component id="oc-2bb">
         <name>.debug_info</name>
         <load_address>0x14d00</load_address>
         <run_address>0x14d00</run_address>
         <size>0x115</size>
         <input_file_ref idref="fl-14"/>
      </object_component>
      <object_component id="oc-2b8">
         <name>.debug_info</name>
         <load_address>0x14e15</load_address>
         <run_address>0x14e15</run_address>
         <size>0x255</size>
         <input_file_ref idref="fl-14"/>
      </object_component>
      <object_component id="oc-1b3">
         <name>.debug_info</name>
         <load_address>0x1506a</load_address>
         <run_address>0x1506a</run_address>
         <size>0xcba</size>
         <input_file_ref idref="fl-14"/>
      </object_component>
      <object_component id="oc-370">
         <name>.debug_info</name>
         <load_address>0x15d24</load_address>
         <run_address>0x15d24</run_address>
         <size>0x62</size>
         <input_file_ref idref="fl-14"/>
      </object_component>
      <object_component id="oc-2c3">
         <name>.debug_info</name>
         <load_address>0x15d86</load_address>
         <run_address>0x15d86</run_address>
         <size>0x386</size>
         <input_file_ref idref="fl-15"/>
      </object_component>
      <object_component id="oc-1b8">
         <name>.debug_info</name>
         <load_address>0x1610c</load_address>
         <run_address>0x1610c</run_address>
         <size>0x4a2</size>
         <input_file_ref idref="fl-15"/>
      </object_component>
      <object_component id="oc-225">
         <name>.debug_info</name>
         <load_address>0x165ae</load_address>
         <run_address>0x165ae</run_address>
[...]
         <value>0x7d51</value>
         <object_component_ref idref="oc-39e"/>
      </symbol>
      <symbol id="sm-d47">
         <name>__aeabi_dmul</name>
         <value>0x8749</value>
         <object_component_ref idref="oc-254"/>
      </symbol>
      <symbol id="sm-d51">
         <name>__aeabi_d2iz</name>
         <value>0x97bd</value>
         <object_component_ref idref="oc-25e"/>
      </symbol>
      <symbol id="sm-d5d">
         <name>__aeabi_d2f</name>
         <value>0x9137</value>
         <object_component_ref idref="oc-323"/>
      </symbol>
      <symbol id="sm-d68">
         <name>__aeabi_f2d</name>
         <value>0x99cd</value>
         <object_component_ref idref="oc-31e"/>
      </symbol>
      <symbol id="sm-d72">
         <name>__aeabi_i2d</name>
         <value>0x9b09</value>
         <object_component_ref idref="oc-3af"/>
      </symbol>
      <symbol id="sm-d8d">
         <name>memcpy</name>
         <value>0x8d2d</value>
         <object_component_ref idref="oc-3a"/>
      </symbol>
      <symbol id="sm-d8e">
         <name>__aeabi_memcpy</name>
         <value>0x8d2d</value>
         <object_component_ref idref="oc-3a"/>
      </symbol>
      <symbol id="sm-d8f">
         <name>__aeabi_memcpy8</name>
         <value>0x8d2d</value>
         <object_component_ref idref="oc-3a"/>
      </symbol>
      <symbol id="sm-d90">
         <name>__aeabi_memcpy4</name>
         <value>0x8d2d</value>
         <object_component_ref idref="oc-3a"/>
      </symbol>
      <symbol id="sm-d9a">
         <name>__aeabi_ui2d</name>
         <value>0x9bfd</value>
         <object_component_ref idref="oc-24f"/>
      </symbol>
      <symbol id="sm-da9">
         <name>__aeabi_uidivmod</name>
         <value>0x9915</value>
         <object_component_ref idref="oc-1ff"/>
      </symbol>
      <symbol id="sm-daa">
         <name>__aeabi_uidiv</name>
         <value>0x9915</value>
         <object_component_ref idref="oc-1ff"/>
      </symbol>
      <symbol id="sm-db7">
         <name>__aeabi_uldivmod</name>
         <value>0x8dc9</value>
         <object_component_ref idref="oc-46e"/>
      </symbol>
      <symbol id="sm-dc6">
         <name>__aeabi_memset</name>
         <value>0x8f6d</value>
         <object_component_ref idref="oc-ab"/>
      </symbol>
      <symbol id="sm-dc7">
         <name>memset</name>
         <value>0x8f73</value>
         <object_component_ref idref="oc-ab"/>
      </symbol>
      <symbol id="sm-dc8">
         <name>__aeabi_memset8</name>
         <value>0x8f6d</value>
         <object_component_ref idref="oc-ab"/>
      </symbol>
      <symbol id="sm-dc9">
         <name>__aeabi_memset4</name>
         <value>0x8f6d</value>
         <object_component_ref idref="oc-ab"/>
      </symbol>
      <symbol id="sm-dca">
         <name>__aeabi_memclr8</name>
         <value>0x8f6b</value>
         <object_component_ref idref="oc-ab"/>
      </symbol>
      <symbol id="sm-dcb">
         <name>__aeabi_memclr4</name>
         <value>0x8f6b</value>
         <object_component_ref idref="oc-ab"/>
      </symbol>
      <symbol id="sm-dcc">
         <name>__aeabi_memclr</name>
         <value>0x8f6b</value>
         <object_component_ref idref="oc-ab"/>
      </symbol>
      <symbol id="sm-dde">
         <name>__TI_zero_init</name>
         <value>0x9cf3</value>
         <object_component_ref idref="oc-4c"/>
      </symbol>
      <symbol id="sm-df5">
         <name>__TI_decompress_none</name>
         <value>0x9cd7</value>
         <object_component_ref idref="oc-1d"/>
      </symbol>
      <symbol id="sm-e18">
         <name>__TI_decompress_lzss</name>
         <value>0x9279</value>
         <object_component_ref idref="oc-17"/>
      </symbol>
      <symbol id="sm-e3e">
         <name>C$$EXIT</name>
         <value>0x9d1d</value>
         <object_component_ref idref="oc-167"/>
      </symbol>
      <symbol id="sm-e3f">
         <name>abort</name>
         <value>0x9d1d</value>
         <object_component_ref idref="oc-167"/>
      </symbol>
      <symbol id="sm-e40">
         <name>__TI_dtors_ptr</name>
         <value>0x20008a04</value>
         <object_component_ref idref="oc-287"/>
      </symbol>
      <symbol id="sm-e41">
         <name>__TI_cleanup_ptr</name>
         <value>0x20008a00</value>
         <object_component_ref idref="oc-287"/>
      </symbol>
      <symbol id="sm-e42">
         <name>__TI_enable_exit_profile_output</name>
         <value>0x20008a08</value>
         <object_component_ref idref="oc-287"/>
      </symbol>
      <symbol id="sm-e43">
         <name>exit</name>
         <value>0x9775</value>
         <object_component_ref idref="oc-16d"/>
      </symbol>
      <symbol id="sm-e58">
         <name>_nop</name>
         <value>0x4467</value>
         <object_component_ref idref="oc-34c"/>
      </symbol>
      <symbol id="sm-e59">
         <name>_lock</name>
         <value>0x20008a24</value>
         <object_component_ref idref="oc-28a"/>
      </symbol>
      <symbol id="sm-e5a">
         <name>_unlock</name>
         <value>0x20008a28</value>
         <object_component_ref idref="oc-28a"/>
      </symbol>
      <symbol id="sm-e69">
         <name>__TI_ltoa</name>
         <value>0x9637</value>
         <object_component_ref idref="oc-474"/>
      </symbol>
      <symbol id="sm-e7f">
         <name>atoi</name>
         <value>0x9729</value>
         <object_component_ref idref="oc-3d7"/>
      </symbol>
      <symbol id="sm-e8a">
         <name>_ctypes_</name>
         <value>0x9d20</value>
         <object_component_ref idref="oc-469"/>
      </symbol>
      <symbol id="sm-e9f">
         <name>__TI_tmpnams</name>
         <value>0x200081e8</value>
      </symbol>
      <symbol id="sm-ea0">
         <name>__aeabi_stdout</name>
         <value>0x200089f8</value>
         <object_component_ref idref="oc-55e"/>
      </symbol>
      <symbol id="sm-ea1">
         <name>__aeabi_stderr</name>
         <value>0x200089fc</value>
         <object_component_ref idref="oc-55e"/>
      </symbol>
      <symbol id="sm-ea2">
         <name>__aeabi_stdin</name>
         <value>0x200089f4</value>
         <object_component_ref idref="oc-55e"/>
      </symbol>
      <symbol id="sm-ea3">
         <name>_ftable</name>
         <value>0x200087b8</value>
         <object_component_ref idref="oc-32f"/>
      </symbol>
      <symbol id="sm-ea4">
         <name>__TI_ft_end</name>
         <value>0x200089f0</value>
         <object_component_ref idref="oc-55e"/>
      </symbol>
      <symbol id="sm-eb4">
         <name>memccpy</name>
         <value>0x9c39</value>
         <object_component_ref idref="oc-3fb"/>
      </symbol>
      <symbol id="sm-ec4">
         <name>memchr</name>
         <value>0x9bdd</value>
         <object_component_ref idref="oc-4c4"/>
      </symbol>
      <symbol id="sm-f4d">
         <name>_sys_memory</name>
         <value>0x200083b8</value>
         <object_component_ref idref="oc-29"/>
      </symbol>
      <symbol id="sm-f4e">
         <name>free</name>
         <value>0x8939</value>
         <object_component_ref idref="oc-1f9"/>
      </symbol>
      <symbol id="sm-f4f">
         <name>memalign</name>
         <value>0x8649</value>
         <object_component_ref idref="oc-2ed"/>
      </symbol>
      <symbol id="sm-f50">
         <name>malloc</name>
         <value>0x9d09</value>
         <object_component_ref idref="oc-1f3"/>
      </symbol>
      <symbol id="sm-f51">
         <name>aligned_alloc</name>
         <value>0x8649</value>
         <object_component_ref idref="oc-2ed"/>
      </symbol>
      <symbol id="sm-f61">
         <name>strchr</name>
         <value>0x9c87</value>
         <object_component_ref idref="oc-49b"/>
      </symbol>
      <symbol id="sm-f6f">
         <name>strlen</name>
         <value>0x9cb1</value>
         <object_component_ref idref="oc-3d1"/>
      </symbol>
      <symbol id="sm-f85">
         <name>__aeabi_errno_addr</name>
         <value>0x9d01</value>
         <object_component_ref idref="oc-3a9"/>
      </symbol>
      <symbol id="sm-f86">
         <name>errno</name>
         <value>0x20008a34</value>
         <object_component_ref idref="oc-449"/>
      </symbol>
      <symbol id="sm-f99">
         <name>__stack</name>
         <value>0x2000fe00</value>
         <object_component_ref idref="oc-2c"/>
      </symbol>
      <symbol id="sm-f9a">
         <name>_c_int00_noargs</name>
         <value>0x9aa5</value>
         <object_component_ref idref="oc-58"/>
      </symbol>
      <symbol id="sm-fb4">
         <name>write</name>
         <value>0x9bb5</value>
         <object_component_ref idref="oc-4d0"/>
      </symbol>
      <symbol id="sm-fc5">
         <name>_stream</name>
         <value>0x20008920</value>
         <object_component_ref idref="oc-518"/>
      </symbol>
      <symbol id="sm-fc6">
         <name>_device</name>
         <value>0x200088a8</value>
         <object_component_ref idref="oc-542"/>
      </symbol>
      <symbol id="sm-fd6">
         <name>__TI_doflush</name>
         <value>0x96dd</value>
         <object_component_ref idref="oc-4ca"/>
      </symbol>
      <symbol id="sm-fe6">
         <name>__TI_cleanup</name>
         <value>0x9a3d</value>
         <object_component_ref idref="oc-52f"/>
      </symbol>
      <symbol id="sm-ff8">
         <name>fseek</name>
         <value>0x93ad</value>
         <object_component_ref idref="oc-506"/>
      </symbol>
      <symbol id="sm-1002">
         <name>copysign</name>
         <value>0x9c55</value>
         <object_component_ref idref="oc-453"/>
      </symbol>
      <symbol id="sm-1003">
         <name>copysignl</name>
         <value>0x9c55</value>
         <object_component_ref idref="oc-453"/>
      </symbol>
      <symbol id="sm-100d">
         <name>__aeabi_idiv0</name>
         <value>0x720b</value>
         <object_component_ref idref="oc-301"/>
      </symbol>
      <symbol id="sm-100e">
         <name>__aeabi_ldiv0</name>
         <value>0x720b</value>
         <object_component_ref idref="oc-301"/>
      </symbol>
      <symbol id="sm-1036">
         <name>__TI_auto_init_nobinit_nopinit</name>
         <value>0x988d</value>
         <object_component_ref idref="oc-173"/>
      </symbol>
      <symbol id="sm-1040">
         <name>_system_pre_init</name>
         <value>0x9d19</value>
         <object_component_ref idref="oc-b1"/>
      </symbol>
      <symbol id="sm-1053">
         <name>HOSTclose</name>
         <value>0x9805</value>
         <object_component_ref idref="oc-56a"/>
      </symbol>
      <symbol id="sm-1064">
         <name>HOSTlseek</name>
         <value>0x9211</value>
         <object_component_ref idref="oc-57c"/>
      </symbol>
      <symbol id="sm-1076">
         <name>parmbuf</name>
         <value>0x2000837c</value>
      </symbol>
      <symbol id="sm-1077">
         <name>HOSTopen</name>
         <value>0x9475</value>
         <object_component_ref idref="oc-564"/>
      </symbol>
      <symbol id="sm-1088">
         <name>HOSTread</name>
         <value>0x9531</value>
         <object_component_ref idref="oc-570"/>
      </symbol>
      <symbol id="sm-1099">
         <name>HOSTrename</name>
         <value>0x91a5</value>
         <object_component_ref idref="oc-588"/>
      </symbol>
      <symbol id="sm-10aa">
         <name>HOSTunlink</name>
         <value>0x9849</value>
         <object_component_ref idref="oc-582"/>
      </symbol>
      <symbol id="sm-10bb">
         <name>HOSTwrite</name>
         <value>0x9589</value>
         <object_component_ref idref="oc-576"/>
      </symbol>
      <symbol id="sm-10df">
         <name>__TI_readmsg</name>
         <value>0x9a71</value>
         <object_component_ref idref="oc-5ab"/>
      </symbol>
      <symbol id="sm-10e0">
         <name>C$$IO$$</name>
         <value>0x99c3</value>
         <object_component_ref idref="oc-5a5"/>
      </symbol>
      <symbol id="sm-10e1">
         <name>__CIOBUF_</name>
         <value>0x20008000</value>
         <object_component_ref idref="oc-5d3"/>
      </symbol>
      <symbol id="sm-10e2">
         <name>__TI_writemsg</name>
         <value>0x9995</value>
         <object_component_ref idref="oc-5a5"/>
      </symbol>
      <symbol id="sm-10f3">
         <name>lseek</name>
         <value>0x9b8d</value>
         <object_component_ref idref="oc-527"/>
      </symbol>
      <symbol id="sm-1108">
         <name>__TI_closefile</name>
         <value>0x8fe5</value>
         <object_component_ref idref="oc-558"/>
      </symbol>
      <symbol id="sm-112b">
         <name>finddevice</name>
         <value>0x9ad9</value>
         <object_component_ref idref="oc-5f1"/>
      </symbol>
      <symbol id="sm-112c">
         <name>getdevice</name>
         <value>0x98d1</value>
         <object_component_ref idref="oc-5c9"/>
      </symbol>
      <symbol id="sm-113b">
         <name>strcmp</name>
         <value>0x9c6f</value>
         <object_component_ref idref="oc-608"/>
      </symbol>
      <symbol id="sm-1149">
         <name>strcpy</name>
         <value>0x9c9d</value>
         <object_component_ref idref="oc-5bf"/>
      </symbol>
      <symbol id="sm-1159">
         <name>strncpy</name>
         <value>0x9a05</value>
         <object_component_ref idref="oc-5eb"/>
      </symbol>
      <symbol id="sm-116e">
         <name>close</name>
         <value>0x94d5</value>
         <object_component_ref idref="oc-594"/>
      </symbol>
      <symbol id="sm-117e">
         <name>unlink</name>
         <value>0x9b39</value>
         <object_component_ref idref="oc-59a"/>
      </symbol>
      <symbol id="sm-117f">
         <name>__TI_static_base__</name>
         <value>0x0</value>
      </symbol>
      <symbol id="sm-1182">
         <name>change_letter</name>
         <value>0x0</value>
      </symbol>
      <symbol id="sm-1183">
         <name>__mpu_init</name>
         <value>0x0</value>
      </symbol>
      <symbol id="sm-1184">
         <name>_system_post_cinit</name>
         <value>0x0</value>
      </symbol>
      <symbol id="sm-1185">
         <name>NMI_Handler</name>
         <value>0x9cf1</value>
      </symbol>
      <symbol id="sm-1186">
         <name>HardFault_Handler</name>
         <value>0x9cf1</value>
      </symbol>
      <symbol id="sm-1187">
         <name>MemManage_Handler</name>
         <value>0x9cf1</value>
      </symbol>
      <symbol id="sm-1188">
         <name>BusFault_Handler</name>
         <value>0x9cf1</value>
      </symbol>
      <symbol id="sm-1189">
         <name>UsageFault_Handler</name>
         <value>0x9cf1</value>
      </symbol>
      <symbol id="sm-118a">
         <name>SVC_Handler</name>
         <value>0x9cf1</value>
      </symbol>
      <symbol id="sm-118b">
         <name>DebugMon_Handler</name>
         <value>0x9cf1</value>
      </symbol>
      <symbol id="sm-118c">
         <name>PendSV_Handler</name>
         <value>0x9cf1</value>
      </symbol>
      <symbol id="sm-118d">
         <name>SysTick_Handler</name>
         <value>0x9cf1</value>
      </symbol>
      <symbol id="sm-118e">
         <name>PSS_IRQHandler</name>
         <value>0x9cf1</value>
      </symbol>
      <symbol id="sm-118f">
         <name>CS_IRQHandler</name>
         <value>0x9cf1</value>
      </symbol>
      <symbol id="sm-1190">
         <name>PCM_IRQHandler</name>
         <value>0x9cf1</value>
      </symbol>
      <symbol id="sm-1191">
         <name>WDT_A_IRQHandler</name>
         <value>0x9cf1</value>
      </symbol>
      <symbol id="sm-1192">
         <name>FPU_IRQHandler</name>
         <value>0x9cf1</value>
      </symbol>
      <symbol id="sm-1193">
         <name>FLCTL_IRQHandler</name>
         <value>0x9cf1</value>
      </symbol>
      <symbol id="sm-1194">
         <name>COMP_E0_IRQHandler</name>
         <value>0x9cf1</value>
      </symbol>
      <symbol id="sm-1195">
         <name>COMP_E1_IRQHandler</name>
         <value>0x9cf1</value>
      </symbol>
      <symbol id="sm-1196">
         <name>TA0_0_IRQHandler</name>
         <value>0x9cf1</value>
      </symbol>
      <symbol id="sm-1197">
         <name>TA0_N_IRQHandler</name>
         <value>0x9cf1</value>
      </symbol>
      <symbol id="sm-1198">
         <name>TA1_0_IRQHandler</name>
         <value>0x9cf1</value>
      </symbol>
      <symbol id="sm-1199">
         <name>TA1_N_IRQHandler</name>
         <value>0x9cf1</value>
      </symbol>
      <symbol id="sm-119a">
         <name>TA2_0_IRQHandler</name>
         <value>0x9cf1</value>
      </symbol>
      <symbol id="sm-119b">
         <name>TA2_N_IRQHandler</name>
         <value>0x9cf1</value>
      </symbol>
      <symbol id="sm-119c">
         <name>TA3_0_IRQHandler</name>
         <value>0x9cf1</value>
      </symbol>
      <symbol id="sm-119d">
         <name>TA3_N_IRQHandler</name>
         <value>0x9cf1</value>
      </symbol>
      <symbol id="sm-119e">
         <name>EUSCIA0_IRQHandler</name>
         <value>0x7a17</value>
      </symbol>
      <symbol id="sm-119f">
         <name>EUSCIA1_IRQHandler</name>
         <value>0x9cf1</value>
      </symbol>
      <symbol id="sm-11a0">
         <name>EUSCIA2_IRQHandler</name>
         <value>0x9cf1</value>
      </symbol>
      <symbol id="sm-11a1">
         <name>EUSCIA3_IRQHandler</name>
         <value>0x9cf1</value>
      </symbol>
      <symbol id="sm-11a2">
         <name>EUSCIB0_IRQHandler</name>
         <value>0x9cf1</value>
      </symbol>
      <symbol id="sm-11a3">
         <name>EUSCIB1_IRQHandler</name>
         <value>0x9cf1</value>
      </symbol>
      <symbol id="sm-11a4">
         <name>EUSCIB2_IRQHandler</name>
         <value>0x9cf1</value>
      </symbol>
      <symbol id="sm-11a5">
         <name>EUSCIB3_IRQHandler</name>
         <value>0x9cf1</value>
      </symbol>
      <symbol id="sm-11a6">
         <name>ADC14_IRQHandler</name>
         <value>0x76b1</value>
      </symbol>
      <symbol id="sm-11a7">
         <name>T32_INT1_IRQHandler</name>
         <value>0x85eb</value>
      </symbol>
      <symbol id="sm-11a8">
         <name>T32_INT2_IRQHandler</name>
         <value>0x9cf1</value>
      </symbol>
      <symbol id="sm-11a9">
         <name>T32_INTC_IRQHandler</name>
         <value>0x9cf1</value>
      </symbol>
      <symbol id="sm-11aa">
         <name>AES256_IRQHandler</name>
         <value>0x9cf1</value>
      </symbol>
      <symbol id="sm-11ab">
         <name>RTC_C_IRQHandler</name>
         <value>0x9cf1</value>
      </symbol>
      <symbol id="sm-11ac">
         <name>DMA_ERR_IRQHandler</name>
         <value>0x9cf1</value>
      </symbol>
      <symbol id="sm-11ad">
         <name>DMA_INT3_IRQHandler</name>
         <value>0x9cf1</value>
      </symbol>
      <symbol id="sm-11ae">
         <name>DMA_INT2_IRQHandler</name>
         <value>0x9cf1</value>
      </symbol>
      <symbol id="sm-11af">
         <name>DMA_INT1_IRQHandler</name>
         <value>0x9cf1</value>
      </symbol>
      <symbol id="sm-11b0">
         <name>DMA_INT0_IRQHandler</name>
         <value>0x9cf1</value>
      </symbol>
      <symbol id="sm-11b1">
         <name>PORT1_IRQHandler</name>
         <value>0x9cf1</value>
      </symbol>
      <symbol id="sm-11b2">
         <name>PORT2_IRQHandler</name>
         <value>0x9cf1</value>
      </symbol>
      <symbol id="sm-11b3">
         <name>PORT3_IRQHandler</name>
         <value>0x9cf1</value>
      </symbol>
      <symbol id="sm-11b4">
         <name>PORT4_IRQHandler</name>
         <value>0x9cf1</value>
      </symbol>
      <symbol id="sm-11b5">
         <name>PORT5_IRQHandler</name>
         <value>0x9cf1</value>
      </symbol>
      <symbol id="sm-11b6">
         <name>PORT6_IRQHandler</name>
         <value>0x9cf1</value>
      </symbol>
      <symbol id="sm-11b7">
         <name>remove</name>
         <value>0x9b39</value>
      </symbol>
   </symbol_table>
   <title>Link errors: red sections failed placement</title>
</link_info>
